###############################################################################
#
# IAR ELF Linker V8.20.1.14183/W32 for ARM                26/May/2019  16:18:47
# Copyright 2007-2017 IAR Systems AB.
#
#    Output file  =  
#        F:\projects\git\Hardware\rf433\code\HC32F005C6PA\EWARM\Debug\Exe\KEY_8.out
#    Map file     =  
#        F:\projects\git\Hardware\rf433\code\HC32F005C6PA\EWARM\Debug\List\KEY_8.map
#    Command line =  
#        -f C:\Users\zhang\AppData\Local\Temp\EWDEA8.tmp
#        (F:\projects\git\Hardware\rf433\code\HC32F005C6PA\EWARM\Debug\Obj\adc.o
#        F:\projects\git\Hardware\rf433\code\HC32F005C6PA\EWARM\Debug\Obj\adt.o
#        F:\projects\git\Hardware\rf433\code\HC32F005C6PA\EWARM\Debug\Obj\bt.o
#        F:\projects\git\Hardware\rf433\code\HC32F005C6PA\EWARM\Debug\Obj\clk.o
#        F:\projects\git\Hardware\rf433\code\HC32F005C6PA\EWARM\Debug\Obj\crc.o
#        F:\projects\git\Hardware\rf433\code\HC32F005C6PA\EWARM\Debug\Obj\ddl.o
#        F:\projects\git\Hardware\rf433\code\HC32F005C6PA\EWARM\Debug\Obj\flash.o
#        F:\projects\git\Hardware\rf433\code\HC32F005C6PA\EWARM\Debug\Obj\gpio.o
#        F:\projects\git\Hardware\rf433\code\HC32F005C6PA\EWARM\Debug\Obj\i2c.o
#        F:\projects\git\Hardware\rf433\code\HC32F005C6PA\EWARM\Debug\Obj\interrupts_hc32f005.o
#        F:\projects\git\Hardware\rf433\code\HC32F005C6PA\EWARM\Debug\Obj\lpm.o
#        F:\projects\git\Hardware\rf433\code\HC32F005C6PA\EWARM\Debug\Obj\lvd.o
#        F:\projects\git\Hardware\rf433\code\HC32F005C6PA\EWARM\Debug\Obj\main.o
#        F:\projects\git\Hardware\rf433\code\HC32F005C6PA\EWARM\Debug\Obj\pca.o
#        F:\projects\git\Hardware\rf433\code\HC32F005C6PA\EWARM\Debug\Obj\reset.o
#        F:\projects\git\Hardware\rf433\code\HC32F005C6PA\EWARM\Debug\Obj\spi.o
#        F:\projects\git\Hardware\rf433\code\HC32F005C6PA\EWARM\Debug\Obj\startup_hc32f005.o
#        F:\projects\git\Hardware\rf433\code\HC32F005C6PA\EWARM\Debug\Obj\system_hc32f005.o
#        F:\projects\git\Hardware\rf433\code\HC32F005C6PA\EWARM\Debug\Obj\trim.o
#        F:\projects\git\Hardware\rf433\code\HC32F005C6PA\EWARM\Debug\Obj\uart.o
#        F:\projects\git\Hardware\rf433\code\HC32F005C6PA\EWARM\Debug\Obj\vc.o
#        F:\projects\git\Hardware\rf433\code\HC32F005C6PA\EWARM\Debug\Obj\wdt.o
#        -o
#        F:\projects\git\Hardware\rf433\code\HC32F005C6PA\EWARM\Debug\Exe\KEY_8.out
#        --map
#        F:\projects\git\Hardware\rf433\code\HC32F005C6PA\EWARM\Debug\List\KEY_8.map
#        --config
#        F:\projects\git\Hardware\rf433\code\HC32F005C6PA\EWARM\hc32f005.icf
#        --semihosting --entry __iar_program_start --vfe --text_out locale)
#
###############################################################################

*******************************************************************************
*** RUNTIME MODEL ATTRIBUTES
***

CppFlavor       = *
__SystemLibrary = DLib
__dlib_version  = 6


*******************************************************************************
*** HEAP SELECTION
***

The basic heap was selected because no calls to memory allocation
functions were found in the application outside of system library
functions, and there are calls to deallocation functions in the
application.


*******************************************************************************
*** PLACEMENT SUMMARY
***

"A0":  place at 0x00000000 { ro section .intvec };
"P1":  place in [from 0x00000000 to 0x00007fff] { ro };
define block CSTACK with size = 512, alignment = 8 { };
define block HEAP with size = 0M, alignment = 8 { };
"P2":  place in [from 0x20000000 to 0x20000fff] {
          rw, block CSTACK, block HEAP };
initialize by copy { rw };

  Section            Kind        Address   Size  Object
  -------            ----        -------   ----  ------
"A0":                                      0xc0
  .intvec            ro code  0x00000000   0xc0  startup_hc32f005.o [1]
                            - 0x000000c0   0xc0

"P1":                                     0xb00
  .text              ro code  0x000000c0  0x398  clk.o [1]
  .text              ro code  0x00000458  0x19c  adt.o [1]
  .text              ro code  0x000005f4  0x102  uart.o [1]
  .text              ro code  0x000006f6    0x2  startup_hc32f005.o [1]
  .text              ro code  0x000006f8   0xea  interrupts_hc32f005.o [1]
  .text              ro code  0x000007e2    0x2  startup_hc32f005.o [1]
  .text              ro code  0x000007e4   0x10  spi.o [1]
  .text              ro code  0x000007f4   0x10  i2c.o [1]
  .text              ro code  0x00000804   0x38  bt.o [1]
  .text              ro code  0x0000083c   0x10  pca.o [1]
  .text              ro code  0x0000084c   0x44  wdt.o [1]
  .text              ro code  0x00000890   0xac  adc.o [1]
  .text              ro code  0x0000093c   0x68  vc.o [1]
  .text              ro code  0x000009a4   0x28  lvd.o [1]
  .text              ro code  0x000009cc   0x10  flash.o [1]
  .text              ro code  0x000009dc   0x10  trim.o [1]
  .text              ro code  0x000009ec   0x44  system_hc32f005.o [1]
  .text              ro code  0x00000a30   0x18  ddl.o [1]
  .text              ro code  0x00000a48   0x3c  zero_init3.o [4]
  .text              ro code  0x00000a84   0x3c  packbits_init_single.o [4]
  .text              ro code  0x00000ac0   0x28  startup_hc32f005.o [1]
  .text              ro code  0x00000ae8   0x28  data_init.o [4]
  .iar.init_table    const    0x00000b10   0x20  - Linker created -
  .text              ro code  0x00000b30   0x1e  cmain.o [4]
  .text              ro code  0x00000b4e    0x4  low_level_init.o [3]
  .text              ro code  0x00000b52    0x4  main.o [1]
  .text              ro code  0x00000b56    0x8  exit.o [3]
  .text              ro code  0x00000b5e    0x2  startup_hc32f005.o [1]
  .text              ro code  0x00000b60    0xa  cexit.o [4]
  .text              ro code  0x00000b6a    0x2  startup_hc32f005.o [1]
  .text              ro code  0x00000b6c   0x14  exit.o [5]
  .text              ro code  0x00000b80    0xc  cstartup_M.o [4]
  .rodata            const    0x00000b8c    0x8  clk.o [1]
  .rodata            const    0x00000b94    0x4  clk.o [1]
  .text              ro code  0x00000b98    0x2  startup_hc32f005.o [1]
  .text              ro code  0x00000b9a    0x2  startup_hc32f005.o [1]
  .text              ro code  0x00000b9c    0x2  startup_hc32f005.o [1]
  .text              ro code  0x00000b9e    0x2  startup_hc32f005.o [1]
  .text              ro code  0x00000ba0    0x2  startup_hc32f005.o [1]
  .text              ro code  0x00000ba2    0x2  startup_hc32f005.o [1]
  .text              ro code  0x00000ba4    0x2  startup_hc32f005.o [1]
  .text              ro code  0x00000ba6    0x2  startup_hc32f005.o [1]
  .text              ro code  0x00000ba8    0x2  startup_hc32f005.o [1]
  .text              ro code  0x00000baa    0x2  startup_hc32f005.o [1]
  .rodata            const    0x00000bac    0x0  zero_init3.o [4]
  .rodata            const    0x00000bac    0x0  packbits_init_single.o [4]
  Initializer bytes  const    0x00000bac   0x14  <for P2-1>
                            - 0x00000bc0  0xb00

"P2", part 1 of 3:                         0x2c
  P2-1                        0x20000000   0x2c  <Init block>
    .data            inited   0x20000000    0x4  system_hc32f005.o [1]
    .data            inited   0x20000004   0x28  uart.o [1]
                            - 0x2000002c   0x2c

"P2", part 2 of 3:                        0x100
  .bss               zero     0x2000002c   0xc0  adt.o [1]
  .bss               zero     0x200000ec   0x10  adc.o [1]
  .bss               zero     0x200000fc    0x4  bt.o [1]
  .bss               zero     0x20000100    0x4  bt.o [1]
  .bss               zero     0x20000104    0x4  bt.o [1]
  .bss               zero     0x20000108    0x4  flash.o [1]
  .bss               zero     0x2000010c    0x4  i2c.o [1]
  .bss               zero     0x20000110    0x4  lvd.o [1]
  .bss               zero     0x20000114    0x4  pca.o [1]
  .bss               zero     0x20000118    0x4  spi.o [1]
  .bss               zero     0x2000011c    0x4  trim.o [1]
  .bss               zero     0x20000120    0x4  vc.o [1]
  .bss               zero     0x20000124    0x4  vc.o [1]
  .bss               zero     0x20000128    0x4  wdt.o [1]
                            - 0x2000012c  0x100

"P2", part 3 of 3:                        0x200
  CSTACK                      0x20000130  0x200  <Block>
    CSTACK           uninit   0x20000130  0x200  <Block tail>
                            - 0x20000330  0x200


*******************************************************************************
*** INIT TABLE
***

          Address     Size
          -------     ----
Zero (__iar_zero_init3)
    1 destination range, total size 0x100:
          0x2000002c  0x100

Copy/packbits (__iar_packbits_init_single3)
    1 source range, total size 0x14 (45% of destination):
          0x00000bac   0x14
    1 destination range, total size 0x2c:
          0x20000000   0x2c



*******************************************************************************
*** MODULE SUMMARY
***

    Module                  ro code  ro data  rw data
    ------                  -------  -------  -------
F:\projects\git\Hardware\rf433\code\HC32F005C6PA\EWARM\Debug\Obj: [1]
    adc.o                       172                16
    adt.o                       412               192
    bt.o                         56                12
    clk.o                       920       12
    ddl.o                        24
    flash.o                      16                 4
    i2c.o                        16                 4
    interrupts_hc32f005.o       234
    lvd.o                        40                 4
    main.o                        4
    pca.o                        16                 4
    spi.o                        16                 4
    startup_hc32f005.o          260
    system_hc32f005.o            68        1        4
    trim.o                       16                 4
    uart.o                      258       19       40
    vc.o                        104                 8
    wdt.o                        68                 4
    -------------------------------------------------
    Total:                    2 700       32      300

command line: [2]
    -------------------------------------------------
    Total:

dl6M_tlf.a: [3]
    exit.o                        8
    low_level_init.o              4
    -------------------------------------------------
    Total:                       12

rt6M_tl.a: [4]
    cexit.o                      10
    cmain.o                      30
    cstartup_M.o                 12
    data_init.o                  40
    packbits_init_single.o       60
    zero_init3.o                 60
    -------------------------------------------------
    Total:                      212

shb_l.a: [5]
    exit.o                       20
    -------------------------------------------------
    Total:                       20

    Linker created                        32      512
-----------------------------------------------------
    Grand Total:              2 944       64      812


*******************************************************************************
*** ENTRY LIST
***

Entry                      Address   Size  Type      Object
-----                      -------   ----  ----      ------
.iar.init_table$$Base   0x00000b10          --   Gb  - Linker created -
.iar.init_table$$Limit  0x00000b30          --   Gb  - Linker created -
?main                   0x00000b31         Code  Gb  cmain.o [4]
Adc_IRQHandler          0x00000891   0x9e  Code  Gb  adc.o [1]
Adt_IRQHandler          0x00000459  0x18e  Code  Gb  adt.o [1]
CSTACK$$Base            0x20000130          --   Gb  - Linker created -
CSTACK$$Limit           0x20000330          --   Gb  - Linker created -
ClkTrim_IRQHandler      0x000009dd    0xa  Code  Gb  trim.o [1]
ClkUnlock               0x00000145    0xe  Code  Lc  clk.o [1]
ClkWriteDummy           0x00000153    0xe  Code  Lc  clk.o [1]
Clk_Enable              0x000002dd   0xb2  Code  Gb  clk.o [1]
Clk_GetHClkFreq         0x00000161   0x88  Code  Gb  clk.o [1]
Clk_SetRCHFreq          0x00000209   0xa4  Code  Gb  clk.o [1]
Clk_SysTickConfig       0x00000395   0x9a  Code  Gb  clk.o [1]
EfRam_IRQHandler        0x000009cd    0xa  Code  Gb  flash.o [1]
HardFault_Handler       0x000006f9    0xe  Code  Gb  interrupts_hc32f005.o [1]
I2c_IRQHandler          0x000007f5    0xa  Code  Gb  i2c.o [1]
IRQ000_Handler          0x00000707    0xa  Code  Gb  interrupts_hc32f005.o [1]
IRQ001_Handler          0x00000711    0xa  Code  Gb  interrupts_hc32f005.o [1]
IRQ002_Handler          0x0000071b    0xa  Code  Gb  interrupts_hc32f005.o [1]
IRQ003_Handler          0x00000725    0xa  Code  Gb  interrupts_hc32f005.o [1]
IRQ006_Handler          0x0000072f    0xa  Code  Gb  interrupts_hc32f005.o [1]
IRQ007_Handler          0x00000739    0xa  Code  Gb  interrupts_hc32f005.o [1]
IRQ010_Handler          0x00000743    0xa  Code  Gb  interrupts_hc32f005.o [1]
IRQ012_Handler          0x0000074d    0xa  Code  Gb  interrupts_hc32f005.o [1]
IRQ014_Handler          0x00000757    0xa  Code  Gb  interrupts_hc32f005.o [1]
IRQ015_Handler          0x00000761    0xa  Code  Gb  interrupts_hc32f005.o [1]
IRQ016_Handler          0x0000076b    0xa  Code  Gb  interrupts_hc32f005.o [1]
IRQ018_Handler          0x00000775    0xa  Code  Gb  interrupts_hc32f005.o [1]
IRQ019_Handler          0x0000077f    0xa  Code  Gb  interrupts_hc32f005.o [1]
IRQ020_Handler          0x00000789    0xa  Code  Gb  interrupts_hc32f005.o [1]
IRQ021_Handler          0x00000793    0xa  Code  Gb  interrupts_hc32f005.o [1]
IRQ022_Handler          0x0000079d    0xa  Code  Gb  interrupts_hc32f005.o [1]
IRQ024_Handler          0x000007a7    0xa  Code  Gb  interrupts_hc32f005.o [1]
IRQ026_Handler          0x000007b1    0xa  Code  Gb  interrupts_hc32f005.o [1]
IRQ027_Handler          0x000007bb    0xa  Code  Gb  interrupts_hc32f005.o [1]
IRQ028_Handler          0x000007c5    0xa  Code  Gb  interrupts_hc32f005.o [1]
IRQ030_Handler          0x000007cf    0xa  Code  Gb  interrupts_hc32f005.o [1]
IRQ031_Handler          0x000007d9    0xa  Code  Gb  interrupts_hc32f005.o [1]
Lvd_IRQHandler          0x000009a5   0x1e  Code  Gb  lvd.o [1]
NVIC_SetPriority        0x000000c1   0x84  Code  Lc  clk.o [1]
Pca_IRQHandler          0x0000083d    0xa  Code  Gb  pca.o [1]
Region$$Table$$Base     0x00000b10          --   Gb  - Linker created -
Region$$Table$$Limit    0x00000b30          --   Gb  - Linker created -
Spi_IRQHandler          0x000007e5    0xa  Code  Gb  spi.o [1]
SystemCoreClock         0x20000000    0x4  Data  Gb  system_hc32f005.o [1]
SystemCoreClockUpdate   0x000009ed    0xc  Code  Gb  system_hc32f005.o [1]
SystemInit              0x000009f9   0x2e  Code  Gb  system_hc32f005.o [1]
Tim_IRQHandler          0x00000805   0x2a  Code  Gb  bt.o [1]
UartGetInternDataPtr    0x000005f5   0x30  Code  Lc  uart.o [1]
Uart_ClrStatus          0x0000062d   0x52  Code  Gb  uart.o [1]
Uart_IRQHandler         0x0000067f   0x78  Code  Gb  uart.o [1]
Vc_IRQHandler           0x0000093d   0x5c  Code  Gb  vc.o [1]
Wdt_IRQHandler          0x00000861   0x24  Code  Gb  wdt.o [1]
Wdt_Start               0x0000084d   0x14  Code  Gb  wdt.o [1]
__cmain                 0x00000b31         Code  Gb  cmain.o [4]
__exit                  0x00000b6d   0x14  Code  Gb  exit.o [5]
__iar_data_init3        0x00000ae9   0x28  Code  Gb  data_init.o [4]
__iar_packbits_init_single3
                        0x00000a85   0x3c  Code  Gb  packbits_init_single.o [4]
__iar_program_start     0x00000b81         Code  Gb  cstartup_M.o [4]
__iar_systems$$module {Abs}
                        0x00000001         Data  Gb  command line/config [2]
__iar_zero_init3        0x00000a49   0x3c  Code  Gb  zero_init3.o [4]
__low_level_init        0x00000b4f    0x4  Code  Gb  low_level_init.o [3]
__vector_table          0x00000000         Data  Gb  startup_hc32f005.o [1]
_call_main              0x00000b3d         Code  Gb  cmain.o [4]
_exit                   0x00000b61         Code  Gb  cexit.o [4]
_main                   0x00000b4b         Code  Gb  cmain.o [4]
ddl_memclr              0x00000a31   0x18  Code  Gb  ddl.o [1]
exit                    0x00000b57    0x8  Code  Gb  exit.o [3]
m_astcUartInstanceDataLut
                        0x20000004   0x28  Data  Lc  uart.o [1]
main                    0x00000b53    0x4  Code  Gb  main.o [1]
pfnAdtIrqCbk            0x2000002c   0xc0  Data  Lc  adt.o [1]
pfnFlashCallback        0x20000108    0x4  Data  Lc  flash.o [1]
pfnI2ctCallback         0x2000010c    0x4  Data  Lc  i2c.o [1]
pfnLvdIrqCbk            0x20000110    0x4  Data  Lc  lvd.o [1]
pfnPcaCallback          0x20000114    0x4  Data  Lc  pca.o [1]
pfnSpiCallback          0x20000118    0x4  Data  Lc  spi.o [1]
pfnTim0Callback         0x200000fc    0x4  Data  Lc  bt.o [1]
pfnTim1Callback         0x20000100    0x4  Data  Lc  bt.o [1]
pfnTim2Callback         0x20000104    0x4  Data  Lc  bt.o [1]
pfnTrimCallback         0x2000011c    0x4  Data  Lc  trim.o [1]
pfnVc0IrqCb             0x20000120    0x4  Data  Lc  vc.o [1]
pfnVc1IrqCb             0x20000124    0x4  Data  Lc  vc.o [1]
pfnWdtCallback          0x20000128    0x4  Data  Lc  wdt.o [1]
stcAdcIrqCalbaks        0x200000ec   0x10  Data  Lc  adc.o [1]


[1] = F:\projects\git\Hardware\rf433\code\HC32F005C6PA\EWARM\Debug\Obj
[2] = command line
[3] = dl6M_tlf.a
[4] = rt6M_tl.a
[5] = shb_l.a

  2 944 bytes of readonly  code memory
     64 bytes of readonly  data memory
    812 bytes of readwrite data memory

Errors: none
Warnings: none
