<html>
<body>
<pre>
<h1>礦ision Build Log</h1>
<h2>Tool Versions:</h2>
IDE-Version: μVision V5.25.2.0
Copyright (C) 2018 ARM Ltd and ARM Germany GmbH. All rights reserved.
License Information: z Microsoft, Microsoft, LIC=R4HY8-37ILR-D3SM3-AP1XG-A8NH9-F2FG6
 
Tool Versions:
Toolchain:       MDK-ARM Professional  Version: 5.25.2.0
Toolchain Path:  C:\Keil_v6\ARM\ARMCC\Bin
C Compiler:      Armcc.exe V5.06 update 6 (build 750)
Assembler:       Armasm.exe V5.06 update 6 (build 750)
Linker/Locator:  ArmLink.exe V5.06 update 6 (build 750)
Library Manager: ArmAr.exe V5.06 update 6 (build 750)
Hex Converter:   FromElf.exe V5.06 update 6 (build 750)
CPU DLL:         SARMCM3.DLL V5.25.2.0
Dialog DLL:      DARMCM1.DLL V1.19.1.0
Target DLL:      STLink\ST-LINKIII-KEIL_SWO.dll V3.0.1.0
Dialog DLL:      TARMCM1.DLL V1.14.0.0
 
<h2>Project:</h2>
D:\projects\prj\18\Car Position\code\Hardware\RF_433MHz\cc1121\MDK-ARM\RF_0913_F042F6P6_ID.uvprojx
Project File Date:  07/08/2018

<h2>Output:</h2>
*** Using Compiler 'V5.06 update 6 (build 750)', folder: 'C:\Keil_v6\ARM\ARMCC\Bin'
Build target 'RF_0913_F042F6P6_ID'
compiling stm32f0xx_hal_msp.c...
compiling stm32f0xx_it.c...
compiling main.c...
compiling crc.c...
compiling flash.c...
compiling RF_parameter_setting.c...
compiling si4463_gpio.c...
..\Src\si4463_gpio.c(30): warning:  #223-D: function "delay_us" declared implicitly
      delay_us(200);
..\Src\si4463_gpio.c: 1 warning, 0 errors
compiling hac_crc16l.c...
compiling systime.c...
assembling startup_stm32f030x6.s...
compiling xz_cc1121_init.c...
..\Src\xz_cc1121_init.c(322): warning:  #223-D: function "memset" declared implicitly
      memset(RF_RECEIVE_DATA.rf_receive_data_buff,0,sizeof(RF_RECEIVE_DATA.rf_receive_data_buff));
..\Src\xz_cc1121_init.c: 1 warning, 0 errors
compiling xz_spi.c...
..\Src\xz_spi.c(40): warning:  #177-D: variable "i"  was declared but never referenced
  	unsigned char i;  //这是使用uint8_least,作用是在不同的平台下，以最快的变量类型进行循环运算
..\Src\xz_spi.c: 1 warning, 0 errors
compiling system_stm32f0xx.c...
compiling stm32f0xx_hal_uart.c...
compiling stm32f0xx_hal.c...
compiling stm32f0xx_hal_spi_ex.c...
compiling stm32f0xx_hal_rcc_ex.c...
compiling stm32f0xx_hal_i2c.c...
compiling stm32f0xx_hal_cortex.c...
compiling stm32f0xx_hal_flash_ex.c...
compiling stm32f0xx_hal_dma.c...
compiling stm32f0xx_hal_gpio.c...
compiling stm32f0xx_hal_spi.c...
compiling stm32f0xx_hal_pwr.c...
compiling stm32f0xx_hal_tim_ex.c...
compiling stm32f0xx_hal_i2c_ex.c...
compiling stm32f0xx_hal_tim.c...
compiling stm32f0xx_hal_flash.c...
compiling stm32f0xx_hal_rcc.c...
compiling stm32f0xx_hal_pwr_ex.c...
compiling stm32f0xx_hal_uart_ex.c...
linking...
Program Size: Code=7880 RO-data=404 RW-data=52 ZI-data=1404  
"RF_0913_F042F6P6_ID\RF_0913_F042F6P6_ID.axf" - 0 Error(s), 3 Warning(s).

<h2>Software Packages used:</h2>

Package Vendor: ARM
                http://www.keil.com/pack/ARM.CMSIS.5.3.0.pack
                ARM.CMSIS.5.3.0
                CMSIS (Cortex Microcontroller Software Interface Standard)
   * Component: CORE Version: 5.1.1

Package Vendor: Keil
                http://www.keil.com/pack/Keil.STM32F0xx_DFP.2.0.0.pack
                Keil.STM32F0xx_DFP.2.0.0
                STMicroelectronics STM32F0 Series Device Support, Drivers and Examples

<h2>Collection of Component include folders:</h2>
  .\RTE\_RF_0913_F042F6P6_ID
  C:\Keil_v6\ARM\PACK\ARM\CMSIS\5.3.0\CMSIS\Include
  C:\Keil_v6\ARM\PACK\Keil\STM32F0xx_DFP\2.0.0\Drivers\CMSIS\Device\ST\STM32F0xx\Include

<h2>Collection of Component Files used:</h2>

   * Component: ARM::CMSIS:CORE:5.1.1
Build Time Elapsed:  00:00:26
</pre>
</body>
</html>
