<html>
<body>
<pre>
<h1>礦ision Build Log</h1>
<h2>Tool Versions:</h2>
IDE-Version: μVision V5.25.2.0
Copyright (C) 2018 ARM Ltd and ARM Germany GmbH. All rights reserved.
License Information: z Microsoft, Microsoft, LIC=R4HY8-37ILR-D3SM3-AP1XG-A8NH9-F2FG6
 
Tool Versions:
Toolchain:       MDK-ARM Professional  Version: 5.25.2.0
Toolchain Path:  C:\Keil_v6\ARM\ARMCC\Bin
C Compiler:      Armcc.exe V5.06 update 6 (build 750)
Assembler:       Armasm.exe V5.06 update 6 (build 750)
Linker/Locator:  ArmLink.exe V5.06 update 6 (build 750)
Library Manager: ArmAr.exe V5.06 update 6 (build 750)
Hex Converter:   FromElf.exe V5.06 update 6 (build 750)
CPU DLL:         SARMCM3.DLL V5.25.2.0
Dialog DLL:      DCM.DLL V1.17.1.0
Target DLL:      Segger\JL2CM3.dll V2.99.29.0
Dialog DLL:      TCM.DLL V1.35.1.0
 
<h2>Project:</h2>
D:\projects\prj\18\Car Position\code\Hardware\car\Control_Board_433_V1.1\MDK-ARM\Control_Board_433.uvprojx
Project File Date:  08/15/2018

<h2>Output:</h2>
*** Using Compiler 'V5.06 update 6 (build 750)', folder: 'C:\Keil_v6\ARM\ARMCC\Bin'
Build target 'Control_Board_433'
assembling startup_stm32f427xx.s...
compiling main.c...
compiling system_stm32f4xx.c...
compiling stm32f4xx_it.c...
compiling stm32f4xx_hal_adc.c...
compiling stm32f4xx_hal_adc_ex.c...
compiling stm32f4xx_hal_msp.c...
compiling stm32f4xx_hal_tim_ex.c...
compiling stm32f4xx_hal_spi.c...
compiling stm32f4xx_hal_tim.c...
compiling stm32f4xx_hal_uart.c...
compiling stm32f4xx_hal_rcc_ex.c...
compiling stm32f4xx_hal_rcc.c...
compiling stm32f4xx_hal_flash_ex.c...
compiling stm32f4xx_hal_flash.c...
compiling stm32f4xx_hal_flash_ramfunc.c...
compiling stm32f4xx_hal_gpio.c...
compiling stm32f4xx_hal_dma_ex.c...
compiling stm32f4xx_hal_dma.c...
compiling stm32f4xx_hal_cortex.c...
compiling stm32f4xx_hal_pwr_ex.c...
compiling stm32f4xx_hal_pwr.c...
compiling stm32f4xx_hal.c...
compiling ds18b20.c...
..\Src\HAL\ds18b20.c(22): warning:  #550-D: variable "presence"  was set but never used
     unsigned char 	presence;
..\Src\HAL\ds18b20.c(48): warning:  #940-D: missing return statement at end of non-void function "DS18B20_Check" 
  }
..\Src\HAL\ds18b20.c(128): warning:  #940-D: missing return statement at end of non-void function "DS18B20_Init" 
  }
..\Src\HAL\ds18b20.c: 3 warnings, 0 errors
compiling SIM7600SA.c...
..\Src\HAL\SIM7600SA.c(407): warning:  #940-D: missing return statement at end of non-void function "SIMCOM_Get_NetOpen_Staus" 
  }
..\Src\HAL\SIM7600SA.c: 1 warning, 0 errors
compiling GPS_analysis.c...
..\Src\HAL\GPS_analysis.c(350): warning:  #167-D: argument of type "unsigned char *" is incompatible with parameter of type "char *"
  				speed_tmp = Get_Float_Number(&buf[GetComma(7, buf)]); //速度(单位：海里/时)
..\Src\HAL\GPS_analysis.c(351): warning:  #1035-D: single-precision operand implicitly converted to double-precision
  				speed = speed_tmp * 1.85; //1海里=1.85公里
..\Src\HAL\GPS_analysis.c(357): warning:  #167-D: argument of type "unsigned char *" is incompatible with parameter of type "char *"
  				direction = Get_Float_Number(&buf[GetComma(8, buf)]); //角度
..\Src\HAL\GPS_analysis.c(366): warning:  #1035-D: single-precision operand implicitly converted to double-precision
  				tmp2=tmp2/100.0;
..\Src\HAL\GPS_analysis.c(408): warning:  #167-D: argument of type "unsigned char *" is incompatible with parameter of type "char *"
  				tmp=GetColon(1, buf);
..\Src\HAL\GPS_analysis.c(427): warning:  #167-D: argument of type "unsigned char *" is incompatible with parameter of type "char *"
  				speed_tmp = Get_Float_Number(&buf[tmp]); //速度(单位：海里/时)
..\Src\HAL\GPS_analysis.c(428): warning:  #1035-D: single-precision operand implicitly converted to double-precision
  				speed_tmp = speed_tmp * 1.85; //1海里=1.85公里
..\Src\HAL\GPS_analysis.c(437): warning:  #167-D: argument of type "unsigned char *" is incompatible with parameter of type "char *"
  				direction = Get_Float_Number2(&buf[tmp]); //角度
..\Src\HAL\GPS_analysis.c(445): warning:  #1035-D: single-precision operand implicitly converted to double-precision
  				tmp2=tmp2/100.0;
..\Src\HAL\GPS_analysis.c: 9 warnings, 0 errors
compiling CRC.c...
compiling m25p64.c...
..\Src\HAL\m25p64.c(472): warning:  #550-D: variable "crc_result"  was set but never used
      unsigned char crc_result;
..\Src\HAL\m25p64.c(510): warning:  #940-D: missing return statement at end of non-void function "M25PXX_Erase_Head" 
  }
..\Src\HAL\m25p64.c: 2 warnings, 0 errors
compiling LTE_Analysis.c...
..\Src\HAL\LTE_Analysis.c(25): warning:  #223-D: function "CRC_decode" declared implicitly
  		if(CRC_decode(&pbuff[2],dev_info.len)==1)
..\Src\HAL\LTE_Analysis.c(9): warning:  #177-D: variable "sum_crc"  was declared but never referenced
  	unsigned int sum_crc=0;
..\Src\HAL\LTE_Analysis.c(10): warning:  #177-D: variable "i"  was declared but never referenced
  	unsigned int i;
..\Src\HAL\LTE_Analysis.c: 3 warnings, 0 errors
compiling UART_Process.c...
compiling RF_Process.c...
..\Src\HAL\RF_Process.c(14): warning:  #550-D: parameter "rf_info"  was set but never used
  unsigned char RF_Param(unsigned char *pbuff, RF_INFO_DEF rf_info)
..\Src\HAL\RF_Process.c: 1 warning, 0 errors
compiling EEPROM.c...
..\Src\HAL\EEPROM.c(14): warning:  #177-D: variable "EraseInitStruct"  was declared but never referenced
  static FLASH_EraseInitTypeDef EraseInitStruct;
..\Src\HAL\EEPROM.c: 1 warning, 0 errors
compiling Device_Info_Into_Flash.c...
compiling Module_Ctrl.c...
..\Src\HAL\Module_Ctrl.c(251): warning:  #940-D: missing return statement at end of non-void function "Re_Setting_Parameters" 
  }
..\Src\HAL\Module_Ctrl.c(404): warning:  #69-D: integer conversion resulted in truncation
  	LTE_TX_Buff[1]=Dev_Head;//data head to server
..\Src\HAL\Module_Ctrl.c(576): warning:  #940-D: missing return statement at end of non-void function "LTE_Heart" 
  }
..\Src\HAL\Module_Ctrl.c: 3 warnings, 0 errors
compiling systick_timer.c...
compiling BSP.c...
..\Src\BSP\BSP.c(651): warning:  #223-D: function "delay_ms" declared implicitly
  		delay_ms(10);
..\Src\BSP\BSP.c(658): warning:  #940-D: missing return statement at end of non-void function "PWR_KEY_Dectection" 
  }
..\Src\BSP\BSP.c: 2 warnings, 0 errors
compiling LTE_BSP.c...
compiling ds18b20_BSP.c...
compiling LED_BSP.c...
compiling Flash_BSP.c...
linking...
Program Size: Code=24880 RO-data=1064 RW-data=260 ZI-data=71364  
FromELF: creating hex file...
"Control_Board_433\Control_Board_433.axf" - 0 Error(s), 25 Warning(s).

<h2>Software Packages used:</h2>

Package Vendor: ARM
                http://www.keil.com/pack/ARM.CMSIS.5.3.0.pack
                ARM.CMSIS.5.3.0
                CMSIS (Cortex Microcontroller Software Interface Standard)
   * Component: CORE Version: 5.1.1

Package Vendor: Keil
                http://www.keil.com/pack/Keil.STM32F4xx_DFP.2.11.0.pack
                Keil.STM32F4xx_DFP.2.11.0
                STMicroelectronics STM32F4 Series Device Support, Drivers and Examples

<h2>Collection of Component include folders:</h2>
  .\RTE\_Control_Board_433
  C:\Keil_v6\ARM\PACK\ARM\CMSIS\5.3.0\CMSIS\Include
  C:\Keil_v6\ARM\PACK\Keil\STM32F4xx_DFP\2.11.0\Drivers\CMSIS\Device\ST\STM32F4xx\Include

<h2>Collection of Component Files used:</h2>

   * Component: ARM::CMSIS:CORE:5.1.1
Build Time Elapsed:  00:02:00
</pre>
</body>
</html>
