<html>
<body>
<pre>
<h1>礦ision Build Log</h1>
<h2>Tool Versions:</h2>
IDE-Version: μVision V5.14.0.0
Copyright (C) 2015 ARM Ltd and ARM Germany GmbH. All rights reserved.
License Information: z zm, z, LIC=HF801-C258J-78JFD-8ZWDP-ILF2G-2UC75
 
Tool Versions:
Toolchain:       MDK-ARM Professional  Version: 5.14.0.0
Toolchain Path:  C:\Keil_v5\ARM\ARMCC\Bin
C Compiler:      Armcc.exe V5.05 update 1 (build 106)
Assembler:       Armasm.exe V5.05 update 1 (build 106)
Linker/Locator:  ArmLink.exe V5.05 update 1 (build 106)
Library Manager: ArmAr.exe V5.05 update 1 (build 106)
Hex Converter:   FromElf.exe V5.05 update 1 (build 106)
CPU DLL:         SARMCM3.DLL V5.14.0.0
Dialog DLL:      DARMCM1.DLL V1.12.0.0
Target DLL:      Segger\JL2CM3.dll V2.99.13.0
Dialog DLL:      TARMCM1.DLL V1.9.0.0
 
<h2>Project:</h2>
E:\projects\项目\15-16\RF\RF_0913_F042F6P6_ID\MDK-ARM\RF_0913_F042F6P6_ID.uvprojx
Project File Date:  04/15/2017

<h2>Output:</h2>
Rebuild target 'RF_0913_F042F6P6'
compiling stm32f0xx_hal_tim_ex.c...
compiling stm32f0xx_hal_pwr.c...
compiling stm32f0xx_hal_rcc.c...
compiling stm32f0xx_hal.c...
compiling stm32f0xx_hal_pwr_ex.c...
compiling stm32f0xx_hal_tim.c...
compiling stm32f0xx_hal_flash.c...
compiling stm32f0xx_hal_dma.c...
compiling stm32f0xx_hal_flash_ex.c...
compiling stm32f0xx_hal_cortex.c...
compiling stm32f0xx_hal_spi.c...
compiling stm32f0xx_hal_gpio.c...
compiling stm32f0xx_hal_iwdg.c...
compiling stm32f0xx_hal_rcc_ex.c...
compiling stm32f0xx_hal_i2c.c...
compiling stm32f0xx_hal_uart.c...
compiling stm32f0xx_hal_uart_ex.c...
compiling stm32f0xx_hal_spi_ex.c...
compiling stm32f0xx_hal_i2c_ex.c...
compiling main.c...
compiling stm32f0xx_hal_msp.c...
compiling stm32f0xx_it.c...
compiling flash.c...
compiling RF_parameter_setting.c...
compiling si4463.c...
compiling si4463_gpio.c...
compiling systime.c...
compiling system_stm32f0xx.c...
assembling startup_stm32f042x6.s...
linking...
Program Size: Code=17480 RO-data=440 RW-data=184 ZI-data=5728  
FromELF: creating hex file...
"..\RF_0913_F042F6P6.axf" - 0 Error(s), 0 Warning(s).

<h2>Software Packages used:</h2>

Package Vendor: ARM
                http://www.keil.com/pack/ARM.CMSIS.4.2.0.pack
                ARM::CMSIS:CORE:3.40.0
                CMSIS (Cortex Microcontroller Software Interface Standard)
   * Component: CORE Version: 3.40.0

<h2>Collection of Component include folders:</h2>
  E:\projects\项目\15-16\RF\RF_0913_F042F6P6_ID\MDK-ARM\RTE
  C:\Keil_v5\ARM\PACK\ARM\CMSIS\4.2.0\CMSIS\Include
  C:\Keil_v5\ARM\PACK\Keil\STM32F0xx_DFP\1.4.0\Device\Include

<h2>Collection of Component Files used:</h2>

   * Component: ARM::CMSIS:CORE:3.40.0
      Source file:   CMSIS\UserCodeTemplates\ARM\ITM_Retarget.c
</pre>
</body>
</html>
