<html>
<body>
<pre>
<h1>礦ision Build Log</h1>
<h2>Project:</h2>
E:\Boards\M3\核心板\实验例程\6.RTC_test_实时时钟\RTC.uvproj
Project File Date:  <unknown>

<h2>Output:</h2>
Build target 'RTC'
creating preprocessor file for main.c...
compiling main.c...
assembling STM32F10x.s...
creating preprocessor file for stm32f10x_it.c...
compiling stm32f10x_it.c...
linking...
Program Size: Code=3548 RO-data=356 RW-data=20 ZI-data=516  
FromELF: creating hex file...
".\output\release.axf" - 0 Error(s), 0 Warning(s).
creating preprocessor file for stm32f10x_it.c...
compiling stm32f10x_it.c...
stm32f10x_it.c - 0 Error(s), 0 Warning(s).
Build target 'RTC'
creating preprocessor file for main.c...
compiling main.c...
assembling STM32F10x.s...
creating preprocessor file for stm32f10x_it.c...
compiling stm32f10x_it.c...
linking...
Program Size: Code=3548 RO-data=356 RW-data=20 ZI-data=516  
FromELF: creating hex file...
".\output\release.axf" - 0 Error(s), 0 Warning(s).
