Component: ARM Compiler 5.06 update 4 (build 422) Tool: armlink [4d35d2]

==============================================================================

Section Cross References

    startup_stm32f10x_hd.o(RESET) refers to startup_stm32f10x_hd.o(STACK) for __initial_sp
    startup_stm32f10x_hd.o(RESET) refers to startup_stm32f10x_hd.o(.text) for Reset_Handler
    startup_stm32f10x_hd.o(RESET) refers to stm32f10x_it.o(i.SysTick_Handler) for SysTick_Handler
    startup_stm32f10x_hd.o(RESET) refers to stm32f10x_it.o(i.EXTI0_IRQHandler) for EXTI0_IRQHandler
    startup_stm32f10x_hd.o(RESET) refers to stm32f10x_it.o(i.EXTI1_IRQHandler) for EXTI1_IRQHandler
    startup_stm32f10x_hd.o(RESET) refers to stm32f10x_it.o(i.EXTI2_IRQHandler) for EXTI2_IRQHandler
    startup_stm32f10x_hd.o(RESET) refers to stm32f10x_it.o(i.EXTI3_IRQHandler) for EXTI3_IRQHandler
    startup_stm32f10x_hd.o(RESET) refers to stm32f10x_it.o(i.EXTI4_IRQHandler) for EXTI4_IRQHandler
    startup_stm32f10x_hd.o(RESET) refers to stm32f10x_it.o(i.EXTI9_5_IRQHandler) for EXTI9_5_IRQHandler
    startup_stm32f10x_hd.o(RESET) refers to stm32f10x_it.o(i.TIM1_BRK_IRQHandler) for TIM1_BRK_IRQHandler
    startup_stm32f10x_hd.o(RESET) refers to stm32f10x_it.o(i.TIM1_UP_IRQHandler) for TIM1_UP_IRQHandler
    startup_stm32f10x_hd.o(RESET) refers to stm32f10x_it.o(i.TIM1_TRG_COM_IRQHandler) for TIM1_TRG_COM_IRQHandler
    startup_stm32f10x_hd.o(RESET) refers to stm32f10x_it.o(i.TIM1_CC_IRQHandler) for TIM1_CC_IRQHandler
    startup_stm32f10x_hd.o(RESET) refers to stm32f10x_it.o(i.TIM2_IRQHandler) for TIM2_IRQHandler
    startup_stm32f10x_hd.o(RESET) refers to stm32f10x_it.o(i.TIM3_IRQHandler) for TIM3_IRQHandler
    startup_stm32f10x_hd.o(RESET) refers to stm32f10x_it.o(i.TIM4_IRQHandler) for TIM4_IRQHandler
    startup_stm32f10x_hd.o(RESET) refers to stm32f10x_it.o(i.EXTI15_10_IRQHandler) for EXTI15_10_IRQHandler
    startup_stm32f10x_hd.o(RESET) refers to stm32f10x_it.o(i.TIM5_IRQHandler) for TIM5_IRQHandler
    startup_stm32f10x_hd.o(RESET) refers to stm32f10x_it.o(i.TIM6_IRQHandler) for TIM6_IRQHandler
    startup_stm32f10x_hd.o(.text) refers to entry.o(.ARM.Collect$$$$00000000) for __main
    stm32f10x_adc.o(i.ADC_DeInit) refers to stm32f10x_rcc.o(i.RCC_APB2PeriphResetCmd) for RCC_APB2PeriphResetCmd
    stm32f10x_bkp.o(i.BKP_DeInit) refers to stm32f10x_rcc.o(i.RCC_BackupResetCmd) for RCC_BackupResetCmd
    stm32f10x_can.o(i.CAN_DeInit) refers to stm32f10x_rcc.o(i.RCC_APB1PeriphResetCmd) for RCC_APB1PeriphResetCmd
    stm32f10x_can.o(i.CAN_GetITStatus) refers to stm32f10x_can.o(i.CheckITStatus) for CheckITStatus
    stm32f10x_cec.o(i.CEC_DeInit) refers to stm32f10x_rcc.o(i.RCC_APB1PeriphResetCmd) for RCC_APB1PeriphResetCmd
    stm32f10x_dac.o(i.DAC_DeInit) refers to stm32f10x_rcc.o(i.RCC_APB1PeriphResetCmd) for RCC_APB1PeriphResetCmd
    stm32f10x_flash.o(i.FLASH_EnableWriteProtection) refers to stm32f10x_flash.o(i.FLASH_WaitForLastOperation) for FLASH_WaitForLastOperation
    stm32f10x_flash.o(i.FLASH_EraseAllBank1Pages) refers to stm32f10x_flash.o(i.FLASH_WaitForLastBank1Operation) for FLASH_WaitForLastBank1Operation
    stm32f10x_flash.o(i.FLASH_EraseAllPages) refers to stm32f10x_flash.o(i.FLASH_WaitForLastOperation) for FLASH_WaitForLastOperation
    stm32f10x_flash.o(i.FLASH_EraseOptionBytes) refers to stm32f10x_flash.o(i.FLASH_GetReadOutProtectionStatus) for FLASH_GetReadOutProtectionStatus
    stm32f10x_flash.o(i.FLASH_EraseOptionBytes) refers to stm32f10x_flash.o(i.FLASH_WaitForLastOperation) for FLASH_WaitForLastOperation
    stm32f10x_flash.o(i.FLASH_ErasePage) refers to stm32f10x_flash.o(i.FLASH_WaitForLastOperation) for FLASH_WaitForLastOperation
    stm32f10x_flash.o(i.FLASH_ProgramHalfWord) refers to stm32f10x_flash.o(i.FLASH_WaitForLastOperation) for FLASH_WaitForLastOperation
    stm32f10x_flash.o(i.FLASH_ProgramOptionByteData) refers to stm32f10x_flash.o(i.FLASH_WaitForLastOperation) for FLASH_WaitForLastOperation
    stm32f10x_flash.o(i.FLASH_ProgramWord) refers to stm32f10x_flash.o(i.FLASH_WaitForLastOperation) for FLASH_WaitForLastOperation
    stm32f10x_flash.o(i.FLASH_ReadOutProtection) refers to stm32f10x_flash.o(i.FLASH_WaitForLastOperation) for FLASH_WaitForLastOperation
    stm32f10x_flash.o(i.FLASH_UserOptionByteConfig) refers to stm32f10x_flash.o(i.FLASH_WaitForLastOperation) for FLASH_WaitForLastOperation
    stm32f10x_flash.o(i.FLASH_WaitForLastBank1Operation) refers to stm32f10x_flash.o(i.FLASH_GetBank1Status) for FLASH_GetBank1Status
    stm32f10x_flash.o(i.FLASH_WaitForLastOperation) refers to stm32f10x_flash.o(i.FLASH_GetBank1Status) for FLASH_GetBank1Status
    stm32f10x_gpio.o(i.GPIO_AFIODeInit) refers to stm32f10x_rcc.o(i.RCC_APB2PeriphResetCmd) for RCC_APB2PeriphResetCmd
    stm32f10x_gpio.o(i.GPIO_DeInit) refers to stm32f10x_rcc.o(i.RCC_APB2PeriphResetCmd) for RCC_APB2PeriphResetCmd
    stm32f10x_i2c.o(i.I2C_DeInit) refers to stm32f10x_rcc.o(i.RCC_APB1PeriphResetCmd) for RCC_APB1PeriphResetCmd
[...]
    Removing stm32f10x_i2c.o(i.I2C_GetLastEvent), (26 bytes).
    Removing stm32f10x_i2c.o(i.I2C_GetPEC), (8 bytes).
    Removing stm32f10x_i2c.o(i.I2C_ITConfig), (18 bytes).
    Removing stm32f10x_i2c.o(i.I2C_Init), (236 bytes).
    Removing stm32f10x_i2c.o(i.I2C_NACKPositionConfig), (28 bytes).
    Removing stm32f10x_i2c.o(i.I2C_OwnAddress2Config), (22 bytes).
    Removing stm32f10x_i2c.o(i.I2C_PECPositionConfig), (28 bytes).
    Removing stm32f10x_i2c.o(i.I2C_ReadRegister), (22 bytes).
    Removing stm32f10x_i2c.o(i.I2C_ReceiveData), (8 bytes).
    Removing stm32f10x_i2c.o(i.I2C_SMBusAlertConfig), (28 bytes).
    Removing stm32f10x_i2c.o(i.I2C_Send7bitAddress), (18 bytes).
    Removing stm32f10x_i2c.o(i.I2C_SendData), (4 bytes).
    Removing stm32f10x_i2c.o(i.I2C_SoftwareResetCmd), (22 bytes).
    Removing stm32f10x_i2c.o(i.I2C_StretchClockCmd), (24 bytes).
    Removing stm32f10x_i2c.o(i.I2C_StructInit), (30 bytes).
    Removing stm32f10x_i2c.o(i.I2C_TransmitPEC), (24 bytes).
    Removing stm32f10x_iwdg.o(i.IWDG_Enable), (16 bytes).
    Removing stm32f10x_iwdg.o(i.IWDG_GetFlagStatus), (24 bytes).
    Removing stm32f10x_iwdg.o(i.IWDG_ReloadCounter), (16 bytes).
    Removing stm32f10x_iwdg.o(i.IWDG_SetPrescaler), (12 bytes).
    Removing stm32f10x_iwdg.o(i.IWDG_SetReload), (12 bytes).
    Removing stm32f10x_iwdg.o(i.IWDG_WriteAccessCmd), (12 bytes).
    Removing stm32f10x_pwr.o(i.PWR_BackupAccessCmd), (12 bytes).
    Removing stm32f10x_pwr.o(i.PWR_ClearFlag), (20 bytes).
    Removing stm32f10x_pwr.o(i.PWR_DeInit), (22 bytes).
    Removing stm32f10x_pwr.o(i.PWR_EnterSTANDBYMode), (52 bytes).
    Removing stm32f10x_pwr.o(i.PWR_EnterSTOPMode), (64 bytes).
    Removing stm32f10x_pwr.o(i.PWR_GetFlagStatus), (24 bytes).
    Removing stm32f10x_pwr.o(i.PWR_PVDCmd), (12 bytes).
    Removing stm32f10x_pwr.o(i.PWR_PVDLevelConfig), (24 bytes).
    Removing stm32f10x_pwr.o(i.PWR_WakeUpPinCmd), (12 bytes).
    Removing stm32f10x_rcc.o(i.RCC_ADCCLKConfig), (24 bytes).
    Removing stm32f10x_rcc.o(i.RCC_AHBPeriphClockCmd), (32 bytes).
    Removing stm32f10x_rcc.o(i.RCC_AdjustHSICalibrationValue), (24 bytes).
    Removing stm32f10x_rcc.o(i.RCC_BackupResetCmd), (12 bytes).
    Removing stm32f10x_rcc.o(i.RCC_ClearFlag), (20 bytes).
    Removing stm32f10x_rcc.o(i.RCC_ClearITPendingBit), (12 bytes).
    Removing stm32f10x_rcc.o(i.RCC_ClockSecuritySystemCmd), (12 bytes).
    Removing stm32f10x_rcc.o(i.RCC_DeInit), (76 bytes).
    Removing stm32f10x_rcc.o(i.RCC_GetClocksFreq), (220 bytes).
    Removing stm32f10x_rcc.o(i.RCC_GetFlagStatus), (60 bytes).
    Removing stm32f10x_rcc.o(i.RCC_GetITStatus), (24 bytes).
    Removing stm32f10x_rcc.o(i.RCC_GetSYSCLKSource), (16 bytes).
    Removing stm32f10x_rcc.o(i.RCC_HCLKConfig), (24 bytes).
    Removing stm32f10x_rcc.o(i.RCC_HSEConfig), (76 bytes).
    Removing stm32f10x_rcc.o(i.RCC_HSICmd), (12 bytes).
    Removing stm32f10x_rcc.o(i.RCC_ITConfig), (32 bytes).
    Removing stm32f10x_rcc.o(i.RCC_LSEConfig), (52 bytes).
    Removing stm32f10x_rcc.o(i.RCC_LSICmd), (12 bytes).
    Removing stm32f10x_rcc.o(i.RCC_MCOConfig), (12 bytes).
    Removing stm32f10x_rcc.o(i.RCC_PCLK1Config), (24 bytes).
    Removing stm32f10x_rcc.o(i.RCC_PCLK2Config), (24 bytes).
    Removing stm32f10x_rcc.o(i.RCC_PLLCmd), (12 bytes).
    Removing stm32f10x_rcc.o(i.RCC_PLLConfig), (28 bytes).
    Removing stm32f10x_rcc.o(i.RCC_RTCCLKCmd), (12 bytes).
    Removing stm32f10x_rcc.o(i.RCC_RTCCLKConfig), (16 bytes).
    Removing stm32f10x_rcc.o(i.RCC_SYSCLKConfig), (24 bytes).
    Removing stm32f10x_rcc.o(i.RCC_USBCLKConfig), (12 bytes).
    Removing stm32f10x_rcc.o(i.RCC_WaitForHSEStartUp), (56 bytes).
    Removing stm32f10x_rcc.o(.data), (20 bytes).
    Removing stm32f10x_rtc.o(i.RTC_ClearFlag), (16 bytes).
    Removing stm32f10x_rtc.o(i.RTC_ClearITPendingBit), (16 bytes).
    Removing stm32f10x_rtc.o(i.RTC_EnterConfigMode), (20 bytes).
    Removing stm32f10x_rtc.o(i.RTC_ExitConfigMode), (20 bytes).
    Removing stm32f10x_rtc.o(i.RTC_GetCounter), (20 bytes).
    Removing stm32f10x_rtc.o(i.RTC_GetDivider), (24 bytes).
    Removing stm32f10x_rtc.o(i.RTC_GetFlagStatus), (24 bytes).
    Removing stm32f10x_rtc.o(i.RTC_GetITStatus), (36 bytes).
    Removing stm32f10x_rtc.o(i.RTC_ITConfig), (32 bytes).
    Removing stm32f10x_rtc.o(i.RTC_SetAlarm), (28 bytes).
    Removing stm32f10x_rtc.o(i.RTC_SetCounter), (28 bytes).
    Removing stm32f10x_rtc.o(i.RTC_SetPrescaler), (32 bytes).
    Removing stm32f10x_rtc.o(i.RTC_WaitForLastTask), (20 bytes).
    Removing stm32f10x_rtc.o(i.RTC_WaitForSynchro), (36 bytes).
    Removing stm32f10x_sdio.o(i.SDIO_CEATAITCmd), (16 bytes).
    Removing stm32f10x_sdio.o(i.SDIO_ClearFlag), (12 bytes).
    Removing stm32f10x_sdio.o(i.SDIO_ClearITPendingBit), (12 bytes).
    Removing stm32f10x_sdio.o(i.SDIO_ClockCmd), (12 bytes).
    Removing stm32f10x_sdio.o(i.SDIO_CmdStructInit), (14 bytes).
    Removing stm32f10x_sdio.o(i.SDIO_CommandCompletionCmd), (12 bytes).
    Removing stm32f10x_sdio.o(i.SDIO_DMACmd), (12 bytes).
    Removing stm32f10x_sdio.o(i.SDIO_DataConfig), (48 bytes).
    Removing stm32f10x_sdio.o(i.SDIO_DataStructInit), (20 bytes).
    Removing stm32f10x_sdio.o(i.SDIO_DeInit), (36 bytes).
    Removing stm32f10x_sdio.o(i.SDIO_GetCommandResponse), (12 bytes).
    Removing stm32f10x_sdio.o(i.SDIO_GetDataCounter), (12 bytes).
    Removing stm32f10x_sdio.o(i.SDIO_GetFIFOCount), (12 bytes).
    Removing stm32f10x_sdio.o(i.SDIO_GetFlagStatus), (24 bytes).
    Removing stm32f10x_sdio.o(i.SDIO_GetITStatus), (24 bytes).
    Removing stm32f10x_sdio.o(i.SDIO_GetPowerState), (16 bytes).
    Removing stm32f10x_sdio.o(i.SDIO_GetResponse), (24 bytes).
    Removing stm32f10x_sdio.o(i.SDIO_ITConfig), (32 bytes).
    Removing stm32f10x_sdio.o(i.SDIO_Init), (48 bytes).
    Removing stm32f10x_sdio.o(i.SDIO_ReadData), (12 bytes).
    Removing stm32f10x_sdio.o(i.SDIO_SendCEATACmd), (12 bytes).
    Removing stm32f10x_sdio.o(i.SDIO_SendCommand), (44 bytes).
    Removing stm32f10x_sdio.o(i.SDIO_SendSDIOSuspendCmd), (12 bytes).
    Removing stm32f10x_sdio.o(i.SDIO_SetPowerState), (28 bytes).
    Removing stm32f10x_sdio.o(i.SDIO_SetSDIOOperation), (12 bytes).
    Removing stm32f10x_sdio.o(i.SDIO_SetSDIOReadWaitMode), (12 bytes).
    Removing stm32f10x_sdio.o(i.SDIO_StartSDIOReadWait), (12 bytes).
    Removing stm32f10x_sdio.o(i.SDIO_StopSDIOReadWait), (12 bytes).
    Removing stm32f10x_sdio.o(i.SDIO_StructInit), (16 bytes).
    Removing stm32f10x_sdio.o(i.SDIO_WriteData), (12 bytes).
    Removing stm32f10x_spi.o(i.I2S_Cmd), (24 bytes).
    Removing stm32f10x_spi.o(i.I2S_Init), (232 bytes).
    Removing stm32f10x_spi.o(i.I2S_StructInit), (20 bytes).
    Removing stm32f10x_spi.o(i.SPI_BiDirectionalLineConfig), (28 bytes).
    Removing stm32f10x_spi.o(i.SPI_CalculateCRC), (24 bytes).
    Removing stm32f10x_spi.o(i.SPI_Cmd), (24 bytes).
    Removing stm32f10x_spi.o(i.SPI_DataSizeConfig), (18 bytes).
    Removing stm32f10x_spi.o(i.SPI_GetCRC), (16 bytes).
    Removing stm32f10x_spi.o(i.SPI_GetCRCPolynomial), (6 bytes).
    Removing stm32f10x_spi.o(i.SPI_I2S_ClearFlag), (6 bytes).
    Removing stm32f10x_spi.o(i.SPI_I2S_ClearITPendingBit), (20 bytes).
    Removing stm32f10x_spi.o(i.SPI_I2S_DMACmd), (18 bytes).
    Removing stm32f10x_spi.o(i.SPI_I2S_DeInit), (88 bytes).
    Removing stm32f10x_spi.o(i.SPI_I2S_GetFlagStatus), (18 bytes).
    Removing stm32f10x_spi.o(i.SPI_I2S_GetITStatus), (52 bytes).
    Removing stm32f10x_spi.o(i.SPI_I2S_ITConfig), (32 bytes).
    Removing stm32f10x_spi.o(i.SPI_I2S_ReceiveData), (6 bytes).
    Removing stm32f10x_spi.o(i.SPI_I2S_SendData), (4 bytes).
    Removing stm32f10x_spi.o(i.SPI_Init), (60 bytes).
    Removing stm32f10x_spi.o(i.SPI_NSSInternalSoftwareConfig), (30 bytes).
    Removing stm32f10x_spi.o(i.SPI_SSOutputCmd), (24 bytes).
    Removing stm32f10x_spi.o(i.SPI_StructInit), (24 bytes).
    Removing stm32f10x_spi.o(i.SPI_TransmitCRC), (10 bytes).
    Removing stm32f10x_tim.o(i.TI1_Config), (128 bytes).
    Removing stm32f10x_tim.o(i.TI2_Config), (152 bytes).
    Removing stm32f10x_tim.o(i.TI3_Config), (144 bytes).
    Removing stm32f10x_tim.o(i.TI4_Config), (152 bytes).
    Removing stm32f10x_tim.o(i.TIM_BDTRConfig), (32 bytes).
    Removing stm32f10x_tim.o(i.TIM_BDTRStructInit), (18 bytes).
    Removing stm32f10x_tim.o(i.TIM_CCPreloadControl), (24 bytes).
    Removing stm32f10x_tim.o(i.TIM_CCxCmd), (30 bytes).
    Removing stm32f10x_tim.o(i.TIM_CCxNCmd), (30 bytes).
    Removing stm32f10x_tim.o(i.TIM_ClearITPendingBit), (6 bytes).
    Removing stm32f10x_tim.o(i.TIM_ClearOC1Ref), (18 bytes).
    Removing stm32f10x_tim.o(i.TIM_ClearOC2Ref), (24 bytes).
    Removing stm32f10x_tim.o(i.TIM_ClearOC3Ref), (18 bytes).
    Removing stm32f10x_tim.o(i.TIM_ClearOC4Ref), (24 bytes).
    Removing stm32f10x_tim.o(i.TIM_CounterModeConfig), (18 bytes).
    Removing stm32f10x_tim.o(i.TIM_CtrlPWMOutputs), (30 bytes).
    Removing stm32f10x_tim.o(i.TIM_DMACmd), (18 bytes).
    Removing stm32f10x_tim.o(i.TIM_DMAConfig), (10 bytes).
    Removing stm32f10x_tim.o(i.TIM_ETRClockMode1Config), (54 bytes).
    Removing stm32f10x_tim.o(i.TIM_ETRClockMode2Config), (32 bytes).
    Removing stm32f10x_tim.o(i.TIM_ETRConfig), (28 bytes).
    Removing stm32f10x_tim.o(i.TIM_EncoderInterfaceConfig), (66 bytes).
    Removing stm32f10x_tim.o(i.TIM_ForcedOC1Config), (18 bytes).
    Removing stm32f10x_tim.o(i.TIM_ForcedOC2Config), (26 bytes).
    Removing stm32f10x_tim.o(i.TIM_ForcedOC3Config), (18 bytes).
    Removing stm32f10x_tim.o(i.TIM_ForcedOC4Config), (26 bytes).
    Removing stm32f10x_tim.o(i.TIM_GenerateEvent), (4 bytes).
    Removing stm32f10x_tim.o(i.TIM_GetCapture1), (6 bytes).
    Removing stm32f10x_tim.o(i.TIM_GetCapture2), (6 bytes).
    Removing stm32f10x_tim.o(i.TIM_GetCapture3), (6 bytes).
    Removing stm32f10x_tim.o(i.TIM_GetCapture4), (8 bytes).
    Removing stm32f10x_tim.o(i.TIM_GetCounter), (6 bytes).
    Removing stm32f10x_tim.o(i.TIM_GetFlagStatus), (18 bytes).
    Removing stm32f10x_tim.o(i.TIM_GetITStatus), (34 bytes).
    Removing stm32f10x_tim.o(i.TIM_GetPrescaler), (6 bytes).
    Removing stm32f10x_tim.o(i.TIM_ICInit), (172 bytes).
    Removing stm32f10x_tim.o(i.TIM_ICStructInit), (18 bytes).
    Removing stm32f10x_tim.o(i.TIM_ITRxExternalClockConfig), (24 bytes).
    Removing stm32f10x_tim.o(i.TIM_InternalClockConfig), (12 bytes).
    Removing stm32f10x_tim.o(i.TIM_OC1FastConfig), (18 bytes).
    Removing stm32f10x_tim.o(i.TIM_OC1Init), (152 bytes).
    Removing stm32f10x_tim.o(i.TIM_OC1NPolarityConfig), (18 bytes).
    Removing stm32f10x_tim.o(i.TIM_OC1PolarityConfig), (18 bytes).
    Removing stm32f10x_tim.o(i.TIM_OC1PreloadConfig), (18 bytes).
    Removing stm32f10x_tim.o(i.TIM_OC2FastConfig), (26 bytes).
    Removing stm32f10x_tim.o(i.TIM_OC2Init), (164 bytes).
    Removing stm32f10x_tim.o(i.TIM_OC2NPolarityConfig), (26 bytes).
    Removing stm32f10x_tim.o(i.TIM_OC2PolarityConfig), (26 bytes).
    Removing stm32f10x_tim.o(i.TIM_OC2PreloadConfig), (26 bytes).
    Removing stm32f10x_tim.o(i.TIM_OC3FastConfig), (18 bytes).
    Removing stm32f10x_tim.o(i.TIM_OC3Init), (160 bytes).
    Removing stm32f10x_tim.o(i.TIM_OC3NPolarityConfig), (26 bytes).
    Removing stm32f10x_tim.o(i.TIM_OC3PolarityConfig), (26 bytes).
    Removing stm32f10x_tim.o(i.TIM_OC3PreloadConfig), (18 bytes).
    Removing stm32f10x_tim.o(i.TIM_OC4FastConfig), (26 bytes).
    Removing stm32f10x_tim.o(i.TIM_OC4Init), (124 bytes).
    Removing stm32f10x_tim.o(i.TIM_OC4PolarityConfig), (26 bytes).
    Removing stm32f10x_tim.o(i.TIM_OC4PreloadConfig), (26 bytes).
    Removing stm32f10x_tim.o(i.TIM_OCStructInit), (20 bytes).
    Removing stm32f10x_tim.o(i.TIM_PWMIConfig), (124 bytes).
    Removing stm32f10x_tim.o(i.TIM_PrescalerConfig), (6 bytes).
    Removing stm32f10x_tim.o(i.TIM_SelectCCDMA), (24 bytes).
    Removing stm32f10x_tim.o(i.TIM_SelectCOM), (24 bytes).
    Removing stm32f10x_tim.o(i.TIM_SelectHallSensor), (24 bytes).
    Removing stm32f10x_tim.o(i.TIM_SelectInputTrigger), (18 bytes).
    Removing stm32f10x_tim.o(i.TIM_SelectMasterSlaveMode), (18 bytes).
    Removing stm32f10x_tim.o(i.TIM_SelectOCxM), (82 bytes).
    Removing stm32f10x_tim.o(i.TIM_SelectOnePulseMode), (18 bytes).
    Removing stm32f10x_tim.o(i.TIM_SelectOutputTrigger), (18 bytes).
    Removing stm32f10x_tim.o(i.TIM_SelectSlaveMode), (18 bytes).
    Removing stm32f10x_tim.o(i.TIM_SetAutoreload), (4 bytes).
    Removing stm32f10x_tim.o(i.TIM_SetClockDivision), (18 bytes).
    Removing stm32f10x_tim.o(i.TIM_SetCompare1), (4 bytes).
    Removing stm32f10x_tim.o(i.TIM_SetCompare2), (4 bytes).
    Removing stm32f10x_tim.o(i.TIM_SetCompare3), (4 bytes).
    Removing stm32f10x_tim.o(i.TIM_SetCompare4), (6 bytes).
    Removing stm32f10x_tim.o(i.TIM_SetCounter), (4 bytes).
    Removing stm32f10x_tim.o(i.TIM_SetIC1Prescaler), (18 bytes).
    Removing stm32f10x_tim.o(i.TIM_SetIC2Prescaler), (26 bytes).
    Removing stm32f10x_tim.o(i.TIM_SetIC3Prescaler), (18 bytes).
    Removing stm32f10x_tim.o(i.TIM_SetIC4Prescaler), (26 bytes).
    Removing stm32f10x_tim.o(i.TIM_TIxExternalClockConfig), (62 bytes).
    Removing stm32f10x_tim.o(i.TIM_TimeBaseStructInit), (18 bytes).
    Removing stm32f10x_tim.o(i.TIM_UpdateDisableConfig), (24 bytes).
    Removing stm32f10x_tim.o(i.TIM_UpdateRequestConfig), (24 bytes).
    Removing stm32f10x_usart.o(i.USART_ClearFlag), (18 bytes).
    Removing stm32f10x_usart.o(i.USART_ClearITPendingBit), (30 bytes).
    Removing stm32f10x_usart.o(i.USART_ClockInit), (34 bytes).
    Removing stm32f10x_usart.o(i.USART_ClockStructInit), (12 bytes).
    Removing stm32f10x_usart.o(i.USART_Cmd), (24 bytes).
    Removing stm32f10x_usart.o(i.USART_DMACmd), (18 bytes).
    Removing stm32f10x_usart.o(i.USART_DeInit), (156 bytes).
    Removing stm32f10x_usart.o(i.USART_GetFlagStatus), (26 bytes).
    Removing stm32f10x_usart.o(i.USART_GetITStatus), (84 bytes).
    Removing stm32f10x_usart.o(i.USART_HalfDuplexCmd), (24 bytes).
    Removing stm32f10x_usart.o(i.USART_ITConfig), (74 bytes).
    Removing stm32f10x_usart.o(i.USART_Init), (216 bytes).
    Removing stm32f10x_usart.o(i.USART_IrDACmd), (24 bytes).
    Removing stm32f10x_usart.o(i.USART_IrDAConfig), (18 bytes).
    Removing stm32f10x_usart.o(i.USART_LINBreakDetectLengthConfig), (18 bytes).
    Removing stm32f10x_usart.o(i.USART_LINCmd), (24 bytes).
    Removing stm32f10x_usart.o(i.USART_OneBitMethodCmd), (24 bytes).
    Removing stm32f10x_usart.o(i.USART_OverSampling8Cmd), (22 bytes).
    Removing stm32f10x_usart.o(i.USART_ReceiveData), (10 bytes).
    Removing stm32f10x_usart.o(i.USART_ReceiverWakeUpCmd), (24 bytes).
    Removing stm32f10x_usart.o(i.USART_SendBreak), (10 bytes).
    Removing stm32f10x_usart.o(i.USART_SendData), (8 bytes).
    Removing stm32f10x_usart.o(i.USART_SetAddress), (18 bytes).
    Removing stm32f10x_usart.o(i.USART_SetGuardTime), (16 bytes).
    Removing stm32f10x_usart.o(i.USART_SetPrescaler), (16 bytes).
    Removing stm32f10x_usart.o(i.USART_SmartCardCmd), (24 bytes).
    Removing stm32f10x_usart.o(i.USART_SmartCardNACKCmd), (24 bytes).
    Removing stm32f10x_usart.o(i.USART_StructInit), (24 bytes).
    Removing stm32f10x_usart.o(i.USART_WakeUpConfig), (18 bytes).
    Removing stm32f10x_wwdg.o(i.WWDG_ClearFlag), (12 bytes).
    Removing stm32f10x_wwdg.o(i.WWDG_DeInit), (22 bytes).
    Removing stm32f10x_wwdg.o(i.WWDG_Enable), (16 bytes).
    Removing stm32f10x_wwdg.o(i.WWDG_EnableIT), (12 bytes).
    Removing stm32f10x_wwdg.o(i.WWDG_GetFlagStatus), (12 bytes).
    Removing stm32f10x_wwdg.o(i.WWDG_SetCounter), (16 bytes).
    Removing stm32f10x_wwdg.o(i.WWDG_SetPrescaler), (24 bytes).
    Removing stm32f10x_wwdg.o(i.WWDG_SetWindowValue), (40 bytes).
    Removing stm32f10x_exti.o(i.EXTI_ClearFlag), (12 bytes).
    Removing stm32f10x_exti.o(i.EXTI_ClearITPendingBit), (12 bytes).
    Removing stm32f10x_exti.o(i.EXTI_DeInit), (36 bytes).
    Removing stm32f10x_exti.o(i.EXTI_GenerateSWInterrupt), (16 bytes).
    Removing stm32f10x_exti.o(i.EXTI_GetFlagStatus), (24 bytes).
    Removing stm32f10x_exti.o(i.EXTI_GetITStatus), (40 bytes).
    Removing stm32f10x_exti.o(i.EXTI_Init), (148 bytes).
    Removing stm32f10x_exti.o(i.EXTI_StructInit), (16 bytes).
    Removing common.o(i.Common_Init), (2 bytes).
    Removing common.o(i.get_u16_from_buf), (14 bytes).
    Removing common.o(i.get_u32_from_buf), (26 bytes).
    Removing common.o(i.no_optimize), (2 bytes).
    Removing common.o(i.set_u16_to_buf), (8 bytes).
    Removing common.o(i.set_u32_to_buf), (16 bytes).
    Removing system.o(i.DAC1_Config), (192 bytes).
    Removing system.o(i.EXTI_Config), (2 bytes).
    Removing system.o(i.EXTI_ConfigOne), (38 bytes).
    Removing system.o(i.Timer6_Config), (92 bytes).
    Removing system_stm32f10x.o(i.SystemCoreClockUpdate), (172 bytes).
    Removing system_stm32f10x.o(.data), (20 bytes).
    Removing buzzer.o(i.buzzer_off), (16 bytes).
    Removing buzzer.o(i.buzzer_on), (16 bytes).
    Removing buzzer.o(i.buzzer_onAutoOff), (24 bytes).
    Removing buzzer.o(i.buzzer_onAutoOff_proc), (8 bytes).
    Removing lcd12864.o(i.lcd12864_clear_line), (72 bytes).
    Removing lcd12864.o(i.lcd12864_display_graphic_16x16), (88 bytes).
    Removing lcd12864.o(i.lcd12864_display_graphic_32x32), (88 bytes).
    Removing lcd12864.o(i.lcd12864_display_graphic_8x16), (88 bytes).
    Removing lcd12864.o(i.lcd12864_display_graphic_symbol), (72 bytes).
    Removing lcd12864.o(i.lcd12864_display_logo), (80 bytes).
    Removing lcd12864.o(i.lcd12864_display_string_8x16), (148 bytes).
    Removing lcd12864.o(i.lcd12864_draw_line), (154 bytes).
    Removing lcd12864.o(i.lcd12864_draw_point), (16 bytes).
    Removing lcd12864.o(i.lcd12864_draw_point_to_buf), (60 bytes).
    Removing lcd12864.o(i.lcd12864_full_display), (42 bytes).
    Removing lcd12864.o(i.lcd12864_led_off), (20 bytes).
    Removing lcd12864.o(i.lcd12864_read_data), (32 bytes).
    Removing lcd12864.o(i.lcd12864_set_auto_update), (12 bytes).
    Removing led.o(i.led_is_on), (104 bytes).
    Removing led.o(i.led_reverse), (116 bytes).
    Removing time_server.o(i.IsUserTimeout), (40 bytes).
    Removing time_server.o(i.SetUserTimeout), (28 bytes).
    Removing time_server.o(i.system_delay_10us), (148 bytes).
    Removing time_server.o(i.system_delay_500ns), (46 bytes).
    Removing time_server.o(i.system_delay_us), (142 bytes).
    Removing interrupt_server.o(i.IntSrc_FindGpioExtiPinMap), (48 bytes).
    Removing interrupt_server.o(i.IntSrc_FindGpioExtiPortMap), (40 bytes).
    Removing interrupt_server.o(i.IntSrv_Backup), (24 bytes).
    Removing interrupt_server.o(i.IntSrv_Register), (140 bytes).
    Removing interrupt_server.o(i.IntSrv_Restore), (96 bytes).
    Removing interrupt_server.o(i.IntSrv_UnRegister), (128 bytes).
    Removing interrupt_server.o(.constdata), (248 bytes).
    Removing key_server.o(i.Key_IsDown), (34 bytes).
    Removing key_server.o(i.Key_IsLongDown), (48 bytes).
    Removing key_server.o(i.Key_IsUp), (34 bytes).
    Removing key_server.o(i.Key_ScanStatus), (160 bytes).
    Removing radio.o(i.RF_GetInterruptFlags), (12 bytes).
    Removing radio.o(i.RF_GetStatus), (12 bytes).
    Removing radio.o(i.RF_SetStatus), (12 bytes).
    Removing cmt2300a.o(i.CMT2300A_ConfigTxDin), (28 bytes).
    Removing cmt2300a.o(i.CMT2300A_EnableAntennaSwitch), (46 bytes).
    Removing cmt2300a.o(i.CMT2300A_EnableFifoMerge), (34 bytes).
    Removing cmt2300a.o(i.CMT2300A_EnableLfoscOutput), (34 bytes).
    Removing cmt2300a.o(i.CMT2300A_EnableRxFifoAutoClear), (34 bytes).
    Removing cmt2300a.o(i.CMT2300A_EnableTxDin), (34 bytes).
    Removing cmt2300a.o(i.CMT2300A_EnableTxDinInvert), (34 bytes).
    Removing cmt2300a.o(i.CMT2300A_GetRssiCode), (10 bytes).
    Removing cmt2300a.o(i.CMT2300A_GetRssiDBm), (12 bytes).
    Removing cmt2300a.o(i.CMT2300A_GoRFS), (10 bytes).
    Removing cmt2300a.o(i.CMT2300A_GoTFS), (10 bytes).
    Removing cmt2300a.o(i.CMT2300A_RestoreFifo), (12 bytes).
    Removing cmt2300a.o(i.CMT2300A_SetFifoThreshold), (32 bytes).
    Removing cmt2300a.o(i.CMT2300A_SetFrequencyChannel), (14 bytes).
    Removing cmt2300a.o(i.CMT2300A_SetFrequencyStep), (14 bytes).
    Removing cmt2300a.o(i.CMT2300A_SetInterruptPolar), (34 bytes).
    Removing cmt2300a.o(i.CMT2300A_SetPayloadLength), (44 bytes).
    Removing dadd.o(.text), (334 bytes).
    Removing dmul.o(.text), (228 bytes).
    Removing ddiv.o(.text), (222 bytes).
    Removing dfixul.o(.text), (48 bytes).
    Removing cdrcmple.o(.text), (48 bytes).
    Removing depilogue.o(.text), (186 bytes).

536 unused section(s) (total 23506 bytes) removed from the image.

==============================================================================

Image Symbol Table

    Local Symbols

    Symbol Name                              Value     Ov Type        Size  Object(Section)

    ../clib/microlib/division.c              0x00000000   Number         0  uidiv.o ABSOLUTE
    ../clib/microlib/division.c              0x00000000   Number         0  uldiv.o ABSOLUTE
    ../clib/microlib/init/entry.s            0x00000000   Number         0  entry5.o ABSOLUTE
    ../clib/microlib/init/entry.s            0x00000000   Number         0  entry7a.o ABSOLUTE
    ../clib/microlib/init/entry.s            0x00000000   Number         0  entry9a.o ABSOLUTE
    ../clib/microlib/init/entry.s            0x00000000   Number         0  entry9b.o ABSOLUTE
    ../clib/microlib/init/entry.s            0x00000000   Number         0  entry10a.o ABSOLUTE
    ../clib/microlib/init/entry.s            0x00000000   Number         0  entry10b.o ABSOLUTE
    ../clib/microlib/init/entry.s            0x00000000   Number         0  entry11a.o ABSOLUTE
    ../clib/microlib/init/entry.s            0x00000000   Number         0  entry8a.o ABSOLUTE
    ../clib/microlib/init/entry.s            0x00000000   Number         0  entry7b.o ABSOLUTE
    ../clib/microlib/init/entry.s            0x00000000   Number         0  entry2.o ABSOLUTE
    ../clib/microlib/init/entry.s            0x00000000   Number         0  entry11b.o ABSOLUTE
    ../clib/microlib/init/entry.s            0x00000000   Number         0  entry.o ABSOLUTE
    ../clib/microlib/init/entry.s            0x00000000   Number         0  entry8b.o ABSOLUTE
    ../clib/microlib/longlong.c              0x00000000   Number         0  llsshr.o ABSOLUTE
    ../clib/microlib/longlong.c              0x00000000   Number         0  llshl.o ABSOLUTE
    ../clib/microlib/longlong.c              0x00000000   Number         0  llushr.o ABSOLUTE
    ../clib/microlib/printf/printf.c         0x00000000   Number         0  printfb.o ABSOLUTE
    ../clib/microlib/printf/printf.c         0x00000000   Number         0  printf1.o ABSOLUTE
    ../clib/microlib/printf/printf.c         0x00000000   Number         0  printf2.o ABSOLUTE
    ../clib/microlib/printf/printf.c         0x00000000   Number         0  printf3.o ABSOLUTE
    ../clib/microlib/printf/printf.c         0x00000000   Number         0  printf4.o ABSOLUTE
    ../clib/microlib/printf/printf.c         0x00000000   Number         0  printf5.o ABSOLUTE
    ../clib/microlib/printf/printf.c         0x00000000   Number         0  printf6.o ABSOLUTE
    ../clib/microlib/printf/printf.c         0x00000000   Number         0  printfa.o ABSOLUTE
    ../clib/microlib/printf/printf.c         0x00000000   Number         0  printf8.o ABSOLUTE
    ../clib/microlib/printf/printf.c         0x00000000   Number         0  printf7.o ABSOLUTE
    ../clib/microlib/printf/printf.c         0x00000000   Number         0  printf0.o ABSOLUTE
    ../clib/microlib/printf/stubs.s          0x00000000   Number         0  stubs.o ABSOLUTE
    ../clib/microlib/stdio/fputc.c           0x00000000   Number         0  fputc.o ABSOLUTE
    ../clib/microlib/stdio/semi.s            0x00000000   Number         0  semi.o ABSOLUTE
    ../clib/microlib/stdio/streams.c         0x00000000   Number         0  stdout.o ABSOLUTE
    ../clib/microlib/string/memcmp.c         0x00000000   Number         0  memcmp.o ABSOLUTE
    ../clib/microlib/string/memcpy.c         0x00000000   Number         0  memcpya.o ABSOLUTE
    ../clib/microlib/string/memcpy.c         0x00000000   Number         0  memcpyb.o ABSOLUTE
    ../clib/microlib/string/memset.c         0x00000000   Number         0  memseta.o ABSOLUTE
    ../clib/microlib/string/strlen.c         0x00000000   Number         0  strlen.o ABSOLUTE
    ../clib/microlib/stubs.s                 0x00000000   Number         0  iusefp.o ABSOLUTE
    ../clib/microlib/stubs.s                 0x00000000   Number         0  iusesemip.o ABSOLUTE
    ../fplib/microlib/fpadd.c                0x00000000   Number         0  dadd.o ABSOLUTE
    ../fplib/microlib/fpdiv.c                0x00000000   Number         0  ddiv.o ABSOLUTE
    ../fplib/microlib/fpepilogue.c           0x00000000   Number         0  depilogue.o ABSOLUTE
    ../fplib/microlib/fpfix.c                0x00000000   Number         0  dfixul.o ABSOLUTE
    ../fplib/microlib/fpmul.c                0x00000000   Number         0  dmul.o ABSOLUTE
    ..\Libraries\STM32F10x_StdPeriph_DriverFWLib3.5\LIB\misc.c 0x00000000   Number         0  misc.o ABSOLUTE
    ..\Libraries\STM32F10x_StdPeriph_DriverFWLib3.5\LIB\stm32f10x_adc.c 0x00000000   Number         0  stm32f10x_adc.o ABSOLUTE
    ..\Libraries\STM32F10x_StdPeriph_DriverFWLib3.5\LIB\stm32f10x_bkp.c 0x00000000   Number         0  stm32f10x_bkp.o ABSOLUTE
    ..\Libraries\STM32F10x_StdPeriph_DriverFWLib3.5\LIB\stm32f10x_can.c 0x00000000   Number         0  stm32f10x_can.o ABSOLUTE
    ..\Libraries\STM32F10x_StdPeriph_DriverFWLib3.5\LIB\stm32f10x_cec.c 0x00000000   Number         0  stm32f10x_cec.o ABSOLUTE
    ..\Libraries\STM32F10x_StdPeriph_DriverFWLib3.5\LIB\stm32f10x_crc.c 0x00000000   Number         0  stm32f10x_crc.o ABSOLUTE
    ..\Libraries\STM32F10x_StdPeriph_DriverFWLib3.5\LIB\stm32f10x_dac.c 0x00000000   Number         0  stm32f10x_dac.o ABSOLUTE
    ..\Libraries\STM32F10x_StdPeriph_DriverFWLib3.5\LIB\stm32f10x_dbgmcu.c 0x00000000   Number         0  stm32f10x_dbgmcu.o ABSOLUTE
    ..\Libraries\STM32F10x_StdPeriph_DriverFWLib3.5\LIB\stm32f10x_dma.c 0x00000000   Number         0  stm32f10x_dma.o ABSOLUTE
    ..\Libraries\STM32F10x_StdPeriph_DriverFWLib3.5\LIB\stm32f10x_exti.c 0x00000000   Number         0  stm32f10x_exti.o ABSOLUTE
    ..\Libraries\STM32F10x_StdPeriph_DriverFWLib3.5\LIB\stm32f10x_flash.c 0x00000000   Number         0  stm32f10x_flash.o ABSOLUTE
    ..\Libraries\STM32F10x_StdPeriph_DriverFWLib3.5\LIB\stm32f10x_fsmc.c 0x00000000   Number         0  stm32f10x_fsmc.o ABSOLUTE
    ..\Libraries\STM32F10x_StdPeriph_DriverFWLib3.5\LIB\stm32f10x_gpio.c 0x00000000   Number         0  stm32f10x_gpio.o ABSOLUTE
    ..\Libraries\STM32F10x_StdPeriph_DriverFWLib3.5\LIB\stm32f10x_i2c.c 0x00000000   Number         0  stm32f10x_i2c.o ABSOLUTE
    ..\Libraries\STM32F10x_StdPeriph_DriverFWLib3.5\LIB\stm32f10x_iwdg.c 0x00000000   Number         0  stm32f10x_iwdg.o ABSOLUTE
    ..\Libraries\STM32F10x_StdPeriph_DriverFWLib3.5\LIB\stm32f10x_pwr.c 0x00000000   Number         0  stm32f10x_pwr.o ABSOLUTE
    ..\Libraries\STM32F10x_StdPeriph_DriverFWLib3.5\LIB\stm32f10x_rcc.c 0x00000000   Number         0  stm32f10x_rcc.o ABSOLUTE
    ..\Libraries\STM32F10x_StdPeriph_DriverFWLib3.5\LIB\stm32f10x_rtc.c 0x00000000   Number         0  stm32f10x_rtc.o ABSOLUTE
    ..\Libraries\STM32F10x_StdPeriph_DriverFWLib3.5\LIB\stm32f10x_sdio.c 0x00000000   Number         0  stm32f10x_sdio.o ABSOLUTE
    ..\Libraries\STM32F10x_StdPeriph_DriverFWLib3.5\LIB\stm32f10x_spi.c 0x00000000   Number         0  stm32f10x_spi.o ABSOLUTE
    ..\Libraries\STM32F10x_StdPeriph_DriverFWLib3.5\LIB\stm32f10x_tim.c 0x00000000   Number         0  stm32f10x_tim.o ABSOLUTE
    ..\Libraries\STM32F10x_StdPeriph_DriverFWLib3.5\LIB\stm32f10x_usart.c 0x00000000   Number         0  stm32f10x_usart.o ABSOLUTE
    ..\Libraries\STM32F10x_StdPeriph_DriverFWLib3.5\LIB\stm32f10x_wwdg.c 0x00000000   Number         0  stm32f10x_wwdg.o ABSOLUTE
    ..\Libraries\STM32F10x_StdPeriph_DriverFWLib3.5\M3\core_cm3.c 0x00000000   Number         0  core_cm3.o ABSOLUTE
    ..\Libraries\STM32F10x_StdPeriph_DriverFWLib3.5\Startup\startup_stm32f10x_hd.s 0x00000000   Number         0  startup_stm32f10x_hd.o ABSOLUTE
    ..\USER\periph\buzzer.c                  0x00000000   Number         0  buzzer.o ABSOLUTE
    ..\USER\periph\cmt_spi3.c                0x00000000   Number         0  cmt_spi3.o ABSOLUTE
    ..\USER\periph\lcd12864.c                0x00000000   Number         0  lcd12864.o ABSOLUTE
    ..\USER\periph\led.c                     0x00000000   Number         0  led.o ABSOLUTE
    ..\USER\platform\common.c                0x00000000   Number         0  common.o ABSOLUTE
    ..\USER\platform\main.c                  0x00000000   Number         0  main.o ABSOLUTE
    ..\USER\platform\stm32f10x_it.c          0x00000000   Number         0  stm32f10x_it.o ABSOLUTE
    ..\USER\platform\system.c                0x00000000   Number         0  system.o ABSOLUTE
    ..\USER\platform\system_stm32f10x.c      0x00000000   Number         0  system_stm32f10x.o ABSOLUTE
    ..\USER\radio\cmt2300a.c                 0x00000000   Number         0  cmt2300a.o ABSOLUTE
    ..\USER\radio\cmt2300a_hal.c             0x00000000   Number         0  cmt2300a_hal.o ABSOLUTE
    ..\USER\radio\radio.c                    0x00000000   Number         0  radio.o ABSOLUTE
    ..\USER\services\interrupt_server.c      0x00000000   Number         0  interrupt_server.o ABSOLUTE
    ..\USER\services\key_server.c            0x00000000   Number         0  key_server.o ABSOLUTE
    ..\USER\services\time_server.c           0x00000000   Number         0  time_server.o ABSOLUTE
    ..\\Libraries\\STM32F10x_StdPeriph_DriverFWLib3.5\\M3\\core_cm3.c 0x00000000   Number         0  core_cm3.o ABSOLUTE
    cdrcmple.s                               0x00000000   Number         0  cdrcmple.o ABSOLUTE
    dc.s                                     0x00000000   Number         0  dc.o ABSOLUTE
    handlers.s                               0x00000000   Number         0  handlers.o ABSOLUTE
    init.s                                   0x00000000   Number         0  init.o ABSOLUTE
    RESET                                    0x08000000   Section      304  startup_stm32f10x_hd.o(RESET)
    .ARM.Collect$$$$00000000                 0x08000130   Section        0  entry.o(.ARM.Collect$$$$00000000)
    .ARM.Collect$$$$00000001                 0x08000130   Section        4  entry2.o(.ARM.Collect$$$$00000001)
    .ARM.Collect$$$$00000004                 0x08000134   Section        4  entry5.o(.ARM.Collect$$$$00000004)
    .ARM.Collect$$$$00000008                 0x08000138   Section        0  entry7b.o(.ARM.Collect$$$$00000008)
    .ARM.Collect$$$$0000000A                 0x08000138   Section        0  entry8b.o(.ARM.Collect$$$$0000000A)
    .ARM.Collect$$$$0000000B                 0x08000138   Section        8  entry9a.o(.ARM.Collect$$$$0000000B)
    .ARM.Collect$$$$0000000D                 0x08000140   Section        0  entry10a.o(.ARM.Collect$$$$0000000D)
    .ARM.Collect$$$$0000000F                 0x08000140   Section        0  entry11a.o(.ARM.Collect$$$$0000000F)
    .ARM.Collect$$$$00002712                 0x08000140   Section        4  entry2.o(.ARM.Collect$$$$00002712)
    __lit__00000000                          0x08000140   Data           4  entry2.o(.ARM.Collect$$$$00002712)
    .text                                    0x08000144   Section       28  startup_stm32f10x_hd.o(.text)
    .text                                    0x08000160   Section        0  memcpya.o(.text)
    .text                                    0x08000184   Section        0  memseta.o(.text)
    .text                                    0x080001a8   Section        0  strlen.o(.text)
    .text                                    0x080001b6   Section        0  uidiv.o(.text)
    .text                                    0x080001e4   Section       36  init.o(.text)
    i.CMT2300A_AutoSwitchStatus              0x08000208   Section        0  cmt2300a.o(i.CMT2300A_AutoSwitchStatus)
    i.CMT2300A_ClearInterruptFlags           0x080002bc   Section        0  cmt2300a.o(i.CMT2300A_ClearInterruptFlags)
    i.CMT2300A_ClearRxFifo                   0x080003a0   Section        0  cmt2300a.o(i.CMT2300A_ClearRxFifo)
    i.CMT2300A_ClearTxFifo                   0x080003b6   Section        0  cmt2300a.o(i.CMT2300A_ClearTxFifo)
    i.CMT2300A_ConfigGpio                    0x080003cc   Section        0  cmt2300a.o(i.CMT2300A_ConfigGpio)
    i.CMT2300A_ConfigInterrupt               0x080003da   Section        0  cmt2300a.o(i.CMT2300A_ConfigInterrupt)
    i.CMT2300A_ConfigRegBank                 0x08000412   Section        0  cmt2300a.o(i.CMT2300A_ConfigRegBank)
    i.CMT2300A_EnableErrorStop               0x08000438   Section        0  cmt2300a.o(i.CMT2300A_EnableErrorStop)
    i.CMT2300A_EnableInterrupt               0x0800045a   Section        0  cmt2300a.o(i.CMT2300A_EnableInterrupt)
    i.CMT2300A_EnableLfosc                   0x08000468   Section        0  cmt2300a.o(i.CMT2300A_EnableLfosc)
    i.CMT2300A_EnableReadFifo                0x0800049a   Section        0  cmt2300a.o(i.CMT2300A_EnableReadFifo)
    i.CMT2300A_EnableWriteFifo               0x080004b6   Section        0  cmt2300a.o(i.CMT2300A_EnableWriteFifo)
    i.CMT2300A_GetChipStatus                 0x080004d2   Section        0  cmt2300a.o(i.CMT2300A_GetChipStatus)
    i.CMT2300A_GoRx                          0x080004e0   Section        0  cmt2300a.o(i.CMT2300A_GoRx)
    i.CMT2300A_GoSleep                       0x080004ea   Section        0  cmt2300a.o(i.CMT2300A_GoSleep)
    i.CMT2300A_GoStby                        0x080004f4   Section        0  cmt2300a.o(i.CMT2300A_GoStby)
    i.CMT2300A_GoTx                          0x080004fe   Section        0  cmt2300a.o(i.CMT2300A_GoTx)
    i.CMT2300A_Init                          0x08000508   Section        0  cmt2300a.o(i.CMT2300A_Init)
    i.CMT2300A_InitGpio                      0x0800053c   Section        0  cmt2300a_hal.o(i.CMT2300A_InitGpio)
    i.CMT2300A_IsExist                       0x0800056c   Section        0  cmt2300a.o(i.CMT2300A_IsExist)
    i.CMT2300A_ReadFifo                      0x0800059a   Section        0  cmt2300a_hal.o(i.CMT2300A_ReadFifo)
    i.CMT2300A_ReadReg                       0x080005aa   Section        0  cmt2300a_hal.o(i.CMT2300A_ReadReg)
    i.CMT2300A_SoftReset                     0x080005c0   Section        0  cmt2300a.o(i.CMT2300A_SoftReset)
    i.CMT2300A_SwitchStatusAndWait           0x080005cc   Section        0  cmt2300a.o(i.CMT2300A_SwitchStatusAndWait)
    i.CMT2300A_WriteFifo                     0x08000604   Section        0  cmt2300a_hal.o(i.CMT2300A_WriteFifo)
    i.CMT2300A_WriteReg                      0x08000614   Section        0  cmt2300a_hal.o(i.CMT2300A_WriteReg)
    i.EXTI0_IRQHandler                       0x08000624   Section        0  stm32f10x_it.o(i.EXTI0_IRQHandler)
    i.EXTI15_10_IRQHandler                   0x08000658   Section        0  stm32f10x_it.o(i.EXTI15_10_IRQHandler)
    i.EXTI1_IRQHandler                       0x08000778   Section        0  stm32f10x_it.o(i.EXTI1_IRQHandler)
    i.EXTI2_IRQHandler                       0x080007ac   Section        0  stm32f10x_it.o(i.EXTI2_IRQHandler)
    i.EXTI3_IRQHandler                       0x080007e0   Section        0  stm32f10x_it.o(i.EXTI3_IRQHandler)
    i.EXTI4_IRQHandler                       0x08000814   Section        0  stm32f10x_it.o(i.EXTI4_IRQHandler)
    i.EXTI9_5_IRQHandler                     0x08000848   Section        0  stm32f10x_it.o(i.EXTI9_5_IRQHandler)
    i.GPIO_Config                            0x08000920   Section        0  common.o(i.GPIO_Config)
    i.GPIO_Pin_Setting                       0x080009e0   Section        0  common.o(i.GPIO_Pin_Setting)
    i.IntSrv_Init                            0x08000a54   Section        0  interrupt_server.o(i.IntSrv_Init)
    i.Key_Init                               0x08000a70   Section        0  key_server.o(i.Key_Init)
    i.Mcu_Init                               0x08000af8   Section        0  main.o(i.Mcu_Init)
    i.NVIC_Config                            0x08000b2c   Section        0  system.o(i.NVIC_Config)
    i.NVIC_Init                              0x08000c7c   Section        0  misc.o(i.NVIC_Init)
    i.NVIC_PriorityGroupConfig               0x08000cec   Section        0  misc.o(i.NVIC_PriorityGroupConfig)
    i.OnMaster                               0x08000d00   Section        0  main.o(i.OnMaster)
    i.OnSlave                                0x08000e20   Section        0  main.o(i.OnSlave)
    i.RCC_APB1PeriphClockCmd                 0x08000f24   Section        0  stm32f10x_rcc.o(i.RCC_APB1PeriphClockCmd)
    i.RCC_APB1PeriphResetCmd                 0x08000f44   Section        0  stm32f10x_rcc.o(i.RCC_APB1PeriphResetCmd)
    i.RCC_APB2PeriphClockCmd                 0x08000f64   Section        0  stm32f10x_rcc.o(i.RCC_APB2PeriphClockCmd)
    i.RCC_APB2PeriphResetCmd                 0x08000f84   Section        0  stm32f10x_rcc.o(i.RCC_APB2PeriphResetCmd)
    i.RF_Config                              0x08000fa4   Section        0  radio.o(i.RF_Config)
    i.RF_Init                                0x08000fcc   Section        0  radio.o(i.RF_Init)
    i.RF_Process                             0x08001044   Section        0  radio.o(i.RF_Process)
    i.RF_StartRx                             0x080011f0   Section        0  radio.o(i.RF_StartRx)
    i.RF_StartTx                             0x08001228   Section        0  radio.o(i.RF_StartTx)
    i.SetSysClock                            0x08001250   Section        0  system_stm32f10x.o(i.SetSysClock)
    SetSysClock                              0x08001251   Thumb Code     8  system_stm32f10x.o(i.SetSysClock)
    i.SetSysClockTo72                        0x08001258   Section        0  system_stm32f10x.o(i.SetSysClockTo72)
    SetSysClockTo72                          0x08001259   Thumb Code   214  system_stm32f10x.o(i.SetSysClockTo72)
    i.SysTick_CLKSourceConfig                0x08001338   Section        0  misc.o(i.SysTick_CLKSourceConfig)
    i.SysTick_Handler                        0x08001360   Section        0  stm32f10x_it.o(i.SysTick_Handler)
    i.SystemInit                             0x08001370   Section        0  system_stm32f10x.o(i.SystemInit)
    i.SystemTimerDelay_Config                0x080013d0   Section        0  system.o(i.SystemTimerDelay_Config)
    i.TIM1_BRK_IRQHandler                    0x0800142c   Section        0  stm32f10x_it.o(i.TIM1_BRK_IRQHandler)
    i.TIM1_CC_IRQHandler                     0x08001430   Section        0  stm32f10x_it.o(i.TIM1_CC_IRQHandler)
    i.TIM1_TRG_COM_IRQHandler                0x08001434   Section        0  stm32f10x_it.o(i.TIM1_TRG_COM_IRQHandler)
    i.TIM1_UP_IRQHandler                     0x08001438   Section        0  stm32f10x_it.o(i.TIM1_UP_IRQHandler)
    i.TIM2_IRQHandler                        0x0800143c   Section        0  stm32f10x_it.o(i.TIM2_IRQHandler)
    i.TIM3_IRQHandler                        0x0800143e   Section        0  stm32f10x_it.o(i.TIM3_IRQHandler)
    i.TIM4_IRQHandler                        0x08001440   Section        0  stm32f10x_it.o(i.TIM4_IRQHandler)
    i.TIM5_IRQHandler                        0x08001464   Section        0  stm32f10x_it.o(i.TIM5_IRQHandler)
    i.TIM6_IRQHandler                        0x08001490   Section        0  stm32f10x_it.o(i.TIM6_IRQHandler)
    i.TIM_ARRPreloadConfig                   0x080014c4   Section        0  stm32f10x_tim.o(i.TIM_ARRPreloadConfig)
    i.TIM_ClearFlag                          0x080014dc   Section        0  stm32f10x_tim.o(i.TIM_ClearFlag)
    i.TIM_Cmd                                0x080014e2   Section        0  stm32f10x_tim.o(i.TIM_Cmd)
    i.TIM_DeInit                             0x080014fc   Section        0  stm32f10x_tim.o(i.TIM_DeInit)
    i.TIM_ITConfig                           0x080016e4   Section        0  stm32f10x_tim.o(i.TIM_ITConfig)
    i.TIM_TimeBaseInit                       0x080016f8   Section        0  stm32f10x_tim.o(i.TIM_TimeBaseInit)
    i.Timer5_Config                          0x0800179c   Section        0  system.o(i.Timer5_Config)
    i.__0sprintf$1                           0x080017ec   Section        0  printf1.o(i.__0sprintf$1)
    i.__scatterload_copy                     0x08001814   Section       14  handlers.o(i.__scatterload_copy)
    i.__scatterload_null                     0x08001822   Section        2  handlers.o(i.__scatterload_null)
    i.__scatterload_zeroinit                 0x08001824   Section       14  handlers.o(i.__scatterload_zeroinit)
    i._printf_core                           0x08001834   Section        0  printf1.o(i._printf_core)
    _printf_core                             0x08001835   Thumb Code   336  printf1.o(i._printf_core)
    i._sputc                                 0x08001988   Section        0  printf1.o(i._sputc)
    _sputc                                   0x08001989   Thumb Code    10  printf1.o(i._sputc)
    i.buzzer_init                            0x08001994   Section        0  buzzer.o(i.buzzer_init)
    i.cmt_spi3_delay                         0x080019bc   Section        0  cmt_spi3.o(i.cmt_spi3_delay)
    i.cmt_spi3_delay_us                      0x080019ca   Section        0  cmt_spi3.o(i.cmt_spi3_delay_us)
    i.cmt_spi3_init                          0x080019dc   Section        0  cmt_spi3.o(i.cmt_spi3_init)
    i.cmt_spi3_read                          0x08001a58   Section        0  cmt_spi3.o(i.cmt_spi3_read)
    i.cmt_spi3_read_fifo                     0x08001b10   Section        0  cmt_spi3.o(i.cmt_spi3_read_fifo)
    i.cmt_spi3_recv                          0x08001be8   Section        0  cmt_spi3.o(i.cmt_spi3_recv)
    i.cmt_spi3_send                          0x08001c30   Section        0  cmt_spi3.o(i.cmt_spi3_send)
    i.cmt_spi3_write                         0x08001c74   Section        0  cmt_spi3.o(i.cmt_spi3_write)
    i.cmt_spi3_write_fifo                    0x08001d20   Section        0  cmt_spi3.o(i.cmt_spi3_write_fifo)
    i.lcd12864_clear_screen                  0x08001df8   Section        0  lcd12864.o(i.lcd12864_clear_screen)
    i.lcd12864_delay                         0x08001e22   Section        0  lcd12864.o(i.lcd12864_delay)
    i.lcd12864_delay_ms                      0x08001e24   Section        0  lcd12864.o(i.lcd12864_delay_ms)
    i.lcd12864_display_string_6x8            0x08001e30   Section        0  lcd12864.o(i.lcd12864_display_string_6x8)
    i.lcd12864_init                          0x08001eb4   Section        0  lcd12864.o(i.lcd12864_init)
    i.lcd12864_init_lcd                      0x08001f44   Section        0  lcd12864.o(i.lcd12864_init_lcd)
    i.lcd12864_led_on                        0x08001fe4   Section        0  lcd12864.o(i.lcd12864_led_on)
    i.lcd12864_reset                         0x08001ff8   Section        0  lcd12864.o(i.lcd12864_reset)
    i.lcd12864_send_cmd                      0x08002028   Section        0  lcd12864.o(i.lcd12864_send_cmd)
    i.lcd12864_send_data                     0x0800208c   Section        0  lcd12864.o(i.lcd12864_send_data)
    i.lcd12864_set_address                   0x08002118   Section        0  lcd12864.o(i.lcd12864_set_address)
    i.lcd12864_update_data                   0x08002150   Section        0  lcd12864.o(i.lcd12864_update_data)
    i.led1_onAutoOff_proc                    0x080021b0   Section        0  led.o(i.led1_onAutoOff_proc)
    i.led2_onAutoOff_proc                    0x080021ba   Section        0  led.o(i.led2_onAutoOff_proc)
    i.led3_onAutoOff_proc                    0x080021c4   Section        0  led.o(i.led3_onAutoOff_proc)
    i.led_init                               0x080021d0   Section        0  led.o(i.led_init)
    i.led_off                                0x08002218   Section        0  led.o(i.led_off)
    i.led_on                                 0x08002260   Section        0  led.o(i.led_on)
    i.led_onAutoOff                          0x080022a8   Section        0  led.o(i.led_onAutoOff)
    i.main                                   0x080022f8   Section        0  main.o(i.main)
    i.system_delay_100us                     0x08002374   Section        0  time_server.o(i.system_delay_100us)
    i.system_delay_ms                        0x08002408   Section        0  time_server.o(i.system_delay_ms)
    i.time_server_init                       0x08002424   Section        0  time_server.o(i.time_server_init)
    i.time_server_interrupt_proc5            0x08002450   Section        0  time_server.o(i.time_server_interrupt_proc5)
    i.time_server_setDelayRunTask            0x080024a8   Section        0  time_server.o(i.time_server_setDelayRunTask)
    i.views_print_line                       0x08002504   Section        0  common.o(i.views_print_line)
    .constdata                               0x08002548   Section     1995  lcd12864.o(.constdata)
    .constdata                               0x08002d13   Section       96  radio.o(.constdata)
    .data                                    0x20000000   Section        8  main.o(.data)
    g_bEnableMaster                          0x20000000   Data           1  main.o(.data)
    g_nRecvCount                             0x20000002   Data           2  main.o(.data)
    g_nSendCount                             0x20000004   Data           2  main.o(.data)
    g_nErrCount                              0x20000006   Data           2  main.o(.data)
    .data                                    0x20000008   Section        3  lcd12864.o(.data)
    .data                                    0x2000000c   Section       20  time_server.o(.data)
    .data                                    0x20000020   Section       33  radio.o(.data)
    g_nNextRFState                           0x20000020   Data           1  radio.o(.data)
    g_pRxBuffer                              0x20000024   Data           4  radio.o(.data)
    g_pTxBuffer                              0x20000028   Data           4  radio.o(.data)
    g_nRxLength                              0x2000002c   Data           2  radio.o(.data)
    g_nTxLength                              0x2000002e   Data           2  radio.o(.data)
    g_nRxTimeout                             0x20000030   Data           4  radio.o(.data)
    g_nTxTimeout                             0x20000034   Data           4  radio.o(.data)
    g_nRxTimeCount                           0x20000038   Data           4  radio.o(.data)
    g_nTxTimeCount                           0x2000003c   Data           4  radio.o(.data)
    g_nInterrutFlags                         0x20000040   Data           1  radio.o(.data)
    .bss                                     0x20000044   Section       32  common.o(.bss)
    buf                                      0x20000044   Data          32  common.o(.bss)
    .bss                                     0x20000064   Section       64  main.o(.bss)
    g_rxBuffer                               0x20000064   Data          32  main.o(.bss)
    g_txBuffer                               0x20000084   Data          32  main.o(.bss)
    .bss                                     0x200000a4   Section     2048  lcd12864.o(.bss)
    .bss                                     0x200008a4   Section      128  time_server.o(.bss)
    .bss                                     0x20000924   Section      384  interrupt_server.o(.bss)
    .bss                                     0x20000aa4   Section       80  key_server.o(.bss)
    STACK                                    0x20000af8   Section     1024  startup_stm32f10x_hd.o(STACK)

    Global Symbols

    Symbol Name                              Value     Ov Type        Size  Object(Section)

    BuildAttributes$$THM_ISAv4$P$D$K$B$S$PE$A:L22UL41UL21$X:L11$S22US41US21$IEEE1$IW$USESV6$~STKCKD$USESV7$~SHL$OSPACE$ROPI$EBA8$MICROLIB$REQ8$PRES8$EABIv2 0x00000000   Number         0  anon$$obj.o ABSOLUTE
    __ARM_use_no_argv                        0x00000000   Number         0  main.o ABSOLUTE
    _printf_a                                0x00000000   Number         0  stubs.o ABSOLUTE
    _printf_c                                0x00000000   Number         0  stubs.o ABSOLUTE
    _printf_charcount                        0x00000000   Number         0  stubs.o ABSOLUTE
    _printf_d                                0x00000000   Number         0  stubs.o ABSOLUTE
    _printf_e                                0x00000000   Number         0  stubs.o ABSOLUTE
    _printf_f                                0x00000000   Number         0  stubs.o ABSOLUTE
    _printf_flags                            0x00000000   Number         0  stubs.o ABSOLUTE
    _printf_fp_dec                           0x00000000   Number         0  stubs.o ABSOLUTE
    _printf_fp_hex                           0x00000000   Number         0  stubs.o ABSOLUTE
    _printf_g                                0x00000000   Number         0  stubs.o ABSOLUTE
    _printf_i                                0x00000000   Number         0  stubs.o ABSOLUTE
    _printf_int_dec                          0x00000000   Number         0  stubs.o ABSOLUTE
    _printf_l                                0x00000000   Number         0  stubs.o ABSOLUTE
    _printf_lc                               0x00000000   Number         0  stubs.o ABSOLUTE
    _printf_ll                               0x00000000   Number         0  stubs.o ABSOLUTE
    _printf_lld                              0x00000000   Number         0  stubs.o ABSOLUTE
    _printf_lli                              0x00000000   Number         0  stubs.o ABSOLUTE
    _printf_llo                              0x00000000   Number         0  stubs.o ABSOLUTE
    _printf_llu                              0x00000000   Number         0  stubs.o ABSOLUTE
    _printf_llx                              0x00000000   Number         0  stubs.o ABSOLUTE
    _printf_longlong_dec                     0x00000000   Number         0  stubs.o ABSOLUTE
    _printf_longlong_hex                     0x00000000   Number         0  stubs.o ABSOLUTE
    _printf_longlong_oct                     0x00000000   Number         0  stubs.o ABSOLUTE
    _printf_ls                               0x00000000   Number         0  stubs.o ABSOLUTE
    _printf_mbtowc                           0x00000000   Number         0  stubs.o ABSOLUTE
    _printf_n                                0x00000000   Number         0  stubs.o ABSOLUTE
    _printf_o                                0x00000000   Number         0  stubs.o ABSOLUTE
    _printf_p                                0x00000000   Number         0  stubs.o ABSOLUTE
    _printf_percent                          0x00000000   Number         0  stubs.o ABSOLUTE
    _printf_pre_padding                      0x00000000   Number         0  stubs.o ABSOLUTE
    _printf_return_value                     0x00000000   Number         0  stubs.o ABSOLUTE
    _printf_s                                0x00000000   Number         0  stubs.o ABSOLUTE
    _printf_sizespec                         0x00000000   Number         0  stubs.o ABSOLUTE
    _printf_str                              0x00000000   Number         0  stubs.o ABSOLUTE
    _printf_truncate_signed                  0x00000000   Number         0  stubs.o ABSOLUTE
    _printf_truncate_unsigned                0x00000000   Number         0  stubs.o ABSOLUTE
    _printf_u                                0x00000000   Number         0  stubs.o ABSOLUTE
    _printf_wc                               0x00000000   Number         0  stubs.o ABSOLUTE
    _printf_wctomb                           0x00000000   Number         0  stubs.o ABSOLUTE
    _printf_widthprec                        0x00000000   Number         0  stubs.o ABSOLUTE
    _printf_x                                0x00000000   Number         0  stubs.o ABSOLUTE
    __cpp_initialize__aeabi_                  - Undefined Weak Reference
    __cxa_finalize                            - Undefined Weak Reference
    __decompress                              - Undefined Weak Reference
    _clock_init                               - Undefined Weak Reference
    _microlib_exit                            - Undefined Weak Reference
    __Vectors_Size                           0x00000130   Number         0  startup_stm32f10x_hd.o ABSOLUTE
    __Vectors                                0x08000000   Data           4  startup_stm32f10x_hd.o(RESET)
    __Vectors_End                            0x08000130   Data           0  startup_stm32f10x_hd.o(RESET)
    __main                                   0x08000131   Thumb Code     0  entry.o(.ARM.Collect$$$$00000000)
    _main_stk                                0x08000131   Thumb Code     0  entry2.o(.ARM.Collect$$$$00000001)
    _main_scatterload                        0x08000135   Thumb Code     0  entry5.o(.ARM.Collect$$$$00000004)
    __main_after_scatterload                 0x08000139   Thumb Code     0  entry5.o(.ARM.Collect$$$$00000004)
    _main_clock                              0x08000139   Thumb Code     0  entry7b.o(.ARM.Collect$$$$00000008)
    _main_cpp_init                           0x08000139   Thumb Code     0  entry8b.o(.ARM.Collect$$$$0000000A)
    _main_init                               0x08000139   Thumb Code     0  entry9a.o(.ARM.Collect$$$$0000000B)
    __rt_final_cpp                           0x08000141   Thumb Code     0  entry10a.o(.ARM.Collect$$$$0000000D)
    __rt_final_exit                          0x08000141   Thumb Code     0  entry11a.o(.ARM.Collect$$$$0000000F)
    Reset_Handler                            0x08000145   Thumb Code     4  startup_stm32f10x_hd.o(.text)
    NMI_Handler                              0x08000149   Thumb Code     2  startup_stm32f10x_hd.o(.text)
    HardFault_Handler                        0x0800014b   Thumb Code     2  startup_stm32f10x_hd.o(.text)
    MemManage_Handler                        0x0800014d   Thumb Code     2  startup_stm32f10x_hd.o(.text)
    BusFault_Handler                         0x0800014f   Thumb Code     2  startup_stm32f10x_hd.o(.text)
    UsageFault_Handler                       0x08000151   Thumb Code     2  startup_stm32f10x_hd.o(.text)
    SVC_Handler                              0x08000153   Thumb Code     2  startup_stm32f10x_hd.o(.text)
    DebugMon_Handler                         0x08000155   Thumb Code     2  startup_stm32f10x_hd.o(.text)
    PendSV_Handler                           0x08000157   Thumb Code     2  startup_stm32f10x_hd.o(.text)
    ADC1_2_IRQHandler                        0x0800015b   Thumb Code     0  startup_stm32f10x_hd.o(.text)
    ADC3_IRQHandler                          0x0800015b   Thumb Code     0  startup_stm32f10x_hd.o(.text)
    CAN1_RX1_IRQHandler                      0x0800015b   Thumb Code     0  startup_stm32f10x_hd.o(.text)
    CAN1_SCE_IRQHandler                      0x0800015b   Thumb Code     0  startup_stm32f10x_hd.o(.text)
    DMA1_Channel1_IRQHandler                 0x0800015b   Thumb Code     0  startup_stm32f10x_hd.o(.text)
    DMA1_Channel2_IRQHandler                 0x0800015b   Thumb Code     0  startup_stm32f10x_hd.o(.text)
    DMA1_Channel3_IRQHandler                 0x0800015b   Thumb Code     0  startup_stm32f10x_hd.o(.text)
    DMA1_Channel4_IRQHandler                 0x0800015b   Thumb Code     0  startup_stm32f10x_hd.o(.text)
    DMA1_Channel5_IRQHandler                 0x0800015b   Thumb Code     0  startup_stm32f10x_hd.o(.text)
    DMA1_Channel6_IRQHandler                 0x0800015b   Thumb Code     0  startup_stm32f10x_hd.o(.text)
    DMA1_Channel7_IRQHandler                 0x0800015b   Thumb Code     0  startup_stm32f10x_hd.o(.text)
    DMA2_Channel1_IRQHandler                 0x0800015b   Thumb Code     0  startup_stm32f10x_hd.o(.text)
    DMA2_Channel2_IRQHandler                 0x0800015b   Thumb Code     0  startup_stm32f10x_hd.o(.text)
    DMA2_Channel3_IRQHandler                 0x0800015b   Thumb Code     0  startup_stm32f10x_hd.o(.text)
    DMA2_Channel4_5_IRQHandler               0x0800015b   Thumb Code     0  startup_stm32f10x_hd.o(.text)
    FLASH_IRQHandler                         0x0800015b   Thumb Code     0  startup_stm32f10x_hd.o(.text)
    FSMC_IRQHandler                          0x0800015b   Thumb Code     0  startup_stm32f10x_hd.o(.text)
    I2C1_ER_IRQHandler                       0x0800015b   Thumb Code     0  startup_stm32f10x_hd.o(.text)
    I2C1_EV_IRQHandler                       0x0800015b   Thumb Code     0  startup_stm32f10x_hd.o(.text)
    I2C2_ER_IRQHandler                       0x0800015b   Thumb Code     0  startup_stm32f10x_hd.o(.text)
    I2C2_EV_IRQHandler                       0x0800015b   Thumb Code     0  startup_stm32f10x_hd.o(.text)
    PVD_IRQHandler                           0x0800015b   Thumb Code     0  startup_stm32f10x_hd.o(.text)
    RCC_IRQHandler                           0x0800015b   Thumb Code     0  startup_stm32f10x_hd.o(.text)
    RTCAlarm_IRQHandler                      0x0800015b   Thumb Code     0  startup_stm32f10x_hd.o(.text)
    RTC_IRQHandler                           0x0800015b   Thumb Code     0  startup_stm32f10x_hd.o(.text)
    SDIO_IRQHandler                          0x0800015b   Thumb Code     0  startup_stm32f10x_hd.o(.text)
    SPI1_IRQHandler                          0x0800015b   Thumb Code     0  startup_stm32f10x_hd.o(.text)
    SPI2_IRQHandler                          0x0800015b   Thumb Code     0  startup_stm32f10x_hd.o(.text)
    SPI3_IRQHandler                          0x0800015b   Thumb Code     0  startup_stm32f10x_hd.o(.text)
    TAMPER_IRQHandler                        0x0800015b   Thumb Code     0  startup_stm32f10x_hd.o(.text)
    TIM7_IRQHandler                          0x0800015b   Thumb Code     0  startup_stm32f10x_hd.o(.text)
    TIM8_BRK_IRQHandler                      0x0800015b   Thumb Code     0  startup_stm32f10x_hd.o(.text)
    TIM8_CC_IRQHandler                       0x0800015b   Thumb Code     0  startup_stm32f10x_hd.o(.text)
    TIM8_TRG_COM_IRQHandler                  0x0800015b   Thumb Code     0  startup_stm32f10x_hd.o(.text)
    TIM8_UP_IRQHandler                       0x0800015b   Thumb Code     0  startup_stm32f10x_hd.o(.text)
    UART4_IRQHandler                         0x0800015b   Thumb Code     0  startup_stm32f10x_hd.o(.text)
    UART5_IRQHandler                         0x0800015b   Thumb Code     0  startup_stm32f10x_hd.o(.text)
    USART1_IRQHandler                        0x0800015b   Thumb Code     0  startup_stm32f10x_hd.o(.text)
    USART2_IRQHandler                        0x0800015b   Thumb Code     0  startup_stm32f10x_hd.o(.text)
    USART3_IRQHandler                        0x0800015b   Thumb Code     0  startup_stm32f10x_hd.o(.text)
    USBWakeUp_IRQHandler                     0x0800015b   Thumb Code     0  startup_stm32f10x_hd.o(.text)
    USB_HP_CAN1_TX_IRQHandler                0x0800015b   Thumb Code     0  startup_stm32f10x_hd.o(.text)
    USB_LP_CAN1_RX0_IRQHandler               0x0800015b   Thumb Code     0  startup_stm32f10x_hd.o(.text)
    WWDG_IRQHandler                          0x0800015b   Thumb Code     0  startup_stm32f10x_hd.o(.text)
    __aeabi_memcpy                           0x08000161   Thumb Code    36  memcpya.o(.text)
    __aeabi_memcpy4                          0x08000161   Thumb Code     0  memcpya.o(.text)
    __aeabi_memcpy8                          0x08000161   Thumb Code     0  memcpya.o(.text)
    __aeabi_memset                           0x08000185   Thumb Code    14  memseta.o(.text)
    __aeabi_memset4                          0x08000185   Thumb Code     0  memseta.o(.text)
    __aeabi_memset8                          0x08000185   Thumb Code     0  memseta.o(.text)
    __aeabi_memclr                           0x08000193   Thumb Code     4  memseta.o(.text)
    __aeabi_memclr4                          0x08000193   Thumb Code     0  memseta.o(.text)
    __aeabi_memclr8                          0x08000193   Thumb Code     0  memseta.o(.text)
    _memset$wrapper                          0x08000197   Thumb Code    18  memseta.o(.text)
    strlen                                   0x080001a9   Thumb Code    14  strlen.o(.text)
    __aeabi_uidiv                            0x080001b7   Thumb Code     0  uidiv.o(.text)
    __aeabi_uidivmod                         0x080001b7   Thumb Code    44  uidiv.o(.text)
    __scatterload                            0x080001e5   Thumb Code    28  init.o(.text)
    __scatterload_rt2                        0x080001e5   Thumb Code     0  init.o(.text)
    CMT2300A_AutoSwitchStatus                0x08000209   Thumb Code   176  cmt2300a.o(i.CMT2300A_AutoSwitchStatus)
    CMT2300A_ClearInterruptFlags             0x080002bd   Thumb Code   228  cmt2300a.o(i.CMT2300A_ClearInterruptFlags)
    CMT2300A_ClearRxFifo                     0x080003a1   Thumb Code    22  cmt2300a.o(i.CMT2300A_ClearRxFifo)
    CMT2300A_ClearTxFifo                     0x080003b7   Thumb Code    22  cmt2300a.o(i.CMT2300A_ClearTxFifo)
    CMT2300A_ConfigGpio                      0x080003cd   Thumb Code    14  cmt2300a.o(i.CMT2300A_ConfigGpio)
    CMT2300A_ConfigInterrupt                 0x080003db   Thumb Code    56  cmt2300a.o(i.CMT2300A_ConfigInterrupt)
    CMT2300A_ConfigRegBank                   0x08000413   Thumb Code    38  cmt2300a.o(i.CMT2300A_ConfigRegBank)
    CMT2300A_EnableErrorStop                 0x08000439   Thumb Code    34  cmt2300a.o(i.CMT2300A_EnableErrorStop)
    CMT2300A_EnableInterrupt                 0x0800045b   Thumb Code    14  cmt2300a.o(i.CMT2300A_EnableInterrupt)
    CMT2300A_EnableLfosc                     0x08000469   Thumb Code    50  cmt2300a.o(i.CMT2300A_EnableLfosc)
    CMT2300A_EnableReadFifo                  0x0800049b   Thumb Code    28  cmt2300a.o(i.CMT2300A_EnableReadFifo)
    CMT2300A_EnableWriteFifo                 0x080004b7   Thumb Code    28  cmt2300a.o(i.CMT2300A_EnableWriteFifo)
    CMT2300A_GetChipStatus                   0x080004d3   Thumb Code    14  cmt2300a.o(i.CMT2300A_GetChipStatus)
    CMT2300A_GoRx                            0x080004e1   Thumb Code    10  cmt2300a.o(i.CMT2300A_GoRx)
    CMT2300A_GoSleep                         0x080004eb   Thumb Code    10  cmt2300a.o(i.CMT2300A_GoSleep)
    CMT2300A_GoStby                          0x080004f5   Thumb Code    10  cmt2300a.o(i.CMT2300A_GoStby)
    CMT2300A_GoTx                            0x080004ff   Thumb Code    10  cmt2300a.o(i.CMT2300A_GoTx)
    CMT2300A_Init                            0x08000509   Thumb Code    52  cmt2300a.o(i.CMT2300A_Init)
    CMT2300A_InitGpio                        0x0800053d   Thumb Code    44  cmt2300a_hal.o(i.CMT2300A_InitGpio)
    CMT2300A_IsExist                         0x0800056d   Thumb Code    46  cmt2300a.o(i.CMT2300A_IsExist)
    CMT2300A_ReadFifo                        0x0800059b   Thumb Code    16  cmt2300a_hal.o(i.CMT2300A_ReadFifo)
    CMT2300A_ReadReg                         0x080005ab   Thumb Code    22  cmt2300a_hal.o(i.CMT2300A_ReadReg)
    CMT2300A_SoftReset                       0x080005c1   Thumb Code    12  cmt2300a.o(i.CMT2300A_SoftReset)
    CMT2300A_SwitchStatusAndWait             0x080005cd   Thumb Code    52  cmt2300a.o(i.CMT2300A_SwitchStatusAndWait)
    CMT2300A_WriteFifo                       0x08000605   Thumb Code    16  cmt2300a_hal.o(i.CMT2300A_WriteFifo)
    CMT2300A_WriteReg                        0x08000615   Thumb Code    16  cmt2300a_hal.o(i.CMT2300A_WriteReg)
    EXTI0_IRQHandler                         0x08000625   Thumb Code    44  stm32f10x_it.o(i.EXTI0_IRQHandler)
    EXTI15_10_IRQHandler                     0x08000659   Thumb Code   280  stm32f10x_it.o(i.EXTI15_10_IRQHandler)
    EXTI1_IRQHandler                         0x08000779   Thumb Code    44  stm32f10x_it.o(i.EXTI1_IRQHandler)
    EXTI2_IRQHandler                         0x080007ad   Thumb Code    44  stm32f10x_it.o(i.EXTI2_IRQHandler)
    EXTI3_IRQHandler                         0x080007e1   Thumb Code    44  stm32f10x_it.o(i.EXTI3_IRQHandler)
    EXTI4_IRQHandler                         0x08000815   Thumb Code    44  stm32f10x_it.o(i.EXTI4_IRQHandler)
    EXTI9_5_IRQHandler                       0x08000849   Thumb Code   208  stm32f10x_it.o(i.EXTI9_5_IRQHandler)
    GPIO_Config                              0x08000921   Thumb Code   184  common.o(i.GPIO_Config)
    GPIO_Pin_Setting                         0x080009e1   Thumb Code   114  common.o(i.GPIO_Pin_Setting)
    IntSrv_Init                              0x08000a55   Thumb Code    20  interrupt_server.o(i.IntSrv_Init)
    Key_Init                                 0x08000a71   Thumb Code   112  key_server.o(i.Key_Init)
    Mcu_Init                                 0x08000af9   Thumb Code    52  main.o(i.Mcu_Init)
    NVIC_Config                              0x08000b2d   Thumb Code   336  system.o(i.NVIC_Config)
    NVIC_Init                                0x08000c7d   Thumb Code   100  misc.o(i.NVIC_Init)
    NVIC_PriorityGroupConfig                 0x08000ced   Thumb Code    10  misc.o(i.NVIC_PriorityGroupConfig)
    OnMaster                                 0x08000d01   Thumb Code   214  main.o(i.OnMaster)
    OnSlave                                  0x08000e21   Thumb Code   202  main.o(i.OnSlave)
    RCC_APB1PeriphClockCmd                   0x08000f25   Thumb Code    26  stm32f10x_rcc.o(i.RCC_APB1PeriphClockCmd)
    RCC_APB1PeriphResetCmd                   0x08000f45   Thumb Code    26  stm32f10x_rcc.o(i.RCC_APB1PeriphResetCmd)
    RCC_APB2PeriphClockCmd                   0x08000f65   Thumb Code    26  stm32f10x_rcc.o(i.RCC_APB2PeriphClockCmd)
    RCC_APB2PeriphResetCmd                   0x08000f85   Thumb Code    26  stm32f10x_rcc.o(i.RCC_APB2PeriphResetCmd)
    RF_Config                                0x08000fa5   Thumb Code    40  radio.o(i.RF_Config)
    RF_Init                                  0x08000fcd   Thumb Code    96  radio.o(i.RF_Init)
    RF_Process                               0x08001045   Thumb Code   378  radio.o(i.RF_Process)
    RF_StartRx                               0x080011f1   Thumb Code    40  radio.o(i.RF_StartRx)
    RF_StartTx                               0x08001229   Thumb Code    22  radio.o(i.RF_StartTx)
    SysTick_CLKSourceConfig                  0x08001339   Thumb Code    40  misc.o(i.SysTick_CLKSourceConfig)
    SysTick_Handler                          0x08001361   Thumb Code    12  stm32f10x_it.o(i.SysTick_Handler)
    SystemInit                               0x08001371   Thumb Code    78  system_stm32f10x.o(i.SystemInit)
    SystemTimerDelay_Config                  0x080013d1   Thumb Code    80  system.o(i.SystemTimerDelay_Config)
    TIM1_BRK_IRQHandler                      0x0800142d   Thumb Code     4  stm32f10x_it.o(i.TIM1_BRK_IRQHandler)
    TIM1_CC_IRQHandler                       0x08001431   Thumb Code     4  stm32f10x_it.o(i.TIM1_CC_IRQHandler)
    TIM1_TRG_COM_IRQHandler                  0x08001435   Thumb Code     4  stm32f10x_it.o(i.TIM1_TRG_COM_IRQHandler)
    TIM1_UP_IRQHandler                       0x08001439   Thumb Code     4  stm32f10x_it.o(i.TIM1_UP_IRQHandler)
    TIM2_IRQHandler                          0x0800143d   Thumb Code     2  stm32f10x_it.o(i.TIM2_IRQHandler)
    TIM3_IRQHandler                          0x0800143f   Thumb Code     2  stm32f10x_it.o(i.TIM3_IRQHandler)
    TIM4_IRQHandler                          0x08001441   Thumb Code    32  stm32f10x_it.o(i.TIM4_IRQHandler)
    TIM5_IRQHandler                          0x08001465   Thumb Code    38  stm32f10x_it.o(i.TIM5_IRQHandler)
    TIM6_IRQHandler                          0x08001491   Thumb Code    44  stm32f10x_it.o(i.TIM6_IRQHandler)
    TIM_ARRPreloadConfig                     0x080014c5   Thumb Code    24  stm32f10x_tim.o(i.TIM_ARRPreloadConfig)
    TIM_ClearFlag                            0x080014dd   Thumb Code     6  stm32f10x_tim.o(i.TIM_ClearFlag)
    TIM_Cmd                                  0x080014e3   Thumb Code    24  stm32f10x_tim.o(i.TIM_Cmd)
    TIM_DeInit                               0x080014fd   Thumb Code   424  stm32f10x_tim.o(i.TIM_DeInit)
    TIM_ITConfig                             0x080016e5   Thumb Code    18  stm32f10x_tim.o(i.TIM_ITConfig)
    TIM_TimeBaseInit                         0x080016f9   Thumb Code   122  stm32f10x_tim.o(i.TIM_TimeBaseInit)
    Timer5_Config                            0x0800179d   Thumb Code    76  system.o(i.Timer5_Config)
    __0sprintf$1                             0x080017ed   Thumb Code    34  printf1.o(i.__0sprintf$1)
    __1sprintf$1                             0x080017ed   Thumb Code     0  printf1.o(i.__0sprintf$1)
    __2sprintf                               0x080017ed   Thumb Code     0  printf1.o(i.__0sprintf$1)
    __scatterload_copy                       0x08001815   Thumb Code    14  handlers.o(i.__scatterload_copy)
    __scatterload_null                       0x08001823   Thumb Code     2  handlers.o(i.__scatterload_null)
    __scatterload_zeroinit                   0x08001825   Thumb Code    14  handlers.o(i.__scatterload_zeroinit)
    buzzer_init                              0x08001995   Thumb Code    34  buzzer.o(i.buzzer_init)
    cmt_spi3_delay                           0x080019bd   Thumb Code    14  cmt_spi3.o(i.cmt_spi3_delay)
    cmt_spi3_delay_us                        0x080019cb   Thumb Code    16  cmt_spi3.o(i.cmt_spi3_delay_us)
    cmt_spi3_init                            0x080019dd   Thumb Code   114  cmt_spi3.o(i.cmt_spi3_init)
    cmt_spi3_read                            0x08001a59   Thumb Code   176  cmt_spi3.o(i.cmt_spi3_read)
    cmt_spi3_read_fifo                       0x08001b11   Thumb Code   208  cmt_spi3.o(i.cmt_spi3_read_fifo)
    cmt_spi3_recv                            0x08001be9   Thumb Code    68  cmt_spi3.o(i.cmt_spi3_recv)
    cmt_spi3_send                            0x08001c31   Thumb Code    64  cmt_spi3.o(i.cmt_spi3_send)
    cmt_spi3_write                           0x08001c75   Thumb Code   162  cmt_spi3.o(i.cmt_spi3_write)
    cmt_spi3_write_fifo                      0x08001d21   Thumb Code   208  cmt_spi3.o(i.cmt_spi3_write_fifo)
    lcd12864_clear_screen                    0x08001df9   Thumb Code    42  lcd12864.o(i.lcd12864_clear_screen)
    lcd12864_delay                           0x08001e23   Thumb Code     2  lcd12864.o(i.lcd12864_delay)
    lcd12864_delay_ms                        0x08001e25   Thumb Code    12  lcd12864.o(i.lcd12864_delay_ms)
    lcd12864_display_string_6x8              0x08001e31   Thumb Code   120  lcd12864.o(i.lcd12864_display_string_6x8)
    lcd12864_init                            0x08001eb5   Thumb Code   136  lcd12864.o(i.lcd12864_init)
    lcd12864_init_lcd                        0x08001f45   Thumb Code   140  lcd12864.o(i.lcd12864_init_lcd)
    lcd12864_led_on                          0x08001fe5   Thumb Code    16  lcd12864.o(i.lcd12864_led_on)
    lcd12864_reset                           0x08001ff9   Thumb Code    42  lcd12864.o(i.lcd12864_reset)
    lcd12864_send_cmd                        0x08002029   Thumb Code    92  lcd12864.o(i.lcd12864_send_cmd)
    lcd12864_send_data                       0x0800208d   Thumb Code   120  lcd12864.o(i.lcd12864_send_data)
    lcd12864_set_address                     0x08002119   Thumb Code    46  lcd12864.o(i.lcd12864_set_address)
    lcd12864_update_data                     0x08002151   Thumb Code    86  lcd12864.o(i.lcd12864_update_data)
    led1_onAutoOff_proc                      0x080021b1   Thumb Code    10  led.o(i.led1_onAutoOff_proc)
    led2_onAutoOff_proc                      0x080021bb   Thumb Code    10  led.o(i.led2_onAutoOff_proc)
    led3_onAutoOff_proc                      0x080021c5   Thumb Code    10  led.o(i.led3_onAutoOff_proc)
    led_init                                 0x080021d1   Thumb Code    62  led.o(i.led_init)
    led_off                                  0x08002219   Thumb Code    64  led.o(i.led_off)
    led_on                                   0x08002261   Thumb Code    64  led.o(i.led_on)
    led_onAutoOff                            0x080022a9   Thumb Code    66  led.o(i.led_onAutoOff)
    main                                     0x080022f9   Thumb Code    78  main.o(i.main)
    system_delay_100us                       0x08002375   Thumb Code   148  time_server.o(i.system_delay_100us)
    system_delay_ms                          0x08002409   Thumb Code    28  time_server.o(i.system_delay_ms)
    time_server_init                         0x08002425   Thumb Code    26  time_server.o(i.time_server_init)
    time_server_interrupt_proc5              0x08002451   Thumb Code    80  time_server.o(i.time_server_interrupt_proc5)
    time_server_setDelayRunTask              0x080024a9   Thumb Code    82  time_server.o(i.time_server_setDelayRunTask)
    views_print_line                         0x08002505   Thumb Code    62  common.o(i.views_print_line)
    g_ascii_table_8x16                       0x08002548   Data        1520  lcd12864.o(.constdata)
    g_ascii_table_5x8                        0x08002b38   Data         475  lcd12864.o(.constdata)
    g_cmt2300aCmtBank                        0x08002d13   Data          12  radio.o(.constdata)
    g_cmt2300aSystemBank                     0x08002d1f   Data          12  radio.o(.constdata)
    g_cmt2300aFrequencyBank                  0x08002d2b   Data           8  radio.o(.constdata)
    g_cmt2300aDataRateBank                   0x08002d33   Data          24  radio.o(.constdata)
    g_cmt2300aBasebandBank                   0x08002d4b   Data          29  radio.o(.constdata)
    g_cmt2300aTxBank                         0x08002d68   Data          11  radio.o(.constdata)
    Region$$Table$$Base                      0x08002d74   Number         0  anon$$obj.o(Region$$Table)
    Region$$Table$$Limit                     0x08002d94   Number         0  anon$$obj.o(Region$$Table)
    g_lcd12864_curr_page                     0x20000008   Data           1  lcd12864.o(.data)
    g_lcd12864_curr_column                   0x20000009   Data           1  lcd12864.o(.data)
    lcd12864_is_auto_update                  0x2000000a   Data           1  lcd12864.o(.data)
    g_nSysTickCount                          0x2000000c   Data           4  time_server.o(.data)
    g_nUserTimeout                           0x20000010   Data           4  time_server.o(.data)
    g_nUserTimeCnt                           0x20000014   Data           4  time_server.o(.data)
    g_time_server_proc_run5                  0x20000018   Data           4  time_server.o(.data)
    g_time_server_proc_run6                  0x2000001c   Data           4  time_server.o(.data)
    g_lcd12864_write_data                    0x200000a4   Data        1024  lcd12864.o(.bss)
    g_lcd12864_curr_data                     0x200004a4   Data        1024  lcd12864.o(.bss)
    g_delayRunTasks                          0x200008a4   Data         128  time_server.o(.bss)
    g_gpioExtiManager                        0x20000924   Data         192  interrupt_server.o(.bss)
    g_gpioExtiManagerBackup                  0x200009e4   Data         192  interrupt_server.o(.bss)
    g_key1                                   0x20000aa4   Data          16  key_server.o(.bss)
    g_key2                                   0x20000ab4   Data          16  key_server.o(.bss)
    g_key3                                   0x20000ac4   Data          16  key_server.o(.bss)
    g_key4                                   0x20000ad4   Data          16  key_server.o(.bss)
    g_key5                                   0x20000ae4   Data          16  key_server.o(.bss)
    __initial_sp                             0x20000ef8   Data           0  startup_stm32f10x_hd.o(STACK)



==============================================================================

Memory Map of the image

  Image Entry point : 0x08000131

  Load Region LR_IROM1 (Base: 0x08000000, Size: 0x00002dd8, Max: 0x00040000, ABSOLUTE)

    Execution Region ER_IROM1 (Base: 0x08000000, Size: 0x00002d94, Max: 0x00040000, ABSOLUTE)

    Base Addr    Size         Type   Attr      Idx    E Section Name        Object

    0x08000000   0x00000130   Data   RO            3    RESET               startup_stm32f10x_hd.o
    0x08000130   0x00000000   Code   RO         4259  * .ARM.Collect$$$$00000000  mc_w.l(entry.o)
    0x08000130   0x00000004   Code   RO         4533    .ARM.Collect$$$$00000001  mc_w.l(entry2.o)
    0x08000134   0x00000004   Code   RO         4536    .ARM.Collect$$$$00000004  mc_w.l(entry5.o)
    0x08000138   0x00000000   Code   RO         4538    .ARM.Collect$$$$00000008  mc_w.l(entry7b.o)
    0x08000138   0x00000000   Code   RO         4540    .ARM.Collect$$$$0000000A  mc_w.l(entry8b.o)
    0x08000138   0x00000008   Code   RO         4541    .ARM.Collect$$$$0000000B  mc_w.l(entry9a.o)
    0x08000140   0x00000000   Code   RO         4543    .ARM.Collect$$$$0000000D  mc_w.l(entry10a.o)
    0x08000140   0x00000000   Code   RO         4545    .ARM.Collect$$$$0000000F  mc_w.l(entry11a.o)
    0x08000140   0x00000004   Code   RO         4534    .ARM.Collect$$$$00002712  mc_w.l(entry2.o)
    0x08000144   0x0000001c   Code   RO            4    .text               startup_stm32f10x_hd.o
    0x08000160   0x00000024   Code   RO         4262    .text               mc_w.l(memcpya.o)
    0x08000184   0x00000024   Code   RO         4264    .text               mc_w.l(memseta.o)
    0x080001a8   0x0000000e   Code   RO         4266    .text               mc_w.l(strlen.o)
    0x080001b6   0x0000002c   Code   RO         4550    .text               mc_w.l(uidiv.o)
    0x080001e2   0x00000002   PAD
    0x080001e4   0x00000024   Code   RO         4565    .text               mc_w.l(init.o)
    0x08000208   0x000000b4   Code   RO         3989    i.CMT2300A_AutoSwitchStatus  cmt2300a.o
    0x080002bc   0x000000e4   Code   RO         3990    i.CMT2300A_ClearInterruptFlags  cmt2300a.o
    0x080003a0   0x00000016   Code   RO         3991    i.CMT2300A_ClearRxFifo  cmt2300a.o
    0x080003b6   0x00000016   Code   RO         3992    i.CMT2300A_ClearTxFifo  cmt2300a.o
    0x080003cc   0x0000000e   Code   RO         3993    i.CMT2300A_ConfigGpio  cmt2300a.o
    0x080003da   0x00000038   Code   RO         3994    i.CMT2300A_ConfigInterrupt  cmt2300a.o
    0x08000412   0x00000026   Code   RO         3995    i.CMT2300A_ConfigRegBank  cmt2300a.o
    0x08000438   0x00000022   Code   RO         3998    i.CMT2300A_EnableErrorStop  cmt2300a.o
    0x0800045a   0x0000000e   Code   RO         4000    i.CMT2300A_EnableInterrupt  cmt2300a.o
    0x08000468   0x00000032   Code   RO         4001    i.CMT2300A_EnableLfosc  cmt2300a.o
    0x0800049a   0x0000001c   Code   RO         4003    i.CMT2300A_EnableReadFifo  cmt2300a.o
    0x080004b6   0x0000001c   Code   RO         4007    i.CMT2300A_EnableWriteFifo  cmt2300a.o
    0x080004d2   0x0000000e   Code   RO         4008    i.CMT2300A_GetChipStatus  cmt2300a.o
    0x080004e0   0x0000000a   Code   RO         4012    i.CMT2300A_GoRx     cmt2300a.o
    0x080004ea   0x0000000a   Code   RO         4013    i.CMT2300A_GoSleep  cmt2300a.o
    0x080004f4   0x0000000a   Code   RO         4014    i.CMT2300A_GoStby   cmt2300a.o
    0x080004fe   0x0000000a   Code   RO         4016    i.CMT2300A_GoTx     cmt2300a.o
    0x08000508   0x00000034   Code   RO         4017    i.CMT2300A_Init     cmt2300a.o
    0x0800053c   0x00000030   Code   RO         4223    i.CMT2300A_InitGpio  cmt2300a_hal.o
    0x0800056c   0x0000002e   Code   RO         4018    i.CMT2300A_IsExist  cmt2300a.o
    0x0800059a   0x00000010   Code   RO         4224    i.CMT2300A_ReadFifo  cmt2300a_hal.o
    0x080005aa   0x00000016   Code   RO         4225    i.CMT2300A_ReadReg  cmt2300a_hal.o
    0x080005c0   0x0000000c   Code   RO         4025    i.CMT2300A_SoftReset  cmt2300a.o
    0x080005cc   0x00000038   Code   RO         4026    i.CMT2300A_SwitchStatusAndWait  cmt2300a.o
    0x08000604   0x00000010   Code   RO         4226    i.CMT2300A_WriteFifo  cmt2300a_hal.o
    0x08000614   0x00000010   Code   RO         4227    i.CMT2300A_WriteReg  cmt2300a_hal.o
    0x08000624   0x00000034   Code   RO         3224    i.EXTI0_IRQHandler  stm32f10x_it.o
    0x08000658   0x00000120   Code   RO         3225    i.EXTI15_10_IRQHandler  stm32f10x_it.o
    0x08000778   0x00000034   Code   RO         3226    i.EXTI1_IRQHandler  stm32f10x_it.o
    0x080007ac   0x00000034   Code   RO         3227    i.EXTI2_IRQHandler  stm32f10x_it.o
    0x080007e0   0x00000034   Code   RO         3228    i.EXTI3_IRQHandler  stm32f10x_it.o
    0x08000814   0x00000034   Code   RO         3229    i.EXTI4_IRQHandler  stm32f10x_it.o
    0x08000848   0x000000d8   Code   RO         3230    i.EXTI9_5_IRQHandler  stm32f10x_it.o
    0x08000920   0x000000c0   Code   RO         3075    i.GPIO_Config       common.o
    0x080009e0   0x00000072   Code   RO         3126    i.GPIO_Pin_Setting  common.o
    0x08000a52   0x00000002   PAD
    0x08000a54   0x0000001c   Code   RO         3834    i.IntSrv_Init       interrupt_server.o
    0x08000a70   0x00000088   Code   RO         3886    i.Key_Init          key_server.o
    0x08000af8   0x00000034   Code   RO         3155    i.Mcu_Init          main.o
    0x08000b2c   0x00000150   Code   RO         3335    i.NVIC_Config       system.o
    0x08000c7c   0x00000070   Code   RO           24    i.NVIC_Init         misc.o
    0x08000cec   0x00000014   Code   RO           25    i.NVIC_PriorityGroupConfig  misc.o
    0x08000d00   0x00000120   Code   RO         3156    i.OnMaster          main.o
    0x08000e20   0x00000104   Code   RO         3157    i.OnSlave           main.o
    0x08000f24   0x00000020   Code   RO         1605    i.RCC_APB1PeriphClockCmd  stm32f10x_rcc.o
    0x08000f44   0x00000020   Code   RO         1606    i.RCC_APB1PeriphResetCmd  stm32f10x_rcc.o
    0x08000f64   0x00000020   Code   RO         1607    i.RCC_APB2PeriphClockCmd  stm32f10x_rcc.o
    0x08000f84   0x00000020   Code   RO         1608    i.RCC_APB2PeriphResetCmd  stm32f10x_rcc.o
    0x08000fa4   0x00000028   Code   RO         3928    i.RF_Config         radio.o
    0x08000fcc   0x00000078   Code   RO         3931    i.RF_Init           radio.o
    0x08001044   0x000001ac   Code   RO         3932    i.RF_Process        radio.o
    0x080011f0   0x00000038   Code   RO         3934    i.RF_StartRx        radio.o
    0x08001228   0x00000028   Code   RO         3935    i.RF_StartTx        radio.o
    0x08001250   0x00000008   Code   RO         3384    i.SetSysClock       system_stm32f10x.o
    0x08001258   0x000000e0   Code   RO         3385    i.SetSysClockTo72   system_stm32f10x.o
    0x08001338   0x00000028   Code   RO           28    i.SysTick_CLKSourceConfig  misc.o
    0x08001360   0x00000010   Code   RO         3231    i.SysTick_Handler   stm32f10x_it.o
    0x08001370   0x00000060   Code   RO         3387    i.SystemInit        system_stm32f10x.o
    0x080013d0   0x0000005c   Code   RO         3336    i.SystemTimerDelay_Config  system.o
    0x0800142c   0x00000004   Code   RO         3232    i.TIM1_BRK_IRQHandler  stm32f10x_it.o
    0x08001430   0x00000004   Code   RO         3233    i.TIM1_CC_IRQHandler  stm32f10x_it.o
    0x08001434   0x00000004   Code   RO         3234    i.TIM1_TRG_COM_IRQHandler  stm32f10x_it.o
    0x08001438   0x00000004   Code   RO         3235    i.TIM1_UP_IRQHandler  stm32f10x_it.o
    0x0800143c   0x00000002   Code   RO         3236    i.TIM2_IRQHandler   stm32f10x_it.o
    0x0800143e   0x00000002   Code   RO         3237    i.TIM3_IRQHandler   stm32f10x_it.o
    0x08001440   0x00000024   Code   RO         3238    i.TIM4_IRQHandler   stm32f10x_it.o
    0x08001464   0x0000002c   Code   RO         3239    i.TIM5_IRQHandler   stm32f10x_it.o
    0x08001490   0x00000034   Code   RO         3240    i.TIM6_IRQHandler   stm32f10x_it.o
    0x080014c4   0x00000018   Code   RO         2236    i.TIM_ARRPreloadConfig  stm32f10x_tim.o
    0x080014dc   0x00000006   Code   RO         2242    i.TIM_ClearFlag     stm32f10x_tim.o
    0x080014e2   0x00000018   Code   RO         2248    i.TIM_Cmd           stm32f10x_tim.o
    0x080014fa   0x00000002   PAD
    0x080014fc   0x000001e8   Code   RO         2253    i.TIM_DeInit        stm32f10x_tim.o
    0x080016e4   0x00000012   Code   RO         2273    i.TIM_ITConfig      stm32f10x_tim.o
    0x080016f6   0x00000002   PAD
    0x080016f8   0x000000a4   Code   RO         2319    i.TIM_TimeBaseInit  stm32f10x_tim.o
    0x0800179c   0x00000050   Code   RO         3337    i.Timer5_Config     system.o
    0x080017ec   0x00000028   Code   RO         4319    i.__0sprintf$1      mc_w.l(printf1.o)
    0x08001814   0x0000000e   Code   RO         4579    i.__scatterload_copy  mc_w.l(handlers.o)
    0x08001822   0x00000002   Code   RO         4580    i.__scatterload_null  mc_w.l(handlers.o)
    0x08001824   0x0000000e   Code   RO         4581    i.__scatterload_zeroinit  mc_w.l(handlers.o)
    0x08001832   0x00000002   PAD
    0x08001834   0x00000154   Code   RO         4324    i._printf_core      mc_w.l(printf1.o)
    0x08001988   0x0000000a   Code   RO         4326    i._sputc            mc_w.l(printf1.o)
    0x08001992   0x00000002   PAD
    0x08001994   0x00000028   Code   RO         3418    i.buzzer_init       buzzer.o
    0x080019bc   0x0000000e   Code   RO         3736    i.cmt_spi3_delay    cmt_spi3.o
    0x080019ca   0x00000010   Code   RO         3741    i.cmt_spi3_delay_us  cmt_spi3.o
    0x080019da   0x00000002   PAD
    0x080019dc   0x0000007c   Code   RO         3691    i.cmt_spi3_init     cmt_spi3.o
    0x08001a58   0x000000b8   Code   RO         3692    i.cmt_spi3_read     cmt_spi3.o
    0x08001b10   0x000000d8   Code   RO         3693    i.cmt_spi3_read_fifo  cmt_spi3.o
    0x08001be8   0x00000048   Code   RO         3694    i.cmt_spi3_recv     cmt_spi3.o
    0x08001c30   0x00000044   Code   RO         3695    i.cmt_spi3_send     cmt_spi3.o
    0x08001c74   0x000000ac   Code   RO         3696    i.cmt_spi3_write    cmt_spi3.o
    0x08001d20   0x000000d8   Code   RO         3697    i.cmt_spi3_write_fifo  cmt_spi3.o
    0x08001df8   0x0000002a   Code   RO         3455    i.lcd12864_clear_screen  lcd12864.o
    0x08001e22   0x00000002   Code   RO         3456    i.lcd12864_delay    lcd12864.o
    0x08001e24   0x0000000c   Code   RO         3457    i.lcd12864_delay_ms  lcd12864.o
    0x08001e30   0x00000084   Code   RO         3463    i.lcd12864_display_string_6x8  lcd12864.o
    0x08001eb4   0x00000090   Code   RO         3469    i.lcd12864_init     lcd12864.o
    0x08001f44   0x000000a0   Code   RO         3470    i.lcd12864_init_lcd  lcd12864.o
    0x08001fe4   0x00000014   Code   RO         3472    i.lcd12864_led_on   lcd12864.o
    0x08001ff8   0x00000030   Code   RO         3474    i.lcd12864_reset    lcd12864.o
    0x08002028   0x00000064   Code   RO         3475    i.lcd12864_send_cmd  lcd12864.o
    0x0800208c   0x0000008c   Code   RO         3476    i.lcd12864_send_data  lcd12864.o
    0x08002118   0x00000038   Code   RO         3477    i.lcd12864_set_address  lcd12864.o
    0x08002150   0x00000060   Code   RO         3479    i.lcd12864_update_data  lcd12864.o
    0x080021b0   0x0000000a   Code   RO         3631    i.led1_onAutoOff_proc  led.o
    0x080021ba   0x0000000a   Code   RO         3632    i.led2_onAutoOff_proc  led.o
    0x080021c4   0x0000000a   Code   RO         3633    i.led3_onAutoOff_proc  led.o
    0x080021ce   0x00000002   PAD
    0x080021d0   0x00000048   Code   RO         3634    i.led_init          led.o
    0x08002218   0x00000048   Code   RO         3636    i.led_off           led.o
    0x08002260   0x00000048   Code   RO         3637    i.led_on            led.o
    0x080022a8   0x00000050   Code   RO         3638    i.led_onAutoOff     led.o
    0x080022f8   0x0000007c   Code   RO         3158    i.main              main.o
    0x08002374   0x00000094   Code   RO         3760    i.system_delay_100us  time_server.o
    0x08002408   0x0000001c   Code   RO         3763    i.system_delay_ms   time_server.o
    0x08002424   0x0000002c   Code   RO         3765    i.time_server_init  time_server.o
    0x08002450   0x00000058   Code   RO         3766    i.time_server_interrupt_proc5  time_server.o
    0x080024a8   0x0000005c   Code   RO         3767    i.time_server_setDelayRunTask  time_server.o
    0x08002504   0x00000044   Code   RO         3081    i.views_print_line  common.o
    0x08002548   0x000007cb   Data   RO         3481    .constdata          lcd12864.o
    0x08002d13   0x00000060   Data   RO         3936    .constdata          radio.o
    0x08002d73   0x00000001   PAD
    0x08002d74   0x00000020   Data   RO         4577    Region$$Table       anon$$obj.o


    Execution Region RW_IRAM1 (Base: 0x20000000, Size: 0x00000ef8, Max: 0x0000c000, ABSOLUTE)

    Base Addr    Size         Type   Attr      Idx    E Section Name        Object

    0x20000000   0x00000008   Data   RW         3160    .data               main.o
    0x20000008   0x00000003   Data   RW         3482    .data               lcd12864.o
    0x2000000b   0x00000001   PAD
    0x2000000c   0x00000014   Data   RW         3769    .data               time_server.o
    0x20000020   0x00000021   Data   RW         3937    .data               radio.o
    0x20000041   0x00000003   PAD
    0x20000044   0x00000020   Zero   RW         3082    .bss                common.o
    0x20000064   0x00000040   Zero   RW         3159    .bss                main.o
    0x200000a4   0x00000800   Zero   RW         3480    .bss                lcd12864.o
    0x200008a4   0x00000080   Zero   RW         3768    .bss                time_server.o
    0x20000924   0x00000180   Zero   RW         3838    .bss                interrupt_server.o
    0x20000aa4   0x00000050   Zero   RW         3891    .bss                key_server.o
    0x20000af4   0x00000004   PAD
    0x20000af8   0x00000400   Zero   RW            1    STACK               startup_stm32f10x_hd.o


==============================================================================

Image component sizes


      Code (inc. data)   RO Data    RW Data    ZI Data      Debug   Object Name

        40          6          0          0          0        450   buzzer.o
       934          8          0          0          0      12130   cmt2300a.o
       118          4          0          0          0       2832   cmt2300a_hal.o
      1082         52          0          0          0       5869   cmt_spi3.o
       374         14          0          0         32       2508   common.o
         0          0          0          0          0       4508   core_cm3.o
        28          8          0          0        384       2102   interrupt_server.o
       136         24          0          0         80       1516   key_server.o
       952         98       1995          3       2048       7991   lcd12864.o
       326         40          0          0          0       3436   led.o
       724        186          0          8         64       3843   main.o
       172         22          0          0          0     238433   misc.o
       684        118         96         33          0       4153   radio.o
        28          4        304          0       1024        916   startup_stm32f10x_hd.o
       932         78          0          0          0       8293   stm32f10x_it.o
       128         24          0          0          0       2484   stm32f10x_rcc.o
       724        106          0          0          0       4596   stm32f10x_tim.o
       508         16          0          0          0      17107   system.o
       328         28          0          0          0       2009   system_stm32f10x.o
       400         36          0         20        128       5058   time_server.o

    ----------------------------------------------------------------------
      8628        872       2428         68       3764     330234   Object Totals
         0          0         32          0          0          0   (incl. Generated)
        10          0          1          4          4          0   (incl. Padding)

    ----------------------------------------------------------------------

      Code (inc. data)   RO Data    RW Data    ZI Data      Debug   Library Member Name

         0          0          0          0          0          0   entry.o
         0          0          0          0          0          0   entry10a.o
         0          0          0          0          0          0   entry11a.o
         8          4          0          0          0          0   entry2.o
         4          0          0          0          0          0   entry5.o
         0          0          0          0          0          0   entry7b.o
         0          0          0          0          0          0   entry8b.o
         8          4          0          0          0          0   entry9a.o
        30          0          0          0          0          0   handlers.o
        36          8          0          0          0         68   init.o
        36          0          0          0          0         68   memcpya.o
        36          0          0          0          0        108   memseta.o
       390         10          0          0          0        252   printf1.o
        14          0          0          0          0         68   strlen.o
        44          0          0          0          0         80   uidiv.o

    ----------------------------------------------------------------------
       612         26          0          0          0        644   Library Totals
         6          0          0          0          0          0   (incl. Padding)

    ----------------------------------------------------------------------

      Code (inc. data)   RO Data    RW Data    ZI Data      Debug   Library Name

       606         26          0          0          0        644   mc_w.l

    ----------------------------------------------------------------------
       612         26          0          0          0        644   Library Totals

    ----------------------------------------------------------------------

==============================================================================


      Code (inc. data)   RO Data    RW Data    ZI Data      Debug   

      9240        898       2428         68       3764     325258   Grand Totals
      9240        898       2428         68       3764     325258   ELF Image Totals
      9240        898       2428         68          0          0   ROM Totals

==============================================================================

    Total RO  Size (Code + RO Data)                11668 (  11.39kB)
    Total RW  Size (RW Data + ZI Data)              3832 (   3.74kB)
    Total ROM Size (Code + RO Data + RW Data)      11736 (  11.46kB)

==============================================================================

