<html>
<body>
<pre>
<h1>µVision Build Log</h1>
<h2>Tool Versions:</h2>
IDE-Version: ¦ÌVision V5.25.2.0
Copyright (C) 2018 ARM Ltd and ARM Germany GmbH. All rights reserved.
License Information: zm Windows, HP Inc., LIC=X1EY8-38C73-IMK9B-2D9Z4-73GTT-HGM3Y
 
Tool Versions:
Toolchain:       MDK-ARM Professional  Version: 5.25.2.0
Toolchain Path:  C:\Keil_v5\ARM\ARMCC\Bin
C Compiler:      Armcc.exe V5.06 update 6 (build 750)
Assembler:       Armasm.exe V5.06 update 6 (build 750)
Linker/Locator:  ArmLink.exe V5.06 update 6 (build 750)
Library Manager: ArmAr.exe V5.06 update 6 (build 750)
Hex Converter:   FromElf.exe V5.06 update 6 (build 750)
CPU DLL:         SARMCM3.DLL V5.25.2.0
Dialog DLL:      DARMCM1.DLL V1.19.1.0
Target DLL:      Segger\JL2CM3.dll V2.99.29.0
Dialog DLL:      TARMCM1.DLL V1.14.0.0
 
<h2>Project:</h2>
F:\projects\18\git\Hardware\qmc5883l\hmc5883\MDK-ARM\hmc5883.uvprojx
Project File Date:  12/15/2018

<h2>Output:</h2>
*** Using Compiler 'V5.06 update 6 (build 750)', folder: 'C:\Keil_v5\ARM\ARMCC\Bin'
Build target 'hmc5883'
compiling filer.c...
..\Src\HMC5883L\filer.c(64): warning:  #223-D: function "printf" declared implicitly
  		printf("%f    %f    %f    %f    %f     %f    %f     %f     %f",
..\Src\HMC5883L\filer.c(14): warning:  #177-D: variable "n"  was declared but never referenced
  	unsigned char i,k,n;
..\Src\HMC5883L\filer.c(225): warning:  #223-D: function "memcpy" declared implicitly
  		memcpy(&vmanetic_usr.Mpv[j][delete_value_index],&vmanetic_usr.Mpv[j][delete_value_index+2],
..\Src\HMC5883L\filer.c(222): warning:  #177-D: variable "n"  was declared but never referenced
  	 unsigned char j,n;
..\Src\HMC5883L\filer.c(277): warning:  #223-D: function "printf" declared implicitly
                                printf("%f    %f    %f    %f    %f     %f    %f    %f     %f ",
..\Src\HMC5883L\filer.c(236): warning:  #550-D: variable "n"  was set but never used
    unsigned char i,j,n;
..\Src\HMC5883L\filer.c: 6 warnings, 0 errors
linking...
Program Size: Code=13776 RO-data=320 RW-data=52 ZI-data=5540  
FromELF: creating hex file...
"hmc5883\hmc5883.axf" - 0 Error(s), 6 Warning(s).

<h2>Software Packages used:</h2>

Package Vendor: ARM
                http://www.keil.com/pack/ARM.CMSIS.5.3.0.pack
                ARM.CMSIS.5.3.0
                CMSIS (Cortex Microcontroller Software Interface Standard)
   * Component: CORE Version: 5.1.1

Package Vendor: Keil
                http://www.keil.com/pack/Keil.STM32F0xx_DFP.2.0.0.pack
                Keil.STM32F0xx_DFP.2.0.0
                STMicroelectronics STM32F0 Series Device Support, Drivers and Examples

<h2>Collection of Component include folders:</h2>
  .\RTE\_hmc5883
  C:\Keil_v5\ARM\PACK\ARM\CMSIS\5.3.0\CMSIS\Include
  C:\Keil_v5\ARM\PACK\Keil\STM32F0xx_DFP\2.0.0\Drivers\CMSIS\Device\ST\STM32F0xx\Include

<h2>Collection of Component Files used:</h2>

   * Component: ARM::CMSIS:CORE:5.1.1
Build Time Elapsed:  00:00:02
</pre>
</body>
</html>
