<html>
<body>
<pre>
<h1>礦ision Build Log</h1>
<h2>Project:</h2>
E:\Boards\M3\核心板\实验例程\20.12864液晶显示\GPIO.uvproj
Project File Date:  <unknown>

<h2>Output:</h2>
Build target 'GPIO'
assembling STM32F10x.s...
compiling main.c...
compiling stm32f10x_it.c...
linking...
Program Size: Code=2346 RO-data=1294 RW-data=84 ZI-data=516  
FromELF: creating hex file...
".\output\release.axf" - 0 Error(s), 0 Warning(s).
Build target 'GPIO'
assembling STM32F10x.s...
compiling main.c...
compiling stm32f10x_it.c...
linking...
Program Size: Code=2370 RO-data=1294 RW-data=84 ZI-data=516  
FromELF: creating hex file...
".\output\release.axf" - 0 Error(s), 0 Warning(s).
Build target 'GPIO'
assembling STM32F10x.s...
compiling main.c...
compiling stm32f10x_it.c...
linking...
Program Size: Code=2318 RO-data=1294 RW-data=84 ZI-data=516  
FromELF: creating hex file...
".\output\release.axf" - 0 Error(s), 0 Warning(s).
Build target 'GPIO'
assembling STM32F10x.s...
compiling main.c...
compiling stm32f10x_it.c...
linking...
Program Size: Code=2318 RO-data=1294 RW-data=84 ZI-data=516  
FromELF: creating hex file...
".\output\release.axf" - 0 Error(s), 0 Warning(s).
Build target 'GPIO'
assembling STM32F10x.s...
compiling main.c...
compiling stm32f10x_it.c...
linking...
Program Size: Code=2330 RO-data=1294 RW-data=84 ZI-data=516  
FromELF: creating hex file...
".\output\release.axf" - 0 Error(s), 0 Warning(s).
Build target 'GPIO'
assembling STM32F10x.s...
compiling main.c...
compiling stm32f10x_it.c...
linking...
Program Size: Code=2318 RO-data=1294 RW-data=84 ZI-data=516  
FromELF: creating hex file...
".\output\release.axf" - 0 Error(s), 0 Warning(s).
Build target 'GPIO'
assembling STM32F10x.s...
compiling main.c...
compiling stm32f10x_it.c...
linking...
Program Size: Code=2370 RO-data=1294 RW-data=84 ZI-data=516  
FromELF: creating hex file...
".\output\release.axf" - 0 Error(s), 0 Warning(s).
Build target 'GPIO'
assembling STM32F10x.s...
compiling main.c...
compiling stm32f10x_it.c...
linking...
Program Size: Code=2382 RO-data=1294 RW-data=84 ZI-data=516  
FromELF: creating hex file...
".\output\release.axf" - 0 Error(s), 0 Warning(s).
Build target 'GPIO'
assembling STM32F10x.s...
compiling main.c...
compiling stm32f10x_it.c...
linking...
Program Size: Code=2382 RO-data=1294 RW-data=84 ZI-data=516  
FromELF: creating hex file...
".\output\release.axf" - 0 Error(s), 0 Warning(s).
Build target 'GPIO'
assembling STM32F10x.s...
compiling main.c...
compiling stm32f10x_it.c...
linking...
Program Size: Code=2374 RO-data=1294 RW-data=84 ZI-data=516  
FromELF: creating hex file...
".\output\release.axf" - 0 Error(s), 0 Warning(s).
Build target 'GPIO'
assembling STM32F10x.s...
compiling main.c...
compiling stm32f10x_it.c...
linking...
Program Size: Code=2378 RO-data=1294 RW-data=84 ZI-data=516  
FromELF: creating hex file...
".\output\release.axf" - 0 Error(s), 0 Warning(s).
Build target 'GPIO'
assembling STM32F10x.s...
compiling main.c...
compiling stm32f10x_it.c...
linking...
Program Size: Code=2382 RO-data=1294 RW-data=84 ZI-data=516  
FromELF: creating hex file...
".\output\release.axf" - 0 Error(s), 0 Warning(s).
Build target 'GPIO'
assembling STM32F10x.s...
compiling main.c...
compiling stm32f10x_it.c...
linking...
Program Size: Code=2382 RO-data=1294 RW-data=84 ZI-data=516  
FromELF: creating hex file...
".\output\release.axf" - 0 Error(s), 0 Warning(s).
Build target 'GPIO'
assembling STM32F10x.s...
compiling main.c...
compiling stm32f10x_it.c...
linking...
Program Size: Code=2374 RO-data=1294 RW-data=84 ZI-data=516  
FromELF: creating hex file...
".\output\release.axf" - 0 Error(s), 0 Warning(s).
Build target 'GPIO'
assembling STM32F10x.s...
compiling main.c...
compiling stm32f10x_it.c...
linking...
Program Size: Code=2378 RO-data=1294 RW-data=84 ZI-data=516  
FromELF: creating hex file...
".\output\release.axf" - 0 Error(s), 0 Warning(s).
Build target 'GPIO'
assembling STM32F10x.s...
compiling main.c...
compiling stm32f10x_it.c...
linking...
Program Size: Code=2318 RO-data=1294 RW-data=84 ZI-data=516  
FromELF: creating hex file...
".\output\release.axf" - 0 Error(s), 0 Warning(s).
Build target 'GPIO'
assembling STM32F10x.s...
compiling main.c...
compiling stm32f10x_it.c...
linking...
Program Size: Code=2318 RO-data=1294 RW-data=84 ZI-data=516  
FromELF: creating hex file...
".\output\release.axf" - 0 Error(s), 0 Warning(s).
Build target 'GPIO'
assembling STM32F10x.s...
compiling main.c...
compiling stm32f10x_it.c...
linking...
Program Size: Code=2318 RO-data=1294 RW-data=84 ZI-data=516  
FromELF: creating hex file...
".\output\release.axf" - 0 Error(s), 0 Warning(s).
