###############################################################################
#                                                                             #
# IAR ELF Linker V1.40.1.50106 for STM8                 10/Apr/2018  16:19:35 #
# Copyright 2010-2013 IAR Systems AB.                                         #
#                                                                             #
#    Output file  =  G:\RF模块演示板程序\硅传最牛模块测试板程序\hw3000\HW3000 #
#                     demo code_433Mhz with ack (STM8S105  IAR)(              #
#                    C版本)\RX\Debug\Exe\HW3000.out                           #
#    Map file     =  G:\RF模块演示板程序\硅传最牛模块测试板程序\hw3000\HW3000 #
#                     demo code_433Mhz with ack (STM8S105  IAR)(              #
#                    C版本)\RX\Debug\List\HW3000.map                          #
#    Command line =  "G:\RF模块演示板程序\硅传最牛模块测试板程序\hw3000\HW300 #
#                    0 demo code_433Mhz with ack (STM8S105  IAR)(             #
#                    C版本)\RX\Debug\Obj\delay.o"                             #
#                    "G:\RF模块演示板程序\硅传最牛模块测试板程序\hw3000\HW300 #
#                    0 demo code_433Mhz with ack (STM8S105  IAR)(             #
#                    C版本)\RX\Debug\Obj\gpio.o"                              #
#                    "G:\RF模块演示板程序\硅传最牛模块测试板程序\hw3000\HW300 #
#                    0 demo code_433Mhz with ack (STM8S105  IAR)(             #
#                    C版本)\RX\Debug\Obj\hw3000.o"                            #
#                    "G:\RF模块演示板程序\硅传最牛模块测试板程序\hw3000\HW300 #
#                    0 demo code_433Mhz with ack (STM8S105  IAR)(             #
#                    C版本)\RX\Debug\Obj\main.o"                              #
#                    "G:\RF模块演示板程序\硅传最牛模块测试板程序\hw3000\HW300 #
#                    0 demo code_433Mhz with ack (STM8S105  IAR)(             #
#                    C版本)\RX\Debug\Obj\stm8s_adc1.o"                        #
#                    "G:\RF模块演示板程序\硅传最牛模块测试板程序\hw3000\HW300 #
#                    0 demo code_433Mhz with ack (STM8S105  IAR)(             #
#                    C版本)\RX\Debug\Obj\stm8s_awu.o"                         #
#                    "G:\RF模块演示板程序\硅传最牛模块测试板程序\hw3000\HW300 #
#                    0 demo code_433Mhz with ack (STM8S105  IAR)(             #
#                    C版本)\RX\Debug\Obj\stm8s_beep.o"                        #
#                    "G:\RF模块演示板程序\硅传最牛模块测试板程序\hw3000\HW300 #
#                    0 demo code_433Mhz with ack (STM8S105  IAR)(             #
#                    C版本)\RX\Debug\Obj\stm8s_clk.o"                         #
#                    "G:\RF模块演示板程序\硅传最牛模块测试板程序\hw3000\HW300 #
#                    0 demo code_433Mhz with ack (STM8S105  IAR)(             #
#                    C版本)\RX\Debug\Obj\stm8s_exti.o"                        #
#                    "G:\RF模块演示板程序\硅传最牛模块测试板程序\hw3000\HW300 #
#                    0 demo code_433Mhz with ack (STM8S105  IAR)(             #
#                    C版本)\RX\Debug\Obj\stm8s_flash.o"                       #
#                    "G:\RF模块演示板程序\硅传最牛模块测试板程序\hw3000\HW300 #
#                    0 demo code_433Mhz with ack (STM8S105  IAR)(             #
#                    C版本)\RX\Debug\Obj\stm8s_gpio.o"                        #
#                    "G:\RF模块演示板程序\硅传最牛模块测试板程序\hw3000\HW300 #
#                    0 demo code_433Mhz with ack (STM8S105  IAR)(             #
#                    C版本)\RX\Debug\Obj\stm8s_i2c.o"                         #
#                    "G:\RF模块演示板程序\硅传最牛模块测试板程序\hw3000\HW300 #
#                    0 demo code_433Mhz with ack (STM8S105  IAR)(             #
#                    C版本)\RX\Debug\Obj\stm8s_it.o"                          #
#                    "G:\RF模块演示板程序\硅传最牛模块测试板程序\hw3000\HW300 #
#                    0 demo code_433Mhz with ack (STM8S105  IAR)(             #
#                    C版本)\RX\Debug\Obj\stm8s_itc.o"                         #
#                    "G:\RF模块演示板程序\硅传最牛模块测试板程序\hw3000\HW300 #
#                    0 demo code_433Mhz with ack (STM8S105  IAR)(             #
#                    C版本)\RX\Debug\Obj\stm8s_iwdg.o"                        #
#                    "G:\RF模块演示板程序\硅传最牛模块测试板程序\hw3000\HW300 #
#                    0 demo code_433Mhz with ack (STM8S105  IAR)(             #
#                    C版本)\RX\Debug\Obj\stm8s_rst.o"                         #
#                    "G:\RF模块演示板程序\硅传最牛模块测试板程序\hw3000\HW300 #
#                    0 demo code_433Mhz with ack (STM8S105  IAR)(             #
#                    C版本)\RX\Debug\Obj\stm8s_spi.o"                         #
#                    "G:\RF模块演示板程序\硅传最牛模块测试板程序\hw3000\HW300 #
#                    0 demo code_433Mhz with ack (STM8S105  IAR)(             #
#                    C版本)\RX\Debug\Obj\stm8s_tim1.o"                        #
#                    "G:\RF模块演示板程序\硅传最牛模块测试板程序\hw3000\HW300 #
#                    0 demo code_433Mhz with ack (STM8S105  IAR)(             #
#                    C版本)\RX\Debug\Obj\stm8s_tim2.o"                        #
#                    "G:\RF模块演示板程序\硅传最牛模块测试板程序\hw3000\HW300 #
#                    0 demo code_433Mhz with ack (STM8S105  IAR)(             #
#                    C版本)\RX\Debug\Obj\stm8s_tim3.o"                        #
#                    "G:\RF模块演示板程序\硅传最牛模块测试板程序\hw3000\HW300 #
#                    0 demo code_433Mhz with ack (STM8S105  IAR)(             #
#                    C版本)\RX\Debug\Obj\stm8s_tim4.o"                        #
#                    "G:\RF模块演示板程序\硅传最牛模块测试板程序\hw3000\HW300 #
#                    0 demo code_433Mhz with ack (STM8S105  IAR)(             #
#                    C版本)\RX\Debug\Obj\stm8s_uart2.o"                       #
#                    "G:\RF模块演示板程序\硅传最牛模块测试板程序\hw3000\HW300 #
#                    0 demo code_433Mhz with ack (STM8S105  IAR)(             #
#                    C版本)\RX\Debug\Obj\stm8s_wwdg.o"                        #
#                    "G:\RF模块演示板程序\硅传最牛模块测试板程序\hw3000\HW300 #
#                    0 demo code_433Mhz with ack (STM8S105  IAR)(             #
#                    C版本)\RX\Debug\Obj\user.o" --redirect                   #
#                    _Printf=_PrintfSmall --redirect _Scanf=_ScanfSmall -o    #
#                    "G:\RF模块演示板程序\硅传最牛模块测试板程序\hw3000\HW300 #
#                    0 demo code_433Mhz with ack (STM8S105  IAR)(             #
#                    C版本)\RX\Debug\Exe\HW3000.out" --map                    #
#                    "G:\RF模块演示板程序\硅传最牛模块测试板程序\hw3000\HW300 #
#                    0 demo code_433Mhz with ack (STM8S105  IAR)(             #
#                    C版本)\RX\Debug\List\HW3000.map" --config "C:\Program    #
#                    Files (x86)\IAR Systems\Embedded Workbench               #
#                    6.5\stm8\config\lnkstm8s105s6.icf" --config_def          #
#                    _CSTACK_SIZE=0x100 --config_def _HEAP_SIZE=0x100         #
#                    --entry __iar_program_start --debug_lib                  #
#                                                                             #
#                                                                             #
###############################################################################

*******************************************************************************
*** RUNTIME MODEL ATTRIBUTES
***

__SystemLibrary            = DLib
__code_model               = small
__core                     = stm8
__data_model               = medium
__dlib_file_descriptor     = 0
__dlib_full_locale_support = 0
__rt_version               = 4


*******************************************************************************
*** PLACEMENT SUMMARY
***

"A1":  place at start of [0x000000-0x0000ff] { rw section .vregs };
"A2":  place at end of [0x000000-0x0007ff] { block CSTACK };
"P2":  place in [from 0x000000 to 0x0007ff] {
          block HEAP, rw section .far.bss, rw section .far.data,
          rw section .far.noinit, rw section .far_func.textrw,
          rw section .huge.bss, rw section .huge.data, rw section .huge.noinit,
          rw section .huge_func.textrw, rw section .iar.dynexit,
          rw section .near.bss, rw section .near.data, rw section .near.noinit,
          rw section .near_func.textrw };
"A3":  place at start of [0x008000-0x00ffff] { block INTVEC };
"P3":  place in [from 0x008000 to 0x00ffff] {
          ro section .far.data_init, ro section .far_func.textrw_init,
          ro section .huge.data_init, ro section .huge_func.textrw_init,
          ro section .iar.init_table, ro section .init_array,
          ro section .near.data_init, ro section .near.rodata,
          ro section .near_func.text, ro section .near_func.textrw_init,
          ro section .tiny.data_init, ro section .tiny.rodata_init };

  Section          Kind      Address    Size  Object
  -------          ----      -------    ----  ------
"A1":                                   0x10
  .vregs           uninit   0x000000    0x10  vregs.o [4]
                          - 0x000010    0x10

"P2":                                   0x53
  .near.bss        zero     0x000010    0x44  hw3000.o [1]
  .near.bss        zero     0x000054     0xa  hw3000.o [1]
  .near.bss        zero     0x00005e     0x1  hw3000.o [1]
  .near.bss        zero     0x00005f     0x1  hw3000.o [1]
  .near.bss        zero     0x000060     0x1  hw3000.o [1]
  .near.bss        zero     0x000061     0x1  hw3000.o [1]
  .near.bss        zero     0x000062     0x1  hw3000.o [1]
                          - 0x000063    0x53

"A2":                                  0x100
  CSTACK                    0x000700   0x100  <Block>
    CSTACK         uninit   0x000700   0x100  <Block tail>
                          - 0x000800   0x100

"A3":                                   0x80
  INTVEC                    0x008000    0x80  <Block>
    .intvec        const    0x008000    0x80  interrupt.o [4]
                          - 0x008080    0x80

"P3":                                 0x1a53
  .near_func.text  ro code  0x008080   0xb54  hw3000.o [1]
  .near_func.text  ro code  0x008bd4   0x265  hw3000.o [1]
  .near.rodata     const    0x008e39   0x200  hw3000.o [1]
  .near_func.text  ro code  0x009039   0x14d  main.o [1]
  .near_func.text  ro code  0x009186   0x114  stm8s_gpio.o [1]
  .near_func.text  ro code  0x00929a    0xd1  stm8s_exti.o [1]
  .near_func.text  ro code  0x00936b    0xca  hw3000.o [1]
  .near_func.text  ro code  0x009435    0xca  hw3000.o [1]
  .near.rodata     const    0x0094ff    0xb1  stm8s_exti.o [1]
  .near.rodata     const    0x0095b0    0xb1  stm8s_gpio.o [1]
  .near.rodata     const    0x009661    0xb0  stm8s_clk.o [1]
  .near_func.text  ro code  0x009711    0xaf  hw3000.o [1]
  .near_func.text  ro code  0x0097c0    0xa8  gpio.o [1]
  .near_func.text  ro code  0x009868    0x77  vreg_util.o [4]
  .near_func.text  ro code  0x0098df    0x43  hw3000.o [1]
  .near_func.text  ro code  0x009922    0x3d  stm8s_clk.o [1]
  .near_func.text  ro code  0x00995f    0x2d  stm8s_exti.o [1]
  .near_func.text  const    0x00998c    0x21  hw3000.o [1]
  .iar.init_table  const    0x0099ad     0x8  - Linker created -
  .near.rodata     const    0x0099b5    0x20  hw3000.o [1]
  .near_func.text  ro code  0x0099d5    0x1f  move.o [4]
  .near_func.text  ro code  0x0099f4    0x1e  short.o [4]
  .near_func.text  ro code  0x009a12    0x1e  init_small.o [4]
  .near_func.text  ro code  0x009a30    0x17  init.o [4]
  .near_func.text  ro code  0x009a47    0x14  __dbg_xxexit.o [3]
  .near_func.text  ro code  0x009a5b    0x13  delay.o [1]
  .near_func.text  ro code  0x009a6e    0x13  cstartup.o [4]
  .near_func.text  ro code  0x009a81     0xc  switch.o [4]
  .near_func.text  ro code  0x009a8d     0xb  stm8s_gpio.o [1]
  .near_func.text  ro code  0x009a98     0x6  char.o [4]
  .near_func.text  ro code  0x009a9e     0x5  stm8s_it.o [1]
  .near_func.text  ro code  0x009aa3     0x5  cexit.o [4]
  .near_func.text  ro code  0x009aa8     0x4  stm8s_gpio.o [1]
  .near_func.text  ro code  0x009aac     0x3  stm8s_gpio.o [1]
  .near_func.text  ro code  0x009aaf     0x3  interrupt.o [4]
  .near_func.text  ro code  0x009ab2     0x3  low_level_init.o [4]
  .near_func.text  ro code  0x009ab5     0x3  exit.o [4]
  .near_func.text  ro code  0x009ab8     0x3  unhandled_exception.o [4]
  .near_func.text  ro code  0x009abb     0x2  stm8s_it.o [1]
  .near_func.text  ro code  0x009abd     0x1  stm8s_it.o [1]
  .near_func.text  ro code  0x009abe     0x1  stm8s_it.o [1]
  .near_func.text  ro code  0x009abf     0x1  stm8s_it.o [1]
  .near_func.text  ro code  0x009ac0     0x1  stm8s_it.o [1]
  .near_func.text  ro code  0x009ac1     0x1  stm8s_it.o [1]
  .near_func.text  ro code  0x009ac2     0x1  stm8s_it.o [1]
  .near_func.text  ro code  0x009ac3     0x1  stm8s_it.o [1]
  .near_func.text  ro code  0x009ac4     0x1  stm8s_it.o [1]
  .near_func.text  ro code  0x009ac5     0x1  stm8s_it.o [1]
  .near_func.text  ro code  0x009ac6     0x1  stm8s_it.o [1]
  .near_func.text  ro code  0x009ac7     0x1  stm8s_it.o [1]
  .near_func.text  ro code  0x009ac8     0x1  stm8s_it.o [1]
  .near_func.text  ro code  0x009ac9     0x1  stm8s_it.o [1]
  .near_func.text  ro code  0x009aca     0x1  stm8s_it.o [1]
  .near_func.text  ro code  0x009acb     0x1  stm8s_it.o [1]
  .near_func.text  ro code  0x009acc     0x1  stm8s_it.o [1]
  .near_func.text  ro code  0x009acd     0x1  stm8s_it.o [1]
  .near_func.text  ro code  0x009ace     0x1  stm8s_it.o [1]
  .near_func.text  ro code  0x009acf     0x1  stm8s_it.o [1]
  .near_func.text  ro code  0x009ad0     0x1  stm8s_it.o [1]
  .near_func.text  ro code  0x009ad1     0x1  stm8s_it.o [1]
  .near_func.text  ro code  0x009ad2     0x1  __dbg_break.o [3]
                          - 0x009ad3  0x1a53


*******************************************************************************
*** INIT TABLE
***

          Address   Size
          -------   ----
Zero (__iar_zero_init2)
    1 destination range, total size 0x53:
          0x000010  0x53



*******************************************************************************
*** MODULE SUMMARY
***

    Module                 ro code  ro data  rw data
    ------                 -------  -------  -------
G:\RF模块演示板程序\硅传最牛模块测试板程序\hw3000\HW3000 demo code_433Mhz with ack (STM8S105  IAR)( C版本)\RX\Debug\Obj: [1]
    delay.o                     19
    gpio.o                     168
    hw3000.o                 4 159      577       83
    main.o                     333
    stm8s_clk.o                 61      176
    stm8s_exti.o               254      177
    stm8s_gpio.o               294      177
    stm8s_it.o                  28
    ------------------------------------------------
    Total:                   5 316    1 107       83

command line: [2]
    ------------------------------------------------
    Total:

dbgstm8smd.a: [3]
    __dbg_break.o                1
    __dbg_xxexit.o              20
    ------------------------------------------------
    Total:                      21

dlstm8smn.a: [4]
    cexit.o                      5
    char.o                       6
    cstartup.o                  19
    exit.o                       3
    init.o                      23
    init_small.o                30
    interrupt.o                  3      128
    low_level_init.o             3
    move.o                      31
    short.o                     30
    switch.o                    12
    unhandled_exception.o        3
    vreg_util.o                119
    vregs.o                                       16
    ------------------------------------------------
    Total:                     287      128       16

    Linker created                        8      256
----------------------------------------------------
    Grand Total:             5 624    1 243      355


*******************************************************************************
*** ENTRY LIST
***

Entry                    Address   Size  Type      Object
-----                    -------   ----  ----      ------
?b0                     0x000000         Data  Gb  vregs.o [4]
?b1                     0x000001         Data  Gb  vregs.o [4]
?b10                    0x00000a         Data  Gb  vregs.o [4]
?b11                    0x00000b         Data  Gb  vregs.o [4]
?b12                    0x00000c         Data  Gb  vregs.o [4]
?b13                    0x00000d         Data  Gb  vregs.o [4]
?b14                    0x00000e         Data  Gb  vregs.o [4]
?b15                    0x00000f         Data  Gb  vregs.o [4]
?b2                     0x000002         Data  Gb  vregs.o [4]
?b3                     0x000003         Data  Gb  vregs.o [4]
?b4                     0x000004         Data  Gb  vregs.o [4]
?b5                     0x000005         Data  Gb  vregs.o [4]
?b6                     0x000006         Data  Gb  vregs.o [4]
?b7                     0x000007         Data  Gb  vregs.o [4]
?b8                     0x000008         Data  Gb  vregs.o [4]
?b9                     0x000009         Data  Gb  vregs.o [4]
?e0                     0x000001         Data  Gb  vregs.o [4]
?e1                     0x000005         Data  Gb  vregs.o [4]
?e2                     0x000009         Data  Gb  vregs.o [4]
?e3                     0x00000d         Data  Gb  vregs.o [4]
?epilogue_l2            0x0098d7         Code  Gb  vreg_util.o [4]
?epilogue_l2_l3         0x0098d4         Code  Gb  vreg_util.o [4]
?epilogue_w4            0x0098db         Code  Gb  vreg_util.o [4]
?l0                     0x000000         Data  Gb  vregs.o [4]
?l1                     0x000004         Data  Gb  vregs.o [4]
?l2                     0x000008         Data  Gb  vregs.o [4]
?l3                     0x00000c         Data  Gb  vregs.o [4]
?longfarg16_v_w0_a      0x0099e2         Code  Gb  move.o [4]
?longfarg16_v_w0_x      0x0099e4         Code  Gb  move.o [4]
?move1616_v_x_y_a       0x0099d5         Code  Gb  move.o [4]
?mul16_x_x_w0           0x0099f4         Code  Gb  short.o [4]
?pop_l2                 0x0098b6         Code  Gb  vreg_util.o [4]
?pop_l3                 0x0098c1         Code  Gb  vreg_util.o [4]
?pop_w4                 0x009880         Code  Gb  vreg_util.o [4]
?push_l2                0x00988f         Code  Gb  vreg_util.o [4]
?push_l3                0x009894         Code  Gb  vreg_util.o [4]
?push_w4                0x009868         Code  Gb  vreg_util.o [4]
?sll8_a_a_5             0x009a99         Code  Gb  char.o [4]
?sll8_a_a_6             0x009a98         Code  Gb  char.o [4]
?switch8vlt_0x_a_0x     0x009a81         Code  Gb  switch.o [4]
?w0                     0x000000         Data  Gb  vregs.o [4]
?w1                     0x000002         Data  Gb  vregs.o [4]
?w2                     0x000004         Data  Gb  vregs.o [4]
?w3                     0x000006         Data  Gb  vregs.o [4]
?w4                     0x000008         Data  Gb  vregs.o [4]
?w5                     0x00000a         Data  Gb  vregs.o [4]
?w6                     0x00000c         Data  Gb  vregs.o [4]
?w7                     0x00000e         Data  Gb  vregs.o [4]
ADC1_IRQHandler         0x009acf    0x1  Code  Gb  stm8s_it.o [1]
AWU_IRQHandler          0x009abf    0x1  Code  Gb  stm8s_it.o [1]
CLK_HSIPrescalerConfig  0x009922   0x3d  Code  Gb  stm8s_clk.o [1]
CLK_IRQHandler          0x009ac0    0x1  Code  Gb  stm8s_it.o [1]
CRC16_CCITT_Table       0x008e39  0x200  Data  Gb  hw3000.o [1]
CSTACK$$Base            0x000700          --   Gb  - Linker created -
CSTACK$$Limit           0x000800          --   Gb  - Linker created -
EEPROM_EEC_IRQHandler   0x009ad1    0x1  Code  Gb  stm8s_it.o [1]
EXTI_PORTA_IRQHandler   0x009ac1    0x1  Code  Gb  stm8s_it.o [1]
EXTI_PORTB_IRQHandler   0x009a9e    0x5  Code  Gb  stm8s_it.o [1]
EXTI_PORTC_IRQHandler   0x009ac2    0x1  Code  Gb  stm8s_it.o [1]
EXTI_PORTD_IRQHandler   0x009ac3    0x1  Code  Gb  stm8s_it.o [1]
EXTI_PORTE_IRQHandler   0x009ac4    0x1  Code  Gb  stm8s_it.o [1]
EXTI_SetExtIntSensitivity
                        0x00929a   0xd1  Code  Gb  stm8s_exti.o [1]
EXTI_SetTLISensitivity  0x00995f   0x2d  Code  Gb  stm8s_exti.o [1]
GPIO_Init               0x009186  0x114  Code  Gb  stm8s_gpio.o [1]
GPIO_ReadInputPin       0x009a8d    0xb  Code  Gb  stm8s_gpio.o [1]
GPIO_WriteHigh          0x009aac    0x3  Code  Gb  stm8s_gpio.o [1]
GPIO_WriteLow           0x009aa8    0x4  Code  Gb  stm8s_gpio.o [1]
I2C_IRQHandler          0x009acc    0x1  Code  Gb  stm8s_it.o [1]
INTVEC$$Base            0x008000          --   Gb  - Linker created -
INTVEC$$Limit           0x008080          --   Gb  - Linker created -
MCU_gpio_init           0x0097c0   0xa8  Code  Gb  gpio.o [1]
Packge_ok               0x000062    0x1  Data  Gb  hw3000.o [1]
Region$$Table$$Base     0x0099ad          --   Gb  - Linker created -
Region$$Table$$Limit    0x0099b5          --   Gb  - Linker created -
SPI_IRQHandler          0x009ac5    0x1  Code  Gb  stm8s_it.o [1]
TIM1_CAP_COM_IRQHandler
                        0x009ac7    0x1  Code  Gb  stm8s_it.o [1]
TIM1_UPD_OVF_TRG_BRK_IRQHandler
                        0x009ac6    0x1  Code  Gb  stm8s_it.o [1]
TIM2_CAP_COM_IRQHandler
                        0x009ac9    0x1  Code  Gb  stm8s_it.o [1]
TIM2_UPD_OVF_BRK_IRQHandler
                        0x009ac8    0x1  Code  Gb  stm8s_it.o [1]
TIM3_CAP_COM_IRQHandler
                        0x009acb    0x1  Code  Gb  stm8s_it.o [1]
TIM3_UPD_OVF_BRK_IRQHandler
                        0x009aca    0x1  Code  Gb  stm8s_it.o [1]
TIM4_UPD_OVF_IRQHandler
                        0x009ad0    0x1  Code  Gb  stm8s_it.o [1]
TLI_IRQHandler          0x009abe    0x1  Code  Gb  stm8s_it.o [1]
TRAP_IRQHandler         0x009abd    0x1  Code  Gb  stm8s_it.o [1]
UART2_RX_IRQHandler     0x009ace    0x1  Code  Gb  stm8s_it.o [1]
UART2_TX_IRQHandler     0x009acd    0x1  Code  Gb  stm8s_it.o [1]
__DebugBreak            0x009ad2    0x1  Code  Gb  __dbg_break.o [3]
__exit                  0x009a47   0x14  Code  Gb  __dbg_xxexit.o [3]
__iar_data_init2        0x009a30   0x17  Code  Gb  init.o [4]
__iar_program_start     0x009a6e         Code  Gb  cstartup.o [4]
__iar_unhandled_exception
                        0x009ab8         Code  Gb  unhandled_exception.o [4]
__iar_zero_init2        0x009a12         Code  Gb  init_small.o [4]
__intvec                0x008000         Data  Gb  interrupt.o [4]
__low_level_init        0x009ab2    0x3  Code  Gb  low_level_init.o [4]
_exit                   0x009aa3         Code  Gb  cexit.o [4]
_hw3000_data_buf        0x000010   0x44  Data  Gb  hw3000.o [1]
_hw3000_gpio1_request   0x000060    0x1  Data  Gb  hw3000.o [1]
_hw3000_gpio2_request   0x000061    0x1  Data  Gb  hw3000.o [1]
_hw3000_irq_request     0x00005f    0x1  Data  Gb  hw3000.o [1]
_hw3000_mode            0x000054    0xa  Data  Gb  hw3000.o [1]
_hw3000_state           0x00005e    0x1  Data  Gb  hw3000.o [1]
_interrupt_1            0x009abd         Code  Gb  stm8s_it.o [1]
_interrupt_10           0x009aaf         Code  Wk  interrupt.o [4]
_interrupt_11           0x009aaf         Code  Wk  interrupt.o [4]
_interrupt_12           0x009ac5         Code  Gb  stm8s_it.o [1]
_interrupt_13           0x009ac6         Code  Gb  stm8s_it.o [1]
_interrupt_14           0x009ac7         Code  Gb  stm8s_it.o [1]
_interrupt_15           0x009ac8         Code  Gb  stm8s_it.o [1]
_interrupt_16           0x009ac9         Code  Gb  stm8s_it.o [1]
_interrupt_17           0x009aca         Code  Gb  stm8s_it.o [1]
_interrupt_18           0x009acb         Code  Gb  stm8s_it.o [1]
_interrupt_19           0x009aaf         Code  Wk  interrupt.o [4]
_interrupt_2            0x009abe         Code  Gb  stm8s_it.o [1]
_interrupt_20           0x009aaf         Code  Wk  interrupt.o [4]
_interrupt_21           0x009acc         Code  Gb  stm8s_it.o [1]
_interrupt_22           0x009acd         Code  Gb  stm8s_it.o [1]
_interrupt_23           0x009ace         Code  Gb  stm8s_it.o [1]
_interrupt_24           0x009acf         Code  Gb  stm8s_it.o [1]
_interrupt_25           0x009ad0         Code  Gb  stm8s_it.o [1]
_interrupt_26           0x009ad1         Code  Gb  stm8s_it.o [1]
_interrupt_27           0x009aaf         Code  Wk  interrupt.o [4]
_interrupt_28           0x009aaf         Code  Wk  interrupt.o [4]
_interrupt_29           0x009aaf         Code  Wk  interrupt.o [4]
_interrupt_3            0x009abf         Code  Gb  stm8s_it.o [1]
_interrupt_30           0x009aaf         Code  Wk  interrupt.o [4]
_interrupt_31           0x009aaf         Code  Wk  interrupt.o [4]
_interrupt_4            0x009ac0         Code  Gb  stm8s_it.o [1]
_interrupt_5            0x009ac1         Code  Gb  stm8s_it.o [1]
_interrupt_6            0x009a9e         Code  Gb  stm8s_it.o [1]
_interrupt_7            0x009ac2         Code  Gb  stm8s_it.o [1]
_interrupt_8            0x009ac3         Code  Gb  stm8s_it.o [1]
_interrupt_9            0x009ac4         Code  Gb  stm8s_it.o [1]
assert_failed           0x009abb    0x2  Code  Gb  stm8s_it.o [1]
cal_crc_ccitt           0x0098df   0x43  Code  Gb  hw3000.o [1]
exit                    0x009ab5    0x3  Code  Gb  exit.o [4]
hw3000_fifo_tx          0x0083c5  0x155  Code  Gb  hw3000.o [1]
hw3000_frame_set        0x0085ba   0x94  Code  Gb  hw3000.o [1]
hw3000_frame_tx         0x00851a   0xa0  Code  Gb  hw3000.o [1]
hw3000_freq_set         0x008a8d  0x147  Code  Gb  hw3000.o [1]
hw3000_init             0x008bd4  0x265  Code  Gb  hw3000.o [1]
hw3000_power_down       0x00812d    0x8  Code  Gb  hw3000.o [1]
hw3000_power_set        0x00864e   0x5a  Code  Gb  hw3000.o [1]
hw3000_power_up         0x008125    0x8  Code  Gb  hw3000.o [1]
hw3000_rate_set         0x0086a8  0x3e5  Code  Gb  hw3000.o [1]
hw3000_read_fifo        0x009435   0xca  Code  Gb  hw3000.o [1]
hw3000_read_reg         0x009711   0xaf  Code  Gb  hw3000.o [1]
hw3000_rx_data          0x0081c8  0x18d  Code  Gb  hw3000.o [1]
hw3000_rx_disable       0x008355   0x1a  Code  Gb  hw3000.o [1]
hw3000_rx_enable        0x00836f   0x28  Code  Gb  hw3000.o [1]
hw3000_rx_task          0x008135   0x93  Code  Gb  hw3000.o [1]
hw3000_tx_data          0x008397   0x2e  Code  Gb  hw3000.o [1]
hw3000_write_fifo       0x00936b   0xca  Code  Gb  hw3000.o [1]
hw3000_write_reg        0x008080   0xa5  Code  Gb  hw3000.o [1]
m928_delay              0x009a5b   0x13  Code  Gb  delay.o [1]
main                    0x009039  0x14d  Code  Gb  main.o [1]


[1] = G:\RF模块演示板程序\硅传最牛模块测试板程序\hw3000\HW3000 demo code_433Mhz with ack (STM8S105  IAR)( C版本)\RX\Debug\Obj
[2] = command line
[3] = dbgstm8smd.a
[4] = dlstm8smn.a

  5 624 bytes of readonly  code memory
  1 243 bytes of readonly  data memory
    355 bytes of readwrite data memory

Errors: none
Warnings: none
