<html>
<body>
<pre>
<h1>礦ision Build Log</h1>
<h2>Project:</h2>
E:\Boards\M3\核心板\实验例程\19.步进电机\GPIO.uvproj
Project File Date:  <unknown>

<h2>Output:</h2>
Build target 'GPIO'
assembling STM32F10x.s...
compiling main.c...
compiling stm32f10x_it.c...
linking...
Program Size: Code=1880 RO-data=268 RW-data=24 ZI-data=512  
FromELF: creating hex file...
".\output\release.axf" - 0 Error(s), 0 Warning(s).
Build target 'GPIO'
assembling STM32F10x.s...
compiling main.c...
compiling stm32f10x_it.c...
linking...
Program Size: Code=1888 RO-data=268 RW-data=24 ZI-data=512  
FromELF: creating hex file...
".\output\release.axf" - 0 Error(s), 0 Warning(s).
