Component: ARM Compiler 5.06 update 6 (build 750) Tool: armlink [4d35ed]

==============================================================================

Section Cross References

    main.o(i.AD_Display_Function) refers to infrared.o(i.IR_KEY_Scan) for IR_KEY_Scan
    main.o(i.AD_Display_Function) refers to oled.o(i.LCD_CLS) for LCD_CLS
    main.o(i.AD_Display_Function) refers to oled.o(i.LCD_P16x16Ch) for LCD_P16x16Ch
    main.o(i.AD_Display_Function) refers to main.o(i.itoa) for itoa
    main.o(i.AD_Display_Function) refers to oled.o(i.LCD_P8x16Str) for LCD_P8x16Str
    main.o(i.AD_Display_Function) refers to cc1110.o(i.CC1110_Config) for CC1110_Config
    main.o(i.AD_Display_Function) refers to user.o(i.ControlGPIO_Initt) for ControlGPIO_Initt
    main.o(i.AD_Display_Function) refers to stm32l1xx_gpio.o(i.GPIO_SetBits) for GPIO_SetBits
    main.o(i.AD_Display_Function) refers to main.o(i.CC1110_Senddd) for CC1110_Senddd
    main.o(i.AD_Display_Function) refers to user.o(i.delay_ms) for delay_ms
    main.o(i.AD_Display_Function) refers to flash.o(i.FLASH_Write) for FLASH_Write
    main.o(i.AD_Display_Function) refers to stm32l1xx_it.o(.data) for Timer
    main.o(i.AD_Display_Function) refers to main.o(.data) for .data
    main.o(i.AD_Display_Function) refers to oled.o(.constdata) for fd2
    main.o(i.AD_Display_Function) refers to main.o(.bss) for .bss
    main.o(i.AD_Smapling_Function) refers to other.o(i.Power_Control) for Power_Control
    main.o(i.AD_Smapling_Function) refers to user.o(i.delay_us) for delay_us
    main.o(i.AD_Smapling_Function) refers to adc.o(i.Get_ADC) for Get_ADC
    main.o(i.AD_Smapling_Function) refers to flash.o(i.FLASH_Write) for FLASH_Write
    main.o(i.AD_Smapling_Function) refers to adc.o(.data) for CV_Value
    main.o(i.CC1110_Sendbianhao) refers to flash.o(i.FLASH_Write) for FLASH_Write
    main.o(i.CC1110_Sendbianhao) refers to flash.o(i.FLASH_Read) for FLASH_Read
    main.o(i.CC1110_Sendbianhao) refers to main.o(.bss) for .bss
    main.o(i.CC1110_Sendbianhao) refers to cc1110.o(.data) for newid
    main.o(i.CC1110_Sendbianhao) refers to main.o(.data) for .data
    main.o(i.CC1110_Sendd) refers to flash.o(i.FLASH_Read) for FLASH_Read
    main.o(i.CC1110_Sendd) refers to main.o(.data) for .data
    main.o(i.CC1110_Sendd) refers to main.o(.bss) for .bss
    main.o(i.CC1110_Senddata) refers to flash.o(i.FLASH_Read) for FLASH_Read
    main.o(i.CC1110_Senddata) refers to main.o(i.AD_Smapling_Function) for AD_Smapling_Function
    main.o(i.CC1110_Senddata) refers to other.o(i.Battery_Monitor) for Battery_Monitor
    main.o(i.CC1110_Senddata) refers to main.o(.data) for .data
    main.o(i.CC1110_Senddata) refers to main.o(.bss) for .bss
    main.o(i.CC1110_Senddata) refers to adc.o(.data) for CV_Value
    main.o(i.CC1110_Senddd) refers to main.o(.data) for .data
    main.o(i.Infrared_Fun) refers to infrared.o(i.IR_KEY_Scan) for IR_KEY_Scan
    main.o(i.Infrared_Fun) refers to main.o(i.itoa) for itoa
    main.o(i.Infrared_Fun) refers to oled.o(i.LCD_CLS) for LCD_CLS
    main.o(i.Infrared_Fun) refers to oled.o(i.LCD_P8x16Str) for LCD_P8x16Str
    main.o(i.Infrared_Fun) refers to main.o(.data) for .data
    main.o(i.PD_WAKEUP_Int) refers to other.o(i.Timer_Config) for Timer_Config
    main.o(i.PD_WAKEUP_Int) refers to other.o(i.Led_Control_GPIO) for Led_Control_GPIO
    main.o(i.PD_WAKEUP_Int) refers to other.o(i.LED_Control) for LED_Control
    main.o(i.PD_WAKEUP_Int) refers to other.o(i.Power_Control) for Power_Control
    main.o(i.PD_WAKEUP_Int) refers to infrared.o(i.Infrared_Config) for Infrared_Config
    main.o(i.PD_WAKEUP_Int) refers to other.o(i.NVIC_Config) for NVIC_Config
    main.o(i.SPI_ConfigurationOLED) refers to stm32l1xx_rcc.o(i.RCC_APB1PeriphClockCmd) for RCC_APB1PeriphClockCmd
    main.o(i.SPI_ConfigurationOLED) refers to stm32l1xx_gpio.o(i.GPIO_Init) for GPIO_Init
    main.o(i.SPI_ConfigurationOLED) refers to stm32l1xx_spi.o(i.SPI_Init) for SPI_Init
    main.o(i.SPI_ConfigurationOLED) refers to stm32l1xx_spi.o(i.SPI_Cmd) for SPI_Cmd
    main.o(i.SendMsg_Int) refers to memseta.o(.text) for __aeabi_memset
    main.o(i.SendMsg_Int) refers to other.o(i.Battery_Monitor) for Battery_Monitor
    main.o(i.SendMsg_Int) refers to flash.o(i.FLASH_Read) for FLASH_Read
    main.o(i.SendMsg_Int) refers to main.o(.data) for .data
    main.o(i.SendMsg_Int) refers to adc.o(.data) for CV_Value
    main.o(i.main) refers to stm32l1xx_pwr.o(i.PWR_FastWakeUpCmd) for PWR_FastWakeUpCmd
    main.o(i.main) refers to stm32l1xx_rcc.o(i.RCC_APB1PeriphClockCmd) for RCC_APB1PeriphClockCmd
    main.o(i.main) refers to stm32l1xx_pwr.o(i.PWR_UltraLowPowerCmd) for PWR_UltraLowPowerCmd
    main.o(i.main) refers to other.o(i.NVIC_Config) for NVIC_Config
    main.o(i.main) refers to stm32l1xx_rcc.o(i.RCC_DeInit) for RCC_DeInit
    main.o(i.main) refers to user.o(i.ControlGPIO_Initt) for ControlGPIO_Initt
[...]
    Removing stm32l1xx_tim.o(i.TIM_ForcedOC4Config), (20 bytes).
    Removing stm32l1xx_tim.o(i.TIM_GenerateEvent), (4 bytes).
    Removing stm32l1xx_tim.o(i.TIM_GetCapture1), (4 bytes).
    Removing stm32l1xx_tim.o(i.TIM_GetCapture2), (4 bytes).
    Removing stm32l1xx_tim.o(i.TIM_GetCapture3), (4 bytes).
    Removing stm32l1xx_tim.o(i.TIM_GetCapture4), (4 bytes).
    Removing stm32l1xx_tim.o(i.TIM_GetFlagStatus), (14 bytes).
    Removing stm32l1xx_tim.o(i.TIM_GetPrescaler), (4 bytes).
    Removing stm32l1xx_tim.o(i.TIM_ICStructInit), (16 bytes).
    Removing stm32l1xx_tim.o(i.TIM_ITRxExternalClockConfig), (18 bytes).
    Removing stm32l1xx_tim.o(i.TIM_InternalClockConfig), (10 bytes).
    Removing stm32l1xx_tim.o(i.TIM_OC1FastConfig), (12 bytes).
    Removing stm32l1xx_tim.o(i.TIM_OC1Init), (44 bytes).
    Removing stm32l1xx_tim.o(i.TIM_OC1PolarityConfig), (12 bytes).
    Removing stm32l1xx_tim.o(i.TIM_OC1PreloadConfig), (12 bytes).
    Removing stm32l1xx_tim.o(i.TIM_OC2FastConfig), (20 bytes).
    Removing stm32l1xx_tim.o(i.TIM_OC2Init), (60 bytes).
    Removing stm32l1xx_tim.o(i.TIM_OC2PolarityConfig), (20 bytes).
    Removing stm32l1xx_tim.o(i.TIM_OC2PreloadConfig), (20 bytes).
    Removing stm32l1xx_tim.o(i.TIM_OC3FastConfig), (12 bytes).
    Removing stm32l1xx_tim.o(i.TIM_OC3Init), (56 bytes).
    Removing stm32l1xx_tim.o(i.TIM_OC3PolarityConfig), (20 bytes).
    Removing stm32l1xx_tim.o(i.TIM_OC3PreloadConfig), (12 bytes).
    Removing stm32l1xx_tim.o(i.TIM_OC4FastConfig), (20 bytes).
    Removing stm32l1xx_tim.o(i.TIM_OC4Init), (60 bytes).
    Removing stm32l1xx_tim.o(i.TIM_OC4PolarityConfig), (20 bytes).
    Removing stm32l1xx_tim.o(i.TIM_OC4PreloadConfig), (20 bytes).
    Removing stm32l1xx_tim.o(i.TIM_OCStructInit), (12 bytes).
    Removing stm32l1xx_tim.o(i.TIM_PWMIConfig), (108 bytes).
    Removing stm32l1xx_tim.o(i.TIM_PrescalerConfig), (6 bytes).
    Removing stm32l1xx_tim.o(i.TIM_RemapConfig), (18 bytes).
    Removing stm32l1xx_tim.o(i.TIM_SelectCCDMA), (20 bytes).
    Removing stm32l1xx_tim.o(i.TIM_SelectHallSensor), (20 bytes).
    Removing stm32l1xx_tim.o(i.TIM_SelectInputTrigger), (12 bytes).
    Removing stm32l1xx_tim.o(i.TIM_SelectMasterSlaveMode), (16 bytes).
    Removing stm32l1xx_tim.o(i.TIM_SelectOCREFClear), (16 bytes).
    Removing stm32l1xx_tim.o(i.TIM_SelectOCxM), (70 bytes).
    Removing stm32l1xx_tim.o(i.TIM_SelectOnePulseMode), (16 bytes).
    Removing stm32l1xx_tim.o(i.TIM_SelectOutputTrigger), (16 bytes).
    Removing stm32l1xx_tim.o(i.TIM_SelectSlaveMode), (16 bytes).
    Removing stm32l1xx_tim.o(i.TIM_SetAutoreload), (4 bytes).
    Removing stm32l1xx_tim.o(i.TIM_SetClockDivision), (16 bytes).
    Removing stm32l1xx_tim.o(i.TIM_SetCompare1), (4 bytes).
    Removing stm32l1xx_tim.o(i.TIM_SetCompare2), (4 bytes).
    Removing stm32l1xx_tim.o(i.TIM_SetCompare3), (4 bytes).
    Removing stm32l1xx_tim.o(i.TIM_SetCompare4), (4 bytes).
    Removing stm32l1xx_tim.o(i.TIM_TIxExternalClockConfig), (46 bytes).
    Removing stm32l1xx_tim.o(i.TIM_TimeBaseStructInit), (16 bytes).
    Removing stm32l1xx_tim.o(i.TIM_UpdateDisableConfig), (20 bytes).
    Removing stm32l1xx_tim.o(i.TIM_UpdateRequestConfig), (20 bytes).
    Removing stm32l1xx_flash.o(.emb_text), (8 bytes).
    Removing stm32l1xx_flash.o(i.DATA_EEPROM_EraseByte), (22 bytes).
    Removing stm32l1xx_flash.o(i.DATA_EEPROM_EraseHalfWord), (22 bytes).
    Removing stm32l1xx_flash.o(i.DATA_EEPROM_FastProgramByte), (84 bytes).
    Removing stm32l1xx_flash.o(i.DATA_EEPROM_FastProgramHalfWord), (112 bytes).
    Removing stm32l1xx_flash.o(i.DATA_EEPROM_FastProgramWord), (48 bytes).
    Removing stm32l1xx_flash.o(i.DATA_EEPROM_FixedTimeProgramCmd), (28 bytes).
    Removing stm32l1xx_flash.o(i.DATA_EEPROM_Lock), (16 bytes).
    Removing stm32l1xx_flash.o(i.DATA_EEPROM_ProgramByte), (70 bytes).
    Removing stm32l1xx_flash.o(i.DATA_EEPROM_ProgramHalfWord), (96 bytes).
    Removing stm32l1xx_flash.o(i.FLASH_ErasePage), (68 bytes).
    Removing stm32l1xx_flash.o(i.FLASH_FastProgramWord), (34 bytes).
    Removing stm32l1xx_flash.o(i.FLASH_GetFlagStatus), (20 bytes).
    Removing stm32l1xx_flash.o(i.FLASH_ITConfig), (24 bytes).
    Removing stm32l1xx_flash.o(i.FLASH_OB_BORConfig), (56 bytes).
    Removing stm32l1xx_flash.o(i.FLASH_OB_BootConfig), (56 bytes).
    Removing stm32l1xx_flash.o(i.FLASH_OB_GetBOR), (16 bytes).
    Removing stm32l1xx_flash.o(i.FLASH_OB_GetRDP), (20 bytes).
    Removing stm32l1xx_flash.o(i.FLASH_OB_GetUser), (16 bytes).
    Removing stm32l1xx_flash.o(i.FLASH_OB_GetWRP), (12 bytes).
    Removing stm32l1xx_flash.o(i.FLASH_OB_GetWRP1), (12 bytes).
    Removing stm32l1xx_flash.o(i.FLASH_OB_GetWRP2), (12 bytes).
    Removing stm32l1xx_flash.o(i.FLASH_OB_Launch), (16 bytes).
    Removing stm32l1xx_flash.o(i.FLASH_OB_Lock), (16 bytes).
    Removing stm32l1xx_flash.o(i.FLASH_OB_RDPConfig), (44 bytes).
    Removing stm32l1xx_flash.o(i.FLASH_OB_Unlock), (40 bytes).
    Removing stm32l1xx_flash.o(i.FLASH_OB_UserConfig), (60 bytes).
    Removing stm32l1xx_flash.o(i.FLASH_OB_WRP1Config), (84 bytes).
    Removing stm32l1xx_flash.o(i.FLASH_OB_WRP2Config), (84 bytes).
    Removing stm32l1xx_flash.o(i.FLASH_OB_WRPConfig), (84 bytes).
    Removing stm32l1xx_flash.o(i.FLASH_PrefetchBufferCmd), (28 bytes).
    Removing stm32l1xx_flash.o(i.FLASH_ReadAccess64Cmd), (28 bytes).
    Removing stm32l1xx_flash.o(i.FLASH_SLEEPPowerDownCmd), (28 bytes).
    Removing stm32l1xx_flash.o(i.FLASH_SetLatency), (20 bytes).
    Removing stm32l1xx_flash.o(i.FLASH_Unlock), (40 bytes).
    Removing stm32l1xx_syscfg.o(.emb_text), (8 bytes).
    Removing stm32l1xx_syscfg.o(i.SYSCFG_DeInit), (22 bytes).
    Removing stm32l1xx_syscfg.o(i.SYSCFG_GetBootMode), (16 bytes).
    Removing stm32l1xx_syscfg.o(i.SYSCFG_MemoryRemapConfig), (12 bytes).
    Removing stm32l1xx_syscfg.o(i.SYSCFG_RIChannelSpeedConfig), (24 bytes).
    Removing stm32l1xx_syscfg.o(i.SYSCFG_RIDeInit), (36 bytes).
    Removing stm32l1xx_syscfg.o(i.SYSCFG_RIHysteresisConfig), (88 bytes).
    Removing stm32l1xx_syscfg.o(i.SYSCFG_RIIOSwitchConfig), (52 bytes).
    Removing stm32l1xx_syscfg.o(i.SYSCFG_RIResistorConfig), (24 bytes).
    Removing stm32l1xx_syscfg.o(i.SYSCFG_RISwitchControlModeCmd), (28 bytes).
    Removing stm32l1xx_syscfg.o(i.SYSCFG_RITIMInputCaptureConfig), (64 bytes).
    Removing stm32l1xx_syscfg.o(i.SYSCFG_RITIMSelect), (20 bytes).
    Removing stm32l1xx_syscfg.o(i.SYSCFG_USBPuCmd), (28 bytes).
    Removing stm32l1xx_dbgmcu.o(.emb_text), (8 bytes).
    Removing stm32l1xx_dbgmcu.o(i.DBGMCU_APB1PeriphConfig), (24 bytes).
    Removing stm32l1xx_dbgmcu.o(i.DBGMCU_APB2PeriphConfig), (24 bytes).
    Removing stm32l1xx_dbgmcu.o(i.DBGMCU_Config), (24 bytes).
    Removing stm32l1xx_dbgmcu.o(i.DBGMCU_GetDEVID), (16 bytes).
    Removing stm32l1xx_dbgmcu.o(i.DBGMCU_GetREVID), (12 bytes).

372 unused section(s) (total 13156 bytes) removed from the image.

==============================================================================

Image Symbol Table

    Local Symbols

    Symbol Name                              Value     Ov Type        Size  Object(Section)

    ../clib/microlib/init/entry.s            0x00000000   Number         0  entry8b.o ABSOLUTE
    ../clib/microlib/init/entry.s            0x00000000   Number         0  entry8a.o ABSOLUTE
    ../clib/microlib/init/entry.s            0x00000000   Number         0  entry7b.o ABSOLUTE
    ../clib/microlib/init/entry.s            0x00000000   Number         0  entry7a.o ABSOLUTE
    ../clib/microlib/init/entry.s            0x00000000   Number         0  entry11b.o ABSOLUTE
    ../clib/microlib/init/entry.s            0x00000000   Number         0  entry11a.o ABSOLUTE
    ../clib/microlib/init/entry.s            0x00000000   Number         0  entry10b.o ABSOLUTE
    ../clib/microlib/init/entry.s            0x00000000   Number         0  entry10a.o ABSOLUTE
    ../clib/microlib/init/entry.s            0x00000000   Number         0  entry9b.o ABSOLUTE
    ../clib/microlib/init/entry.s            0x00000000   Number         0  entry5.o ABSOLUTE
    ../clib/microlib/init/entry.s            0x00000000   Number         0  entry.o ABSOLUTE
    ../clib/microlib/init/entry.s            0x00000000   Number         0  entry9a.o ABSOLUTE
    ../clib/microlib/init/entry.s            0x00000000   Number         0  entry2.o ABSOLUTE
    ../clib/microlib/string/memset.c         0x00000000   Number         0  memseta.o ABSOLUTE
    ../clib/microlib/stubs.s                 0x00000000   Number         0  useno.o ABSOLUTE
    ..\..\1213\sjzj\oled+usart\user\OLED.c   0x00000000   Number         0  oled.o ABSOLUTE
    ..\APP\main.c                            0x00000000   Number         0  main.o ABSOLUTE
    ..\APP\stm32l1xx_it.c                    0x00000000   Number         0  stm32l1xx_it.o ABSOLUTE
    ..\APP\user.c                            0x00000000   Number         0  user.o ABSOLUTE
    ..\BSP\CC1110.c                          0x00000000   Number         0  cc1110.o ABSOLUTE
    ..\BSP\SST25VF016B_Operation.c           0x00000000   Number         0  sst25vf016b_operation.o ABSOLUTE
    ..\BSP\adc.c                             0x00000000   Number         0  adc.o ABSOLUTE
    ..\BSP\flash.c                           0x00000000   Number         0  flash.o ABSOLUTE
    ..\BSP\infrared.c                        0x00000000   Number         0  infrared.o ABSOLUTE
    ..\BSP\other.c                           0x00000000   Number         0  other.o ABSOLUTE
    ..\BSP\rtc.c                             0x00000000   Number         0  rtc.o ABSOLUTE
    ..\BSP\spi.c                             0x00000000   Number         0  spi.o ABSOLUTE
    ..\CMSIS\Device\ST\STM32L1xx\Source\Templates\system_stm32l1xx.c 0x00000000   Number         0  system_stm32l1xx.o ABSOLUTE
    ..\\..\\1213\\sjzj\\oled+usart\\user\\OLED.c 0x00000000   Number         0  oled.o ABSOLUTE
    ..\\APP\\main.c                          0x00000000   Number         0  main.o ABSOLUTE
    ..\\APP\\stm32l1xx_it.c                  0x00000000   Number         0  stm32l1xx_it.o ABSOLUTE
    ..\\APP\\user.c                          0x00000000   Number         0  user.o ABSOLUTE
    ..\\BSP\\CC1110.c                        0x00000000   Number         0  cc1110.o ABSOLUTE
    ..\\BSP\\SST25VF016B_Operation.c         0x00000000   Number         0  sst25vf016b_operation.o ABSOLUTE
    ..\\BSP\\adc.c                           0x00000000   Number         0  adc.o ABSOLUTE
    ..\\BSP\\flash.c                         0x00000000   Number         0  flash.o ABSOLUTE
    ..\\BSP\\infrared.c                      0x00000000   Number         0  infrared.o ABSOLUTE
    ..\\BSP\\other.c                         0x00000000   Number         0  other.o ABSOLUTE
    ..\\BSP\\rtc.c                           0x00000000   Number         0  rtc.o ABSOLUTE
    ..\\BSP\\spi.c                           0x00000000   Number         0  spi.o ABSOLUTE
    ..\\CMSIS\\Device\\ST\\STM32L1xx\\Source\\Templates\\system_stm32l1xx.c 0x00000000   Number         0  system_stm32l1xx.o ABSOLUTE
    ..\\source\\src\\misc.c                  0x00000000   Number         0  misc.o ABSOLUTE
    ..\\source\\src\\stm32l1xx_adc.c         0x00000000   Number         0  stm32l1xx_adc.o ABSOLUTE
    ..\\source\\src\\stm32l1xx_dbgmcu.c      0x00000000   Number         0  stm32l1xx_dbgmcu.o ABSOLUTE
    ..\\source\\src\\stm32l1xx_dma.c         0x00000000   Number         0  stm32l1xx_dma.o ABSOLUTE
    ..\\source\\src\\stm32l1xx_exti.c        0x00000000   Number         0  stm32l1xx_exti.o ABSOLUTE
    ..\\source\\src\\stm32l1xx_flash.c       0x00000000   Number         0  stm32l1xx_flash.o ABSOLUTE
    ..\\source\\src\\stm32l1xx_gpio.c        0x00000000   Number         0  stm32l1xx_gpio.o ABSOLUTE
    ..\\source\\src\\stm32l1xx_pwr.c         0x00000000   Number         0  stm32l1xx_pwr.o ABSOLUTE
    ..\\source\\src\\stm32l1xx_rcc.c         0x00000000   Number         0  stm32l1xx_rcc.o ABSOLUTE
    ..\\source\\src\\stm32l1xx_rtc.c         0x00000000   Number         0  stm32l1xx_rtc.o ABSOLUTE
    ..\\source\\src\\stm32l1xx_spi.c         0x00000000   Number         0  stm32l1xx_spi.o ABSOLUTE
    ..\\source\\src\\stm32l1xx_syscfg.c      0x00000000   Number         0  stm32l1xx_syscfg.o ABSOLUTE
    ..\\source\\src\\stm32l1xx_tim.c         0x00000000   Number         0  stm32l1xx_tim.o ABSOLUTE
    ..\\source\\src\\stm32l1xx_usart.c       0x00000000   Number         0  stm32l1xx_usart.o ABSOLUTE
    ..\source\src\misc.c                     0x00000000   Number         0  misc.o ABSOLUTE
    ..\source\src\stm32l1xx_adc.c            0x00000000   Number         0  stm32l1xx_adc.o ABSOLUTE
    ..\source\src\stm32l1xx_dbgmcu.c         0x00000000   Number         0  stm32l1xx_dbgmcu.o ABSOLUTE
    ..\source\src\stm32l1xx_dma.c            0x00000000   Number         0  stm32l1xx_dma.o ABSOLUTE
    ..\source\src\stm32l1xx_exti.c           0x00000000   Number         0  stm32l1xx_exti.o ABSOLUTE
    ..\source\src\stm32l1xx_flash.c          0x00000000   Number         0  stm32l1xx_flash.o ABSOLUTE
    ..\source\src\stm32l1xx_gpio.c           0x00000000   Number         0  stm32l1xx_gpio.o ABSOLUTE
    ..\source\src\stm32l1xx_pwr.c            0x00000000   Number         0  stm32l1xx_pwr.o ABSOLUTE
    ..\source\src\stm32l1xx_rcc.c            0x00000000   Number         0  stm32l1xx_rcc.o ABSOLUTE
    ..\source\src\stm32l1xx_rtc.c            0x00000000   Number         0  stm32l1xx_rtc.o ABSOLUTE
    ..\source\src\stm32l1xx_spi.c            0x00000000   Number         0  stm32l1xx_spi.o ABSOLUTE
    ..\source\src\stm32l1xx_syscfg.c         0x00000000   Number         0  stm32l1xx_syscfg.o ABSOLUTE
    ..\source\src\stm32l1xx_tim.c            0x00000000   Number         0  stm32l1xx_tim.o ABSOLUTE
    ..\source\src\stm32l1xx_usart.c          0x00000000   Number         0  stm32l1xx_usart.o ABSOLUTE
    dc.s                                     0x00000000   Number         0  dc.o ABSOLUTE
    handlers.s                               0x00000000   Number         0  handlers.o ABSOLUTE
    init.s                                   0x00000000   Number         0  init.o ABSOLUTE
    startup_stm32l1xx_md.s                   0x00000000   Number         0  startup_stm32l1xx_md.o ABSOLUTE
    RESET                                    0x08000000   Section      244  startup_stm32l1xx_md.o(RESET)
    .ARM.Collect$$$$00000000                 0x080000f4   Section        0  entry.o(.ARM.Collect$$$$00000000)
    .ARM.Collect$$$$00000001                 0x080000f4   Section        4  entry2.o(.ARM.Collect$$$$00000001)
    .ARM.Collect$$$$00000004                 0x080000f8   Section        4  entry5.o(.ARM.Collect$$$$00000004)
    .ARM.Collect$$$$00000008                 0x080000fc   Section        0  entry7b.o(.ARM.Collect$$$$00000008)
    .ARM.Collect$$$$0000000A                 0x080000fc   Section        0  entry8b.o(.ARM.Collect$$$$0000000A)
    .ARM.Collect$$$$0000000B                 0x080000fc   Section        8  entry9a.o(.ARM.Collect$$$$0000000B)
    .ARM.Collect$$$$0000000D                 0x08000104   Section        0  entry10a.o(.ARM.Collect$$$$0000000D)
    .ARM.Collect$$$$0000000F                 0x08000104   Section        0  entry11a.o(.ARM.Collect$$$$0000000F)
    .ARM.Collect$$$$00002712                 0x08000104   Section        4  entry2.o(.ARM.Collect$$$$00002712)
    __lit__00000000                          0x08000104   Data           4  entry2.o(.ARM.Collect$$$$00002712)
    .text                                    0x08000108   Section       36  startup_stm32l1xx_md.o(.text)
    .text                                    0x0800012c   Section        0  memseta.o(.text)
    .text                                    0x08000150   Section       36  init.o(.text)
    i.ADC_ClearFlag                          0x08000174   Section        0  stm32l1xx_adc.o(i.ADC_ClearFlag)
    i.ADC_Cmd                                0x0800017a   Section        0  stm32l1xx_adc.o(i.ADC_Cmd)
    i.ADC_Config                             0x08000190   Section        0  adc.o(i.ADC_Config)
    i.ADC_DelaySelectionConfig               0x08000224   Section        0  stm32l1xx_adc.o(i.ADC_DelaySelectionConfig)
    i.ADC_GetConversionValue                 0x08000230   Section        0  stm32l1xx_adc.o(i.ADC_GetConversionValue)
    i.ADC_GetFlagStatus                      0x08000236   Section        0  stm32l1xx_adc.o(i.ADC_GetFlagStatus)
    i.ADC_Init                               0x08000244   Section        0  stm32l1xx_adc.o(i.ADC_Init)
    i.ADC_PowerDownCmd                       0x08000290   Section        0  stm32l1xx_adc.o(i.ADC_PowerDownCmd)
    i.ADC_RegularChannelConfig               0x080002a0   Section        0  stm32l1xx_adc.o(i.ADC_RegularChannelConfig)
    i.ADC_SoftwareStartConv                  0x0800035e   Section        0  stm32l1xx_adc.o(i.ADC_SoftwareStartConv)
    i.AD_Smapling_Function                   0x08000368   Section        0  main.o(i.AD_Smapling_Function)
    i.Battery_Monitor                        0x080003a4   Section        0  other.o(i.Battery_Monitor)
    i.Battery_Monitor_Config                 0x080003b8   Section        0  other.o(i.Battery_Monitor_Config)
    i.Bsp_Config                             0x080003d0   Section        0  user.o(i.Bsp_Config)
    i.BusFault_Handler                       0x0800042c   Section        0  stm32l1xx_it.o(i.BusFault_Handler)
    i.CC1110_Config                          0x08000430   Section        0  cc1110.o(i.CC1110_Config)
    i.CC1110_Senddata                        0x080004f0   Section        0  main.o(i.CC1110_Senddata)
    i.ControlGPIO_Initt                      0x0800060c   Section        0  user.o(i.ControlGPIO_Initt)
    i.DATA_EEPROM_EraseWord                  0x08000640   Section        0  stm32l1xx_flash.o(i.DATA_EEPROM_EraseWord)
    i.DATA_EEPROM_ProgramWord                0x08000656   Section        0  stm32l1xx_flash.o(i.DATA_EEPROM_ProgramWord)
    i.DATA_EEPROM_Unlock                     0x08000678   Section        0  stm32l1xx_flash.o(i.DATA_EEPROM_Unlock)
    i.DebugMon_Handler                       0x0800069c   Section        0  stm32l1xx_it.o(i.DebugMon_Handler)
    i.EXTI0_IRQHandler                       0x080006a0   Section        0  stm32l1xx_it.o(i.EXTI0_IRQHandler)
    i.EXTI1_IRQHandler                       0x080006c8   Section        0  stm32l1xx_it.o(i.EXTI1_IRQHandler)
    i.EXTI_ClearITPendingBit                 0x080006f0   Section        0  stm32l1xx_exti.o(i.EXTI_ClearITPendingBit)
    i.EXTI_GetITStatus                       0x080006fc   Section        0  stm32l1xx_exti.o(i.EXTI_GetITStatus)
    i.EXTI_Init                              0x0800071c   Section        0  stm32l1xx_exti.o(i.EXTI_Init)
    i.EnterLowPower                          0x0800078c   Section        0  user.o(i.EnterLowPower)
    i.FLASH_ClearFlag                        0x08000884   Section        0  stm32l1xx_flash.o(i.FLASH_ClearFlag)
    i.FLASH_GetStatus                        0x08000890   Section        0  stm32l1xx_flash.o(i.FLASH_GetStatus)
    i.FLASH_Lock                             0x080008b8   Section        0  stm32l1xx_flash.o(i.FLASH_Lock)
    i.FLASH_Read                             0x080008c8   Section        0  flash.o(i.FLASH_Read)
    i.FLASH_SPI_Configuration                0x080008e0   Section        0  sst25vf016b_operation.o(i.FLASH_SPI_Configuration)
    i.FLASH_WaitForLastOperation             0x08000998   Section        0  stm32l1xx_flash.o(i.FLASH_WaitForLastOperation)
    i.FLASH_Write                            0x080009d4   Section        0  flash.o(i.FLASH_Write)
    i.FlashReadID                            0x08000a30   Section        0  sst25vf016b_operation.o(i.FlashReadID)
    i.GPIO_Init                              0x08000a84   Section        0  stm32l1xx_gpio.o(i.GPIO_Init)
    i.GPIO_PinAFConfig                       0x08000b22   Section        0  stm32l1xx_gpio.o(i.GPIO_PinAFConfig)
    i.GPIO_ResetBits                         0x08000b42   Section        0  stm32l1xx_gpio.o(i.GPIO_ResetBits)
    i.GPIO_SetBits                           0x08000b46   Section        0  stm32l1xx_gpio.o(i.GPIO_SetBits)
    i.Get_ADC                                0x08000b4c   Section        0  adc.o(i.Get_ADC)
    i.HardFault_Handler                      0x08000be4   Section        0  stm32l1xx_it.o(i.HardFault_Handler)
    i.Infrared_Config                        0x08000be8   Section        0  infrared.o(i.Infrared_Config)
    i.LCD_CLS                                0x08000c98   Section        0  oled.o(i.LCD_CLS)
    i.LCD_Init                               0x08000cec   Section        0  oled.o(i.LCD_Init)
    i.LCD_P16x16Ch                           0x08000d9c   Section        0  oled.o(i.LCD_P16x16Ch)
    i.LCD_P6x8Str                            0x08000e08   Section        0  oled.o(i.LCD_P6x8Str)
    i.LCD_P8x16Str                           0x08000e68   Section        0  oled.o(i.LCD_P8x16Str)
    i.LCD_Set_Pos                            0x08000ef8   Section        0  oled.o(i.LCD_Set_Pos)
    i.LCD_WrCmd                              0x08000f2c   Section        0  oled.o(i.LCD_WrCmd)
    i.LCD_WrDat                              0x08000f48   Section        0  oled.o(i.LCD_WrDat)
    i.LED_Control                            0x08000f64   Section        0  other.o(i.LED_Control)
    i.Led_Control_GPIO                       0x08000f78   Section        0  other.o(i.Led_Control_GPIO)
    i.MemManage_Handler                      0x08000fb4   Section        0  stm32l1xx_it.o(i.MemManage_Handler)
    i.NMI_Handler                            0x08000fb6   Section        0  stm32l1xx_it.o(i.NMI_Handler)
    i.NVIC_Config                            0x08000fb8   Section        0  other.o(i.NVIC_Config)
    i.NVIC_Init                              0x08001030   Section        0  misc.o(i.NVIC_Init)
    i.NVIC_PriorityGroupConfig               0x08001094   Section        0  misc.o(i.NVIC_PriorityGroupConfig)
    i.OLED_WB                                0x080010a8   Section        0  oled.o(i.OLED_WB)
    i.PD_WAKEUP_Int                          0x080010cc   Section        0  main.o(i.PD_WAKEUP_Int)
    i.PWR_ClearFlag                          0x080010fc   Section        0  stm32l1xx_pwr.o(i.PWR_ClearFlag)
    i.PWR_EnterSTOPMode                      0x0800110c   Section        0  stm32l1xx_pwr.o(i.PWR_EnterSTOPMode)
    i.PWR_FastWakeUpCmd                      0x08001140   Section        0  stm32l1xx_pwr.o(i.PWR_FastWakeUpCmd)
    i.PWR_RTCAccessCmd                       0x0800114c   Section        0  stm32l1xx_pwr.o(i.PWR_RTCAccessCmd)
    i.PWR_UltraLowPowerCmd                   0x08001158   Section        0  stm32l1xx_pwr.o(i.PWR_UltraLowPowerCmd)
    i.PendSV_Handler                         0x08001164   Section        0  stm32l1xx_it.o(i.PendSV_Handler)
    i.Power_Control                          0x08001168   Section        0  other.o(i.Power_Control)
    i.Power_Control_GPIO                     0x0800117c   Section        0  other.o(i.Power_Control_GPIO)
    i.RCC_AHBPeriphClockCmd                  0x080011b8   Section        0  stm32l1xx_rcc.o(i.RCC_AHBPeriphClockCmd)
    i.RCC_APB1PeriphClockCmd                 0x080011d0   Section        0  stm32l1xx_rcc.o(i.RCC_APB1PeriphClockCmd)
    i.RCC_APB2PeriphClockCmd                 0x080011e8   Section        0  stm32l1xx_rcc.o(i.RCC_APB2PeriphClockCmd)
    i.RCC_Config                             0x08001200   Section        0  user.o(i.RCC_Config)
    i.RCC_DeInit                             0x08001234   Section        0  stm32l1xx_rcc.o(i.RCC_DeInit)
    i.RCC_GetClocksFreq                      0x08001278   Section        0  stm32l1xx_rcc.o(i.RCC_GetClocksFreq)
    i.RCC_GetFlagStatus                      0x08001320   Section        0  stm32l1xx_rcc.o(i.RCC_GetFlagStatus)
    i.RCC_HSEConfig                          0x08001348   Section        0  stm32l1xx_rcc.o(i.RCC_HSEConfig)
    i.RCC_HSICmd                             0x08001358   Section        0  stm32l1xx_rcc.o(i.RCC_HSICmd)
    i.RCC_LSEConfig                          0x08001364   Section        0  stm32l1xx_rcc.o(i.RCC_LSEConfig)
    i.RCC_MSIRangeConfig                     0x08001374   Section        0  stm32l1xx_rcc.o(i.RCC_MSIRangeConfig)
    i.RCC_RTCCLKCmd                          0x08001388   Section        0  stm32l1xx_rcc.o(i.RCC_RTCCLKCmd)
    i.RCC_RTCCLKConfig                       0x08001394   Section        0  stm32l1xx_rcc.o(i.RCC_RTCCLKConfig)
    i.RCC_SYSCLKConfig                       0x080013c8   Section        0  stm32l1xx_rcc.o(i.RCC_SYSCLKConfig)
    i.RTC_Bcd2ToByte                         0x080013dc   Section        0  stm32l1xx_rtc.o(i.RTC_Bcd2ToByte)
    RTC_Bcd2ToByte                           0x080013dd   Thumb Code    18  stm32l1xx_rtc.o(i.RTC_Bcd2ToByte)
    i.RTC_ByteToBcd2                         0x080013ee   Section        0  stm32l1xx_rtc.o(i.RTC_ByteToBcd2)
    RTC_ByteToBcd2                           0x080013ef   Thumb Code    24  stm32l1xx_rtc.o(i.RTC_ByteToBcd2)
    i.RTC_ClearFlag                          0x08001408   Section        0  stm32l1xx_rtc.o(i.RTC_ClearFlag)
    i.RTC_ClkConfig                          0x08001424   Section        0  rtc.o(i.RTC_ClkConfig)
    i.RTC_EnterInitMode                      0x08001474   Section        0  stm32l1xx_rtc.o(i.RTC_EnterInitMode)
    i.RTC_ExitInitMode                       0x080014b0   Section        0  stm32l1xx_rtc.o(i.RTC_ExitInitMode)
    i.RTC_GetDate                            0x080014c0   Section        0  stm32l1xx_rtc.o(i.RTC_GetDate)
    i.RTC_GetITStatus                        0x08001508   Section        0  stm32l1xx_rtc.o(i.RTC_GetITStatus)
    i.RTC_GetTime                            0x08001548   Section        0  stm32l1xx_rtc.o(i.RTC_GetTime)
    i.RTC_GetTimeDate                        0x08001594   Section        0  rtc.o(i.RTC_GetTimeDate)
    i.RTC_ITConfig                           0x080015ac   Section        0  stm32l1xx_rtc.o(i.RTC_ITConfig)
    i.RTC_SetDate                            0x080015ec   Section        0  stm32l1xx_rtc.o(i.RTC_SetDate)
    i.RTC_SetTime                            0x08001688   Section        0  stm32l1xx_rtc.o(i.RTC_SetTime)
    i.RTC_SetTimeDate                        0x08001728   Section        0  rtc.o(i.RTC_SetTimeDate)
    i.RTC_SetWakeUpCounter                   0x08001768   Section        0  stm32l1xx_rtc.o(i.RTC_SetWakeUpCounter)
    i.RTC_WKUP_IRQHandler                    0x08001784   Section        0  rtc.o(i.RTC_WKUP_IRQHandler)
    i.RTC_WaitForSynchro                     0x080017b0   Section        0  stm32l1xx_rtc.o(i.RTC_WaitForSynchro)
    i.RTC_WakeUpClockConfig                  0x080017f8   Section        0  stm32l1xx_rtc.o(i.RTC_WakeUpClockConfig)
    i.RTC_WakeUp_IRQInit                     0x08001820   Section        0  rtc.o(i.RTC_WakeUp_IRQInit)
    i.RTC_WakeUp_init                        0x08001898   Section        0  rtc.o(i.RTC_WakeUp_init)
    i.Read_AddressWrite                      0x080018c0   Section        0  sst25vf016b_operation.o(i.Read_AddressWrite)
    i.SPISend                                0x080018d0   Section        0  sst25vf016b_operation.o(i.SPISend)
    i.SPI_Cmd                                0x08001904   Section        0  stm32l1xx_spi.o(i.SPI_Cmd)
    i.SPI_Configuration                      0x08001918   Section        0  spi.o(i.SPI_Configuration)
    i.SPI_FLASH_Write                        0x08001a08   Section        0  sst25vf016b_operation.o(i.SPI_FLASH_Write)
    i.SPI_I2S_GetFlagStatus                  0x08001a78   Section        0  stm32l1xx_spi.o(i.SPI_I2S_GetFlagStatus)
    i.SPI_I2S_ReceiveData                    0x08001a86   Section        0  stm32l1xx_spi.o(i.SPI_I2S_ReceiveData)
    i.SPI_I2S_SendData                       0x08001a8a   Section        0  stm32l1xx_spi.o(i.SPI_I2S_SendData)
    i.SPI_Init                               0x08001a8e   Section        0  stm32l1xx_spi.o(i.SPI_Init)
    i.SST25VF016B_4KBErase                   0x08001ac0   Section        0  sst25vf016b_operation.o(i.SST25VF016B_4KBErase)
    i.SST25VF016B_IsBusy                     0x08001b0c   Section        0  sst25vf016b_operation.o(i.SST25VF016B_IsBusy)
    i.SST25VF016B_Read                       0x08001b18   Section        0  sst25vf016b_operation.o(i.SST25VF016B_Read)
    i.SST25VF016B_ReadReg                    0x08001b80   Section        0  sst25vf016b_operation.o(i.SST25VF016B_ReadReg)
    i.SST25VF016B_Write                      0x08001bb0   Section        0  sst25vf016b_operation.o(i.SST25VF016B_Write)
    i.SST25VF016B_WriteEnable                0x08001c48   Section        0  sst25vf016b_operation.o(i.SST25VF016B_WriteEnable)
    i.SST25VF016B_Write_NoCheck              0x08001c80   Section        0  sst25vf016b_operation.o(i.SST25VF016B_Write_NoCheck)
    i.SST25VF016B_Write_Page                 0x08001cc0   Section        0  sst25vf016b_operation.o(i.SST25VF016B_Write_Page)
    i.SVC_Handler                            0x08001d24   Section        0  stm32l1xx_it.o(i.SVC_Handler)
    i.SYSCFG_EXTILineConfig                  0x08001d28   Section        0  stm32l1xx_syscfg.o(i.SYSCFG_EXTILineConfig)
    i.SYS_RTCInit                            0x08001d50   Section        0  rtc.o(i.SYS_RTCInit)
    i.SendMsg_Int                            0x08001d74   Section        0  main.o(i.SendMsg_Int)
    i.SetSysClock                            0x08001dcc   Section        0  system_stm32l1xx.o(i.SetSysClock)
    SetSysClock                              0x08001dcd   Thumb Code   146  system_stm32l1xx.o(i.SetSysClock)
    i.SysTick_CLKSourceConfig                0x08001e6c   Section        0  misc.o(i.SysTick_CLKSourceConfig)
    i.SysTick_Handler                        0x08001e84   Section        0  stm32l1xx_it.o(i.SysTick_Handler)
    i.SystemInit                             0x08001e88   Section        0  system_stm32l1xx.o(i.SystemInit)
    i.TI1_Config                             0x08001edc   Section        0  stm32l1xx_tim.o(i.TI1_Config)
    TI1_Config                               0x08001edd   Thumb Code    46  stm32l1xx_tim.o(i.TI1_Config)
    i.TI2_Config                             0x08001f0a   Section        0  stm32l1xx_tim.o(i.TI2_Config)
    TI2_Config                               0x08001f0b   Thumb Code    54  stm32l1xx_tim.o(i.TI2_Config)
    i.TIM2_IRQHandler                        0x08001f40   Section        0  stm32l1xx_it.o(i.TIM2_IRQHandler)
    i.TIM4_IRQHandler                        0x08001f98   Section        0  stm32l1xx_it.o(i.TIM4_IRQHandler)
    i.TIM_ClearITPendingBit                  0x08002054   Section        0  stm32l1xx_tim.o(i.TIM_ClearITPendingBit)
    i.TIM_Cmd                                0x0800205a   Section        0  stm32l1xx_tim.o(i.TIM_Cmd)
    i.TIM_GetCounter                         0x0800206e   Section        0  stm32l1xx_tim.o(i.TIM_GetCounter)
    i.TIM_GetITStatus                        0x08002072   Section        0  stm32l1xx_tim.o(i.TIM_GetITStatus)
    i.TIM_ICInit                             0x0800208a   Section        0  stm32l1xx_tim.o(i.TIM_ICInit)
    i.TIM_ITConfig                           0x08002136   Section        0  stm32l1xx_tim.o(i.TIM_ITConfig)
    i.TIM_SetCounter                         0x08002146   Section        0  stm32l1xx_tim.o(i.TIM_SetCounter)
    i.TIM_SetIC1Prescaler                    0x0800214a   Section        0  stm32l1xx_tim.o(i.TIM_SetIC1Prescaler)
    i.TIM_SetIC2Prescaler                    0x0800215a   Section        0  stm32l1xx_tim.o(i.TIM_SetIC2Prescaler)
    i.TIM_SetIC3Prescaler                    0x08002172   Section        0  stm32l1xx_tim.o(i.TIM_SetIC3Prescaler)
    i.TIM_SetIC4Prescaler                    0x08002182   Section        0  stm32l1xx_tim.o(i.TIM_SetIC4Prescaler)
    i.TIM_TimeBaseInit                       0x0800219c   Section        0  stm32l1xx_tim.o(i.TIM_TimeBaseInit)
    i.Timer_Config                           0x080021f8   Section        0  other.o(i.Timer_Config)
    i.USART3_IRQHandler                      0x08002248   Section        0  cc1110.o(i.USART3_IRQHandler)
    i.USART_Cmd                              0x080022a4   Section        0  stm32l1xx_usart.o(i.USART_Cmd)
    i.USART_GetITStatus                      0x080022b8   Section        0  stm32l1xx_usart.o(i.USART_GetITStatus)
    i.USART_ITConfig                         0x080022f6   Section        0  stm32l1xx_usart.o(i.USART_ITConfig)
    i.USART_Init                             0x08002328   Section        0  stm32l1xx_usart.o(i.USART_Init)
    i.USART_ReceiveData                      0x080023cc   Section        0  stm32l1xx_usart.o(i.USART_ReceiveData)
    i.Uart_TxHistoryData                     0x080023d4   Section        0  sst25vf016b_operation.o(i.Uart_TxHistoryData)
    i.UsageFault_Handler                     0x0800244c   Section        0  stm32l1xx_it.o(i.UsageFault_Handler)
    i.Wake_Config                            0x08002450   Section        0  user.o(i.Wake_Config)
    i.__scatterload_copy                     0x080024ac   Section       14  handlers.o(i.__scatterload_copy)
    i.__scatterload_null                     0x080024ba   Section        2  handlers.o(i.__scatterload_null)
    i.__scatterload_zeroinit                 0x080024bc   Section       14  handlers.o(i.__scatterload_zeroinit)
    i.delay_init                             0x080024cc   Section        0  user.o(i.delay_init)
    i.delay_ms                               0x08002508   Section        0  user.o(i.delay_ms)
    i.delay_us                               0x0800253c   Section        0  user.o(i.delay_us)
    i.itoa                                   0x08002570   Section        0  main.o(i.itoa)
    i.main                                   0x080025d0   Section        0  main.o(i.main)
    .constdata                               0x080029c4   Section       64  oled.o(.constdata)
    .constdata                               0x08002a04   Section      256  oled.o(.constdata)
    .constdata                               0x08002b04   Section     2072  oled.o(.constdata)
    .data                                    0x20000000   Section       68  main.o(.data)
    .data                                    0x20000044   Section        4  user.o(.data)
    fac_us                                   0x20000044   Data           1  user.o(.data)
    fac_ms                                   0x20000046   Data           2  user.o(.data)
    .data                                    0x20000048   Section        8  stm32l1xx_it.o(.data)
    s_i                                      0x2000004c   Data           4  stm32l1xx_it.o(.data)
    .data                                    0x20000050   Section       29  system_stm32l1xx.o(.data)
    .data                                    0x20000070   Section       16  adc.o(.data)
    .data                                    0x20000080   Section       22  cc1110.o(.data)
    .data                                    0x20000098   Section       12  flash.o(.data)
    .data                                    0x200000a4   Section       32  rtc.o(.data)
    AsynchPrediv                             0x200000a8   Data           4  rtc.o(.data)
    SynchPrediv                              0x200000ac   Data           4  rtc.o(.data)
    RTC_TimeStructure                        0x200000b0   Data           4  rtc.o(.data)
    RTC_DateStructure                        0x200000b4   Data           4  rtc.o(.data)
    NVIC_InitStructure                       0x200000b8   Data           4  rtc.o(.data)
    EXTI_InitStructure                       0x200000bc   Data           8  rtc.o(.data)
    .data                                    0x200000c4   Section       12  sst25vf016b_operation.o(.data)
    .data                                    0x200000d0   Section       25  stm32l1xx_rcc.o(.data)
    PLLMulTable                              0x200000d0   Data           9  stm32l1xx_rcc.o(.data)
    APBAHBPrescTable                         0x200000d9   Data          16  stm32l1xx_rcc.o(.data)
    .bss                                     0x200000ec   Section       64  main.o(.bss)
    .bss                                     0x2000012c   Section       16  user.o(.bss)
    .bss                                     0x2000013c   Section      132  stm32l1xx_it.o(.bss)
    .bss                                     0x200001c0   Section       12  rtc.o(.bss)
    RTC_InitStructure                        0x200001c0   Data          12  rtc.o(.bss)
    .bss                                     0x200001cc   Section     4096  sst25vf016b_operation.o(.bss)
    STACK                                    0x200011d0   Section     1024  startup_stm32l1xx_md.o(STACK)

    Global Symbols

    Symbol Name                              Value     Ov Type        Size  Object(Section)

    BuildAttributes$$THM_ISAv4$P$D$K$B$S$PE$A:L22UL41UL21$X:L11$S22US41US21$IEEE1$IW$USESV6$~STKCKD$USESV7$~SHL$OSPACE$EBA8$MICROLIB$REQ8$PRES8$EABIv2 0x00000000   Number         0  anon$$obj.o ABSOLUTE
    __ARM_use_no_argv                        0x00000000   Number         0  main.o ABSOLUTE
    __use_no_errno                           0x00000000   Number         0  useno.o ABSOLUTE
    __use_no_exception_handling              0x00000000   Number         0  useno.o ABSOLUTE
    __use_no_fp                              0x00000000   Number         0  useno.o ABSOLUTE
    __use_no_heap                            0x00000000   Number         0  useno.o ABSOLUTE
    __use_no_heap_region                     0x00000000   Number         0  useno.o ABSOLUTE
    __use_no_semihosting                     0x00000000   Number         0  useno.o ABSOLUTE
    __use_no_semihosting_swi                 0x00000000   Number         0  useno.o ABSOLUTE
    __use_no_signal_handling                 0x00000000   Number         0  useno.o ABSOLUTE
    __cpp_initialize__aeabi_                  - Undefined Weak Reference
    __cxa_finalize                            - Undefined Weak Reference
    __decompress                              - Undefined Weak Reference
    _clock_init                               - Undefined Weak Reference
    _microlib_exit                            - Undefined Weak Reference
    __Vectors_Size                           0x000000f4   Number         0  startup_stm32l1xx_md.o ABSOLUTE
    __Vectors                                0x08000000   Data           4  startup_stm32l1xx_md.o(RESET)
    __Vectors_End                            0x080000f4   Data           0  startup_stm32l1xx_md.o(RESET)
    __main                                   0x080000f5   Thumb Code     0  entry.o(.ARM.Collect$$$$00000000)
    _main_stk                                0x080000f5   Thumb Code     0  entry2.o(.ARM.Collect$$$$00000001)
    _main_scatterload                        0x080000f9   Thumb Code     0  entry5.o(.ARM.Collect$$$$00000004)
    __main_after_scatterload                 0x080000fd   Thumb Code     0  entry5.o(.ARM.Collect$$$$00000004)
    _main_clock                              0x080000fd   Thumb Code     0  entry7b.o(.ARM.Collect$$$$00000008)
    _main_cpp_init                           0x080000fd   Thumb Code     0  entry8b.o(.ARM.Collect$$$$0000000A)
    _main_init                               0x080000fd   Thumb Code     0  entry9a.o(.ARM.Collect$$$$0000000B)
    __rt_final_cpp                           0x08000105   Thumb Code     0  entry10a.o(.ARM.Collect$$$$0000000D)
    __rt_final_exit                          0x08000105   Thumb Code     0  entry11a.o(.ARM.Collect$$$$0000000F)
    Reset_Handler                            0x08000109   Thumb Code     8  startup_stm32l1xx_md.o(.text)
    ADC1_IRQHandler                          0x08000123   Thumb Code     0  startup_stm32l1xx_md.o(.text)
    COMP_IRQHandler                          0x08000123   Thumb Code     0  startup_stm32l1xx_md.o(.text)
    DAC_IRQHandler                           0x08000123   Thumb Code     0  startup_stm32l1xx_md.o(.text)
    DMA1_Channel1_IRQHandler                 0x08000123   Thumb Code     0  startup_stm32l1xx_md.o(.text)
    DMA1_Channel2_IRQHandler                 0x08000123   Thumb Code     0  startup_stm32l1xx_md.o(.text)
    DMA1_Channel3_IRQHandler                 0x08000123   Thumb Code     0  startup_stm32l1xx_md.o(.text)
    DMA1_Channel4_IRQHandler                 0x08000123   Thumb Code     0  startup_stm32l1xx_md.o(.text)
    DMA1_Channel5_IRQHandler                 0x08000123   Thumb Code     0  startup_stm32l1xx_md.o(.text)
    DMA1_Channel6_IRQHandler                 0x08000123   Thumb Code     0  startup_stm32l1xx_md.o(.text)
    DMA1_Channel7_IRQHandler                 0x08000123   Thumb Code     0  startup_stm32l1xx_md.o(.text)
    EXTI15_10_IRQHandler                     0x08000123   Thumb Code     0  startup_stm32l1xx_md.o(.text)
    EXTI2_IRQHandler                         0x08000123   Thumb Code     0  startup_stm32l1xx_md.o(.text)
    EXTI3_IRQHandler                         0x08000123   Thumb Code     0  startup_stm32l1xx_md.o(.text)
    EXTI4_IRQHandler                         0x08000123   Thumb Code     0  startup_stm32l1xx_md.o(.text)
    EXTI9_5_IRQHandler                       0x08000123   Thumb Code     0  startup_stm32l1xx_md.o(.text)
    FLASH_IRQHandler                         0x08000123   Thumb Code     0  startup_stm32l1xx_md.o(.text)
    I2C1_ER_IRQHandler                       0x08000123   Thumb Code     0  startup_stm32l1xx_md.o(.text)
    I2C1_EV_IRQHandler                       0x08000123   Thumb Code     0  startup_stm32l1xx_md.o(.text)
    I2C2_ER_IRQHandler                       0x08000123   Thumb Code     0  startup_stm32l1xx_md.o(.text)
    I2C2_EV_IRQHandler                       0x08000123   Thumb Code     0  startup_stm32l1xx_md.o(.text)
    LCD_IRQHandler                           0x08000123   Thumb Code     0  startup_stm32l1xx_md.o(.text)
    PVD_IRQHandler                           0x08000123   Thumb Code     0  startup_stm32l1xx_md.o(.text)
    RCC_IRQHandler                           0x08000123   Thumb Code     0  startup_stm32l1xx_md.o(.text)
    RTC_Alarm_IRQHandler                     0x08000123   Thumb Code     0  startup_stm32l1xx_md.o(.text)
    SPI1_IRQHandler                          0x08000123   Thumb Code     0  startup_stm32l1xx_md.o(.text)
    SPI2_IRQHandler                          0x08000123   Thumb Code     0  startup_stm32l1xx_md.o(.text)
    TAMPER_STAMP_IRQHandler                  0x08000123   Thumb Code     0  startup_stm32l1xx_md.o(.text)
    TIM10_IRQHandler                         0x08000123   Thumb Code     0  startup_stm32l1xx_md.o(.text)
    TIM11_IRQHandler                         0x08000123   Thumb Code     0  startup_stm32l1xx_md.o(.text)
    TIM3_IRQHandler                          0x08000123   Thumb Code     0  startup_stm32l1xx_md.o(.text)
    TIM6_IRQHandler                          0x08000123   Thumb Code     0  startup_stm32l1xx_md.o(.text)
    TIM7_IRQHandler                          0x08000123   Thumb Code     0  startup_stm32l1xx_md.o(.text)
    TIM9_IRQHandler                          0x08000123   Thumb Code     0  startup_stm32l1xx_md.o(.text)
    USART1_IRQHandler                        0x08000123   Thumb Code     0  startup_stm32l1xx_md.o(.text)
    USART2_IRQHandler                        0x08000123   Thumb Code     0  startup_stm32l1xx_md.o(.text)
    USB_FS_WKUP_IRQHandler                   0x08000123   Thumb Code     0  startup_stm32l1xx_md.o(.text)
    USB_HP_IRQHandler                        0x08000123   Thumb Code     0  startup_stm32l1xx_md.o(.text)
    USB_LP_IRQHandler                        0x08000123   Thumb Code     0  startup_stm32l1xx_md.o(.text)
    WWDG_IRQHandler                          0x08000123   Thumb Code     0  startup_stm32l1xx_md.o(.text)
    __aeabi_memset                           0x0800012d   Thumb Code    14  memseta.o(.text)
    __aeabi_memset4                          0x0800012d   Thumb Code     0  memseta.o(.text)
    __aeabi_memset8                          0x0800012d   Thumb Code     0  memseta.o(.text)
    __aeabi_memclr                           0x0800013b   Thumb Code     4  memseta.o(.text)
    __aeabi_memclr4                          0x0800013b   Thumb Code     0  memseta.o(.text)
    __aeabi_memclr8                          0x0800013b   Thumb Code     0  memseta.o(.text)
    _memset$wrapper                          0x0800013f   Thumb Code    18  memseta.o(.text)
    __scatterload                            0x08000151   Thumb Code    28  init.o(.text)
    __scatterload_rt2                        0x08000151   Thumb Code     0  init.o(.text)
    ADC_ClearFlag                            0x08000175   Thumb Code     6  stm32l1xx_adc.o(i.ADC_ClearFlag)
    ADC_Cmd                                  0x0800017b   Thumb Code    20  stm32l1xx_adc.o(i.ADC_Cmd)
    ADC_Config                               0x08000191   Thumb Code   136  adc.o(i.ADC_Config)
    ADC_DelaySelectionConfig                 0x08000225   Thumb Code    12  stm32l1xx_adc.o(i.ADC_DelaySelectionConfig)
    ADC_GetConversionValue                   0x08000231   Thumb Code     6  stm32l1xx_adc.o(i.ADC_GetConversionValue)
    ADC_GetFlagStatus                        0x08000237   Thumb Code    14  stm32l1xx_adc.o(i.ADC_GetFlagStatus)
    ADC_Init                                 0x08000245   Thumb Code    66  stm32l1xx_adc.o(i.ADC_Init)
    ADC_PowerDownCmd                         0x08000291   Thumb Code    16  stm32l1xx_adc.o(i.ADC_PowerDownCmd)
    ADC_RegularChannelConfig                 0x080002a1   Thumb Code   190  stm32l1xx_adc.o(i.ADC_RegularChannelConfig)
    ADC_SoftwareStartConv                    0x0800035f   Thumb Code    10  stm32l1xx_adc.o(i.ADC_SoftwareStartConv)
    AD_Smapling_Function                     0x08000369   Thumb Code    50  main.o(i.AD_Smapling_Function)
    Battery_Monitor                          0x080003a5   Thumb Code    16  other.o(i.Battery_Monitor)
    Battery_Monitor_Config                   0x080003b9   Thumb Code    20  other.o(i.Battery_Monitor_Config)
    Bsp_Config                               0x080003d1   Thumb Code    84  user.o(i.Bsp_Config)
    BusFault_Handler                         0x0800042d   Thumb Code     2  stm32l1xx_it.o(i.BusFault_Handler)
    CC1110_Config                            0x08000431   Thumb Code   180  cc1110.o(i.CC1110_Config)
    CC1110_Senddata                          0x080004f1   Thumb Code   262  main.o(i.CC1110_Senddata)
    ControlGPIO_Initt                        0x0800060d   Thumb Code    48  user.o(i.ControlGPIO_Initt)
    DATA_EEPROM_EraseWord                    0x08000641   Thumb Code    22  stm32l1xx_flash.o(i.DATA_EEPROM_EraseWord)
    DATA_EEPROM_ProgramWord                  0x08000657   Thumb Code    34  stm32l1xx_flash.o(i.DATA_EEPROM_ProgramWord)
    DATA_EEPROM_Unlock                       0x08000679   Thumb Code    22  stm32l1xx_flash.o(i.DATA_EEPROM_Unlock)
    DebugMon_Handler                         0x0800069d   Thumb Code     2  stm32l1xx_it.o(i.DebugMon_Handler)
    EXTI0_IRQHandler                         0x080006a1   Thumb Code    34  stm32l1xx_it.o(i.EXTI0_IRQHandler)
    EXTI1_IRQHandler                         0x080006c9   Thumb Code    34  stm32l1xx_it.o(i.EXTI1_IRQHandler)
    EXTI_ClearITPendingBit                   0x080006f1   Thumb Code     6  stm32l1xx_exti.o(i.EXTI_ClearITPendingBit)
    EXTI_GetITStatus                         0x080006fd   Thumb Code    28  stm32l1xx_exti.o(i.EXTI_GetITStatus)
    EXTI_Init                                0x0800071d   Thumb Code   108  stm32l1xx_exti.o(i.EXTI_Init)
    EnterLowPower                            0x0800078d   Thumb Code   204  user.o(i.EnterLowPower)
    FLASH_ClearFlag                          0x08000885   Thumb Code     6  stm32l1xx_flash.o(i.FLASH_ClearFlag)
    FLASH_GetStatus                          0x08000891   Thumb Code    36  stm32l1xx_flash.o(i.FLASH_GetStatus)
    FLASH_Lock                               0x080008b9   Thumb Code    12  stm32l1xx_flash.o(i.FLASH_Lock)
    FLASH_Read                               0x080008c9   Thumb Code    24  flash.o(i.FLASH_Read)
    FLASH_SPI_Configuration                  0x080008e1   Thumb Code   174  sst25vf016b_operation.o(i.FLASH_SPI_Configuration)
    FLASH_WaitForLastOperation               0x08000999   Thumb Code    58  stm32l1xx_flash.o(i.FLASH_WaitForLastOperation)
    FLASH_Write                              0x080009d5   Thumb Code    88  flash.o(i.FLASH_Write)
    FlashReadID                              0x08000a31   Thumb Code    80  sst25vf016b_operation.o(i.FlashReadID)
    GPIO_Init                                0x08000a85   Thumb Code   158  stm32l1xx_gpio.o(i.GPIO_Init)
    GPIO_PinAFConfig                         0x08000b23   Thumb Code    32  stm32l1xx_gpio.o(i.GPIO_PinAFConfig)
    GPIO_ResetBits                           0x08000b43   Thumb Code     4  stm32l1xx_gpio.o(i.GPIO_ResetBits)
    GPIO_SetBits                             0x08000b47   Thumb Code     4  stm32l1xx_gpio.o(i.GPIO_SetBits)
    Get_ADC                                  0x08000b4d   Thumb Code   144  adc.o(i.Get_ADC)
    HardFault_Handler                        0x08000be5   Thumb Code     2  stm32l1xx_it.o(i.HardFault_Handler)
    Infrared_Config                          0x08000be9   Thumb Code   162  infrared.o(i.Infrared_Config)
    LCD_CLS                                  0x08000c99   Thumb Code    84  oled.o(i.LCD_CLS)
    LCD_Init                                 0x08000ced   Thumb Code   172  oled.o(i.LCD_Init)
    LCD_P16x16Ch                             0x08000d9d   Thumb Code   108  oled.o(i.LCD_P16x16Ch)
    LCD_P6x8Str                              0x08000e09   Thumb Code    92  oled.o(i.LCD_P6x8Str)
    LCD_P8x16Str                             0x08000e69   Thumb Code   138  oled.o(i.LCD_P8x16Str)
    LCD_Set_Pos                              0x08000ef9   Thumb Code    52  oled.o(i.LCD_Set_Pos)
    LCD_WrCmd                                0x08000f2d   Thumb Code    22  oled.o(i.LCD_WrCmd)
    LCD_WrDat                                0x08000f49   Thumb Code    22  oled.o(i.LCD_WrDat)
    LED_Control                              0x08000f65   Thumb Code    16  other.o(i.LED_Control)
    Led_Control_GPIO                         0x08000f79   Thumb Code    50  other.o(i.Led_Control_GPIO)
    MemManage_Handler                        0x08000fb5   Thumb Code     2  stm32l1xx_it.o(i.MemManage_Handler)
    NMI_Handler                              0x08000fb7   Thumb Code     2  stm32l1xx_it.o(i.NMI_Handler)
    NVIC_Config                              0x08000fb9   Thumb Code   118  other.o(i.NVIC_Config)
    NVIC_Init                                0x08001031   Thumb Code    96  misc.o(i.NVIC_Init)
    NVIC_PriorityGroupConfig                 0x08001095   Thumb Code    10  misc.o(i.NVIC_PriorityGroupConfig)
    OLED_WB                                  0x080010a9   Thumb Code    30  oled.o(i.OLED_WB)
    PD_WAKEUP_Int                            0x080010cd   Thumb Code    46  main.o(i.PD_WAKEUP_Int)
    PWR_ClearFlag                            0x080010fd   Thumb Code    12  stm32l1xx_pwr.o(i.PWR_ClearFlag)
    PWR_EnterSTOPMode                        0x0800110d   Thumb Code    42  stm32l1xx_pwr.o(i.PWR_EnterSTOPMode)
    PWR_FastWakeUpCmd                        0x08001141   Thumb Code     6  stm32l1xx_pwr.o(i.PWR_FastWakeUpCmd)
    PWR_RTCAccessCmd                         0x0800114d   Thumb Code     6  stm32l1xx_pwr.o(i.PWR_RTCAccessCmd)
    PWR_UltraLowPowerCmd                     0x08001159   Thumb Code     6  stm32l1xx_pwr.o(i.PWR_UltraLowPowerCmd)
    PendSV_Handler                           0x08001165   Thumb Code     2  stm32l1xx_it.o(i.PendSV_Handler)
    Power_Control                            0x08001169   Thumb Code    16  other.o(i.Power_Control)
    Power_Control_GPIO                       0x0800117d   Thumb Code    52  other.o(i.Power_Control_GPIO)
    RCC_AHBPeriphClockCmd                    0x080011b9   Thumb Code    18  stm32l1xx_rcc.o(i.RCC_AHBPeriphClockCmd)
    RCC_APB1PeriphClockCmd                   0x080011d1   Thumb Code    18  stm32l1xx_rcc.o(i.RCC_APB1PeriphClockCmd)
    RCC_APB2PeriphClockCmd                   0x080011e9   Thumb Code    18  stm32l1xx_rcc.o(i.RCC_APB2PeriphClockCmd)
    RCC_Config                               0x08001201   Thumb Code    52  user.o(i.RCC_Config)
    RCC_DeInit                               0x08001235   Thumb Code    54  stm32l1xx_rcc.o(i.RCC_DeInit)
    RCC_GetClocksFreq                        0x08001279   Thumb Code   150  stm32l1xx_rcc.o(i.RCC_GetClocksFreq)
    RCC_GetFlagStatus                        0x08001321   Thumb Code    36  stm32l1xx_rcc.o(i.RCC_GetFlagStatus)
    RCC_HSEConfig                            0x08001349   Thumb Code    10  stm32l1xx_rcc.o(i.RCC_HSEConfig)
    RCC_HSICmd                               0x08001359   Thumb Code     6  stm32l1xx_rcc.o(i.RCC_HSICmd)
    RCC_LSEConfig                            0x08001365   Thumb Code    10  stm32l1xx_rcc.o(i.RCC_LSEConfig)
    RCC_MSIRangeConfig                       0x08001375   Thumb Code    14  stm32l1xx_rcc.o(i.RCC_MSIRangeConfig)
    RCC_RTCCLKCmd                            0x08001389   Thumb Code     6  stm32l1xx_rcc.o(i.RCC_RTCCLKCmd)
    RCC_RTCCLKConfig                         0x08001395   Thumb Code    48  stm32l1xx_rcc.o(i.RCC_RTCCLKConfig)
    RCC_SYSCLKConfig                         0x080013c9   Thumb Code    14  stm32l1xx_rcc.o(i.RCC_SYSCLKConfig)
    RTC_ClearFlag                            0x08001409   Thumb Code    24  stm32l1xx_rtc.o(i.RTC_ClearFlag)
    RTC_ClkConfig                            0x08001425   Thumb Code    72  rtc.o(i.RTC_ClkConfig)
    RTC_EnterInitMode                        0x08001475   Thumb Code    56  stm32l1xx_rtc.o(i.RTC_EnterInitMode)
    RTC_ExitInitMode                         0x080014b1   Thumb Code    12  stm32l1xx_rtc.o(i.RTC_ExitInitMode)
    RTC_GetDate                              0x080014c1   Thumb Code    64  stm32l1xx_rtc.o(i.RTC_GetDate)
    RTC_GetITStatus                          0x08001509   Thumb Code    54  stm32l1xx_rtc.o(i.RTC_GetITStatus)
    RTC_GetTime                              0x08001549   Thumb Code    68  stm32l1xx_rtc.o(i.RTC_GetTime)
    RTC_GetTimeDate                          0x08001595   Thumb Code    22  rtc.o(i.RTC_GetTimeDate)
    RTC_ITConfig                             0x080015ad   Thumb Code    60  stm32l1xx_rtc.o(i.RTC_ITConfig)
    RTC_SetDate                              0x080015ed   Thumb Code   146  stm32l1xx_rtc.o(i.RTC_SetDate)
    RTC_SetTime                              0x08001689   Thumb Code   152  stm32l1xx_rtc.o(i.RTC_SetTime)
    RTC_SetTimeDate                          0x08001729   Thumb Code    60  rtc.o(i.RTC_SetTimeDate)
    RTC_SetWakeUpCounter                     0x08001769   Thumb Code    22  stm32l1xx_rtc.o(i.RTC_SetWakeUpCounter)
    RTC_WKUP_IRQHandler                      0x08001785   Thumb Code    40  rtc.o(i.RTC_WKUP_IRQHandler)
    RTC_WaitForSynchro                       0x080017b1   Thumb Code    68  stm32l1xx_rtc.o(i.RTC_WaitForSynchro)
    RTC_WakeUpClockConfig                    0x080017f9   Thumb Code    34  stm32l1xx_rtc.o(i.RTC_WakeUpClockConfig)
    RTC_WakeUp_IRQInit                       0x08001821   Thumb Code   114  rtc.o(i.RTC_WakeUp_IRQInit)
    RTC_WakeUp_init                          0x08001899   Thumb Code    40  rtc.o(i.RTC_WakeUp_init)
    Read_AddressWrite                        0x080018c1   Thumb Code    10  sst25vf016b_operation.o(i.Read_AddressWrite)
    SPISend                                  0x080018d1   Thumb Code    48  sst25vf016b_operation.o(i.SPISend)
    SPI_Cmd                                  0x08001905   Thumb Code    20  stm32l1xx_spi.o(i.SPI_Cmd)
    SPI_Configuration                        0x08001919   Thumb Code   226  spi.o(i.SPI_Configuration)
    SPI_FLASH_Write                          0x08001a09   Thumb Code   104  sst25vf016b_operation.o(i.SPI_FLASH_Write)
    SPI_I2S_GetFlagStatus                    0x08001a79   Thumb Code    14  stm32l1xx_spi.o(i.SPI_I2S_GetFlagStatus)
    SPI_I2S_ReceiveData                      0x08001a87   Thumb Code     4  stm32l1xx_spi.o(i.SPI_I2S_ReceiveData)
    SPI_I2S_SendData                         0x08001a8b   Thumb Code     4  stm32l1xx_spi.o(i.SPI_I2S_SendData)
    SPI_Init                                 0x08001a8f   Thumb Code    48  stm32l1xx_spi.o(i.SPI_Init)
    SST25VF016B_4KBErase                     0x08001ac1   Thumb Code    70  sst25vf016b_operation.o(i.SST25VF016B_4KBErase)
    SST25VF016B_IsBusy                       0x08001b0d   Thumb Code    12  sst25vf016b_operation.o(i.SST25VF016B_IsBusy)
    SST25VF016B_Read                         0x08001b19   Thumb Code   100  sst25vf016b_operation.o(i.SST25VF016B_Read)
    SST25VF016B_ReadReg                      0x08001b81   Thumb Code    42  sst25vf016b_operation.o(i.SST25VF016B_ReadReg)
    SST25VF016B_Write                        0x08001bb1   Thumb Code   146  sst25vf016b_operation.o(i.SST25VF016B_Write)
    SST25VF016B_WriteEnable                  0x08001c49   Thumb Code    52  sst25vf016b_operation.o(i.SST25VF016B_WriteEnable)
    SST25VF016B_Write_NoCheck                0x08001c81   Thumb Code    62  sst25vf016b_operation.o(i.SST25VF016B_Write_NoCheck)
    SST25VF016B_Write_Page                   0x08001cc1   Thumb Code    96  sst25vf016b_operation.o(i.SST25VF016B_Write_Page)
    SVC_Handler                              0x08001d25   Thumb Code     2  stm32l1xx_it.o(i.SVC_Handler)
    SYSCFG_EXTILineConfig                    0x08001d29   Thumb Code    34  stm32l1xx_syscfg.o(i.SYSCFG_EXTILineConfig)
    SYS_RTCInit                              0x08001d51   Thumb Code    36  rtc.o(i.SYS_RTCInit)
    SendMsg_Int                              0x08001d75   Thumb Code    74  main.o(i.SendMsg_Int)
    SysTick_CLKSourceConfig                  0x08001e6d   Thumb Code    24  misc.o(i.SysTick_CLKSourceConfig)
    SysTick_Handler                          0x08001e85   Thumb Code     2  stm32l1xx_it.o(i.SysTick_Handler)
    SystemInit                               0x08001e89   Thumb Code    68  system_stm32l1xx.o(i.SystemInit)
    TIM2_IRQHandler                          0x08001f41   Thumb Code    76  stm32l1xx_it.o(i.TIM2_IRQHandler)
    TIM4_IRQHandler                          0x08001f99   Thumb Code   174  stm32l1xx_it.o(i.TIM4_IRQHandler)
    TIM_ClearITPendingBit                    0x08002055   Thumb Code     6  stm32l1xx_tim.o(i.TIM_ClearITPendingBit)
    TIM_Cmd                                  0x0800205b   Thumb Code    20  stm32l1xx_tim.o(i.TIM_Cmd)
    TIM_GetCounter                           0x0800206f   Thumb Code     4  stm32l1xx_tim.o(i.TIM_GetCounter)
    TIM_GetITStatus                          0x08002073   Thumb Code    24  stm32l1xx_tim.o(i.TIM_GetITStatus)
    TIM_ICInit                               0x0800208b   Thumb Code   172  stm32l1xx_tim.o(i.TIM_ICInit)
    TIM_ITConfig                             0x08002137   Thumb Code    16  stm32l1xx_tim.o(i.TIM_ITConfig)
    TIM_SetCounter                           0x08002147   Thumb Code     4  stm32l1xx_tim.o(i.TIM_SetCounter)
    TIM_SetIC1Prescaler                      0x0800214b   Thumb Code    16  stm32l1xx_tim.o(i.TIM_SetIC1Prescaler)
    TIM_SetIC2Prescaler                      0x0800215b   Thumb Code    24  stm32l1xx_tim.o(i.TIM_SetIC2Prescaler)
    TIM_SetIC3Prescaler                      0x08002173   Thumb Code    16  stm32l1xx_tim.o(i.TIM_SetIC3Prescaler)
    TIM_SetIC4Prescaler                      0x08002183   Thumb Code    24  stm32l1xx_tim.o(i.TIM_SetIC4Prescaler)
    TIM_TimeBaseInit                         0x0800219d   Thumb Code    70  stm32l1xx_tim.o(i.TIM_TimeBaseInit)
    Timer_Config                             0x080021f9   Thumb Code    76  other.o(i.Timer_Config)
    USART3_IRQHandler                        0x08002249   Thumb Code    78  cc1110.o(i.USART3_IRQHandler)
    USART_Cmd                                0x080022a5   Thumb Code    20  stm32l1xx_usart.o(i.USART_Cmd)
    USART_GetITStatus                        0x080022b9   Thumb Code    62  stm32l1xx_usart.o(i.USART_GetITStatus)
    USART_ITConfig                           0x080022f7   Thumb Code    48  stm32l1xx_usart.o(i.USART_ITConfig)
    USART_Init                               0x08002329   Thumb Code   158  stm32l1xx_usart.o(i.USART_Init)
    USART_ReceiveData                        0x080023cd   Thumb Code     8  stm32l1xx_usart.o(i.USART_ReceiveData)
    Uart_TxHistoryData                       0x080023d5   Thumb Code   112  sst25vf016b_operation.o(i.Uart_TxHistoryData)
    UsageFault_Handler                       0x0800244d   Thumb Code     2  stm32l1xx_it.o(i.UsageFault_Handler)
    Wake_Config                              0x08002451   Thumb Code    88  user.o(i.Wake_Config)
    __scatterload_copy                       0x080024ad   Thumb Code    14  handlers.o(i.__scatterload_copy)
    __scatterload_null                       0x080024bb   Thumb Code     2  handlers.o(i.__scatterload_null)
    __scatterload_zeroinit                   0x080024bd   Thumb Code    14  handlers.o(i.__scatterload_zeroinit)
    delay_init                               0x080024cd   Thumb Code    46  user.o(i.delay_init)
    delay_ms                                 0x08002509   Thumb Code    46  user.o(i.delay_ms)
    delay_us                                 0x0800253d   Thumb Code    46  user.o(i.delay_us)
    itoa                                     0x08002571   Thumb Code    94  main.o(i.itoa)
    main                                     0x080025d1   Thumb Code   952  main.o(i.main)
    fd0                                      0x080029c4   Data          64  oled.o(.constdata)
    fd1                                      0x08002a04   Data         256  oled.o(.constdata)
    F6x8                                     0x08002b04   Data         552  oled.o(.constdata)
    F8X16                                    0x08002d2c   Data        1520  oled.o(.constdata)
    Region$$Table$$Base                      0x0800331c   Number         0  anon$$obj.o(Region$$Table)
    Region$$Table$$Limit                     0x0800333c   Number         0  anon$$obj.o(Region$$Table)
    Senor_Type                               0x20000000   Data           1  main.o(.data)
    Senor_IDNUM_Temp                         0x20000001   Data           1  main.o(.data)
    CC1110_Send_Flag                         0x20000002   Data           1  main.o(.data)
    SET_START                                0x20000003   Data           1  main.o(.data)
    curse_ok                                 0x20000004   Data           1  main.o(.data)
    SenMsg                                   0x20000005   Data           2  main.o(.data)
    k_code                                   0x20000008   Data           4  main.o(.data)
    k                                        0x2000000c   Data           4  main.o(.data)
    pObj                                     0x20000010   Data           4  main.o(.data)
    VVV1                                     0x20000014   Data           4  main.o(.data)
    VVV11                                    0x20000018   Data           4  main.o(.data)
    VVV2                                     0x2000001c   Data           4  main.o(.data)
    VVV22                                    0x20000020   Data           4  main.o(.data)
    r                                        0x20000024   Data           5  main.o(.data)
    CV1                                      0x20000029   Data           5  main.o(.data)
    CV11                                     0x2000002e   Data           5  main.o(.data)
    CV2                                      0x20000033   Data           5  main.o(.data)
    CV22                                     0x20000038   Data           5  main.o(.data)
    RTC_TimeDateStructure                    0x2000003d   Data           7  main.o(.data)
    Timer                                    0x20000048   Data           1  stm32l1xx_it.o(.data)
    g_IR_State                               0x20000049   Data           1  stm32l1xx_it.o(.data)
    CC1100_WAKEUP_Flag                       0x2000004a   Data           1  stm32l1xx_it.o(.data)
    PD_WAKEUP_Flag                           0x2000004b   Data           1  stm32l1xx_it.o(.data)
    SystemCoreClock                          0x20000050   Data           4  system_stm32l1xx.o(.data)
    PLLMulTable                              0x20000054   Data           9  system_stm32l1xx.o(.data)
    AHBPrescTable                            0x2000005d   Data          16  system_stm32l1xx.o(.data)
    CV_Value                                 0x20000070   Data          16  adc.o(.data)
    cnt                                      0x20000080   Data           4  cc1110.o(.data)
    xinxi                                    0x20000084   Data           4  cc1110.o(.data)
    rx_index                                 0x20000088   Data           4  cc1110.o(.data)
    RxBuffer1                                0x2000008c   Data          10  cc1110.o(.data)
    FLASHStatus                              0x20000098   Data           1  flash.o(.data)
    NbrOfPage                                0x2000009c   Data           4  flash.o(.data)
    j                                        0x200000a0   Data           4  flash.o(.data)
    rtc_wakeup_flag                          0x200000a4   Data           1  rtc.o(.data)
    WriteAddressPostion                      0x200000c4   Data           3  sst25vf016b_operation.o(.data)
    WriteAddressPostionLast                  0x200000c8   Data           4  sst25vf016b_operation.o(.data)
    WriteAddressPostionNow                   0x200000cc   Data           4  sst25vf016b_operation.o(.data)
    Flash_Read_Buff                          0x200000ec   Data          16  main.o(.bss)
    Flash_Write_Buff                         0x200000fc   Data          16  main.o(.bss)
    ID_Read_Buff                             0x2000010c   Data          16  main.o(.bss)
    ID_Write_Buff                            0x2000011c   Data          16  main.o(.bss)
    RCC_Clocks                               0x2000012c   Data          16  user.o(.bss)
    g_IR_Code                                0x2000013c   Data         132  stm32l1xx_it.o(.bss)
    SST25VF016B_BUFFER                       0x200001cc   Data        4096  sst25vf016b_operation.o(.bss)
    __initial_sp                             0x200015d0   Data           0  startup_stm32l1xx_md.o(STACK)



==============================================================================

Memory Map of the image

  Image Entry point : 0x08000109

  Load Region LR_1 (Base: 0x08000000, Size: 0x00003428, Max: 0xffffffff, ABSOLUTE)

    Execution Region ER_RO (Exec base: 0x08000000, Load base: 0x08000000, Size: 0x0000333c, Max: 0xffffffff, ABSOLUTE)

    Exec Addr    Load Addr    Size         Type   Attr      Idx    E Section Name        Object

    0x08000000   0x08000000   0x000000f4   Data   RO          491    RESET               startup_stm32l1xx_md.o
    0x080000f4   0x080000f4   0x00000000   Code   RO         3335  * .ARM.Collect$$$$00000000  mc_w.l(entry.o)
    0x080000f4   0x080000f4   0x00000004   Code   RO         3340    .ARM.Collect$$$$00000001  mc_w.l(entry2.o)
    0x080000f8   0x080000f8   0x00000004   Code   RO         3343    .ARM.Collect$$$$00000004  mc_w.l(entry5.o)
    0x080000fc   0x080000fc   0x00000000   Code   RO         3345    .ARM.Collect$$$$00000008  mc_w.l(entry7b.o)
    0x080000fc   0x080000fc   0x00000000   Code   RO         3347    .ARM.Collect$$$$0000000A  mc_w.l(entry8b.o)
    0x080000fc   0x080000fc   0x00000008   Code   RO         3348    .ARM.Collect$$$$0000000B  mc_w.l(entry9a.o)
    0x08000104   0x08000104   0x00000000   Code   RO         3350    .ARM.Collect$$$$0000000D  mc_w.l(entry10a.o)
    0x08000104   0x08000104   0x00000000   Code   RO         3352    .ARM.Collect$$$$0000000F  mc_w.l(entry11a.o)
    0x08000104   0x08000104   0x00000004   Code   RO         3341    .ARM.Collect$$$$00002712  mc_w.l(entry2.o)
    0x08000108   0x08000108   0x00000024   Code   RO          492  * .text               startup_stm32l1xx_md.o
    0x0800012c   0x0800012c   0x00000024   Code   RO         3338    .text               mc_w.l(memseta.o)
    0x08000150   0x08000150   0x00000024   Code   RO         3354    .text               mc_w.l(init.o)
    0x08000174   0x08000174   0x00000006   Code   RO         1485    i.ADC_ClearFlag     stm32l1xx_adc.o
    0x0800017a   0x0800017a   0x00000014   Code   RO         1487    i.ADC_Cmd           stm32l1xx_adc.o
    0x0800018e   0x0800018e   0x00000002   PAD
    0x08000190   0x08000190   0x00000094   Code   RO          530    i.ADC_Config        adc.o
    0x08000224   0x08000224   0x0000000c   Code   RO         1494    i.ADC_DelaySelectionConfig  stm32l1xx_adc.o
    0x08000230   0x08000230   0x00000006   Code   RO         1500    i.ADC_GetConversionValue  stm32l1xx_adc.o
    0x08000236   0x08000236   0x0000000e   Code   RO         1501    i.ADC_GetFlagStatus  stm32l1xx_adc.o
    0x08000244   0x08000244   0x0000004c   Code   RO         1507    i.ADC_Init          stm32l1xx_adc.o
    0x08000290   0x08000290   0x00000010   Code   RO         1511    i.ADC_PowerDownCmd  stm32l1xx_adc.o
    0x080002a0   0x080002a0   0x000000be   Code   RO         1512    i.ADC_RegularChannelConfig  stm32l1xx_adc.o
    0x0800035e   0x0800035e   0x0000000a   Code   RO         1514    i.ADC_SoftwareStartConv  stm32l1xx_adc.o
    0x08000368   0x08000368   0x0000003c   Code   RO            3    i.AD_Smapling_Function  main.o
    0x080003a4   0x080003a4   0x00000014   Code   RO          629    i.Battery_Monitor   other.o
    0x080003b8   0x080003b8   0x00000018   Code   RO          630    i.Battery_Monitor_Config  other.o
    0x080003d0   0x080003d0   0x0000005c   Code   RO          227    i.Bsp_Config        user.o
    0x0800042c   0x0800042c   0x00000002   Code   RO          310    i.BusFault_Handler  stm32l1xx_it.o
    0x0800042e   0x0800042e   0x00000002   PAD
    0x08000430   0x08000430   0x000000c0   Code   RO          556    i.CC1110_Config     cc1110.o
    0x080004f0   0x080004f0   0x0000011c   Code   RO            6    i.CC1110_Senddata   main.o
    0x0800060c   0x0800060c   0x00000034   Code   RO          229    i.ControlGPIO_Initt  user.o
    0x08000640   0x08000640   0x00000016   Code   RO         2956    i.DATA_EEPROM_EraseWord  stm32l1xx_flash.o
    0x08000656   0x08000656   0x00000022   Code   RO         2964    i.DATA_EEPROM_ProgramWord  stm32l1xx_flash.o
    0x08000678   0x08000678   0x00000024   Code   RO         2965    i.DATA_EEPROM_Unlock  stm32l1xx_flash.o
    0x0800069c   0x0800069c   0x00000002   Code   RO          311    i.DebugMon_Handler  stm32l1xx_it.o
    0x0800069e   0x0800069e   0x00000002   PAD
    0x080006a0   0x080006a0   0x00000028   Code   RO          312    i.EXTI0_IRQHandler  stm32l1xx_it.o
    0x080006c8   0x080006c8   0x00000028   Code   RO          313    i.EXTI1_IRQHandler  stm32l1xx_it.o
    0x080006f0   0x080006f0   0x0000000c   Code   RO         1714    i.EXTI_ClearITPendingBit  stm32l1xx_exti.o
    0x080006fc   0x080006fc   0x00000020   Code   RO         1718    i.EXTI_GetITStatus  stm32l1xx_exti.o
    0x0800071c   0x0800071c   0x00000070   Code   RO         1719    i.EXTI_Init         stm32l1xx_exti.o
    0x0800078c   0x0800078c   0x000000f8   Code   RO          230    i.EnterLowPower     user.o
    0x08000884   0x08000884   0x0000000c   Code   RO         2966    i.FLASH_ClearFlag   stm32l1xx_flash.o
    0x08000890   0x08000890   0x00000028   Code   RO         2970    i.FLASH_GetStatus   stm32l1xx_flash.o
    0x080008b8   0x080008b8   0x00000010   Code   RO         2972    i.FLASH_Lock        stm32l1xx_flash.o
    0x080008c8   0x080008c8   0x00000018   Code   RO          747    i.FLASH_Read        flash.o
    0x080008e0   0x080008e0   0x000000b8   Code   RO          859    i.FLASH_SPI_Configuration  sst25vf016b_operation.o
    0x08000998   0x08000998   0x0000003a   Code   RO         2994    i.FLASH_WaitForLastOperation  stm32l1xx_flash.o
    0x080009d2   0x080009d2   0x00000002   PAD
    0x080009d4   0x080009d4   0x0000005c   Code   RO          748    i.FLASH_Write       flash.o
    0x08000a30   0x08000a30   0x00000054   Code   RO          860    i.FlashReadID       sst25vf016b_operation.o
    0x08000a84   0x08000a84   0x0000009e   Code   RO         1772    i.GPIO_Init         stm32l1xx_gpio.o
    0x08000b22   0x08000b22   0x00000020   Code   RO         1773    i.GPIO_PinAFConfig  stm32l1xx_gpio.o
    0x08000b42   0x08000b42   0x00000004   Code   RO         1779    i.GPIO_ResetBits    stm32l1xx_gpio.o
    0x08000b46   0x08000b46   0x00000004   Code   RO         1780    i.GPIO_SetBits      stm32l1xx_gpio.o
    0x08000b4a   0x08000b4a   0x00000002   PAD
    0x08000b4c   0x08000b4c   0x00000098   Code   RO          531    i.Get_ADC           adc.o
    0x08000be4   0x08000be4   0x00000002   Code   RO          314    i.HardFault_Handler  stm32l1xx_it.o
    0x08000be6   0x08000be6   0x00000002   PAD
    0x08000be8   0x08000be8   0x000000b0   Code   RO          781    i.Infrared_Config   infrared.o
    0x08000c98   0x08000c98   0x00000054   Code   RO          407    i.LCD_CLS           oled.o
    0x08000cec   0x08000cec   0x000000b0   Code   RO          408    i.LCD_Init          oled.o
    0x08000d9c   0x08000d9c   0x0000006c   Code   RO          409    i.LCD_P16x16Ch      oled.o
    0x08000e08   0x08000e08   0x00000060   Code   RO          411    i.LCD_P6x8Str       oled.o
    0x08000e68   0x08000e68   0x00000090   Code   RO          412    i.LCD_P8x16Str      oled.o
    0x08000ef8   0x08000ef8   0x00000034   Code   RO          413    i.LCD_Set_Pos       oled.o
    0x08000f2c   0x08000f2c   0x0000001c   Code   RO          414    i.LCD_WrCmd         oled.o
    0x08000f48   0x08000f48   0x0000001c   Code   RO          415    i.LCD_WrDat         oled.o
    0x08000f64   0x08000f64   0x00000014   Code   RO          631    i.LED_Control       other.o
    0x08000f78   0x08000f78   0x0000003c   Code   RO          633    i.Led_Control_GPIO  other.o
    0x08000fb4   0x08000fb4   0x00000002   Code   RO          315    i.MemManage_Handler  stm32l1xx_it.o
    0x08000fb6   0x08000fb6   0x00000002   Code   RO          316    i.NMI_Handler       stm32l1xx_it.o
    0x08000fb8   0x08000fb8   0x00000076   Code   RO          638    i.NVIC_Config       other.o
    0x0800102e   0x0800102e   0x00000002   PAD
    0x08001030   0x08001030   0x00000064   Code   RO         1441    i.NVIC_Init         misc.o
    0x08001094   0x08001094   0x00000014   Code   RO         1442    i.NVIC_PriorityGroupConfig  misc.o
    0x080010a8   0x080010a8   0x00000024   Code   RO          416    i.OLED_WB           oled.o
    0x080010cc   0x080010cc   0x0000002e   Code   RO            9    i.PD_WAKEUP_Int     main.o
    0x080010fa   0x080010fa   0x00000002   PAD
    0x080010fc   0x080010fc   0x00000010   Code   RO         2181    i.PWR_ClearFlag     stm32l1xx_pwr.o
    0x0800110c   0x0800110c   0x00000034   Code   RO         2185    i.PWR_EnterSTOPMode  stm32l1xx_pwr.o
    0x08001140   0x08001140   0x0000000c   Code   RO         2187    i.PWR_FastWakeUpCmd  stm32l1xx_pwr.o
    0x0800114c   0x0800114c   0x0000000c   Code   RO         2191    i.PWR_RTCAccessCmd  stm32l1xx_pwr.o
    0x08001158   0x08001158   0x0000000c   Code   RO         2192    i.PWR_UltraLowPowerCmd  stm32l1xx_pwr.o
    0x08001164   0x08001164   0x00000002   Code   RO          317    i.PendSV_Handler    stm32l1xx_it.o
    0x08001166   0x08001166   0x00000002   PAD
    0x08001168   0x08001168   0x00000014   Code   RO          639    i.Power_Control     other.o
    0x0800117c   0x0800117c   0x0000003c   Code   RO          640    i.Power_Control_GPIO  other.o
    0x080011b8   0x080011b8   0x00000018   Code   RO         1865    i.RCC_AHBPeriphClockCmd  stm32l1xx_rcc.o
    0x080011d0   0x080011d0   0x00000018   Code   RO         1868    i.RCC_APB1PeriphClockCmd  stm32l1xx_rcc.o
    0x080011e8   0x080011e8   0x00000018   Code   RO         1871    i.RCC_APB2PeriphClockCmd  stm32l1xx_rcc.o
    0x08001200   0x08001200   0x00000034   Code   RO          232    i.RCC_Config        user.o
    0x08001234   0x08001234   0x00000044   Code   RO         1879    i.RCC_DeInit        stm32l1xx_rcc.o
    0x08001278   0x08001278   0x000000a8   Code   RO         1880    i.RCC_GetClocksFreq  stm32l1xx_rcc.o
    0x08001320   0x08001320   0x00000028   Code   RO         1881    i.RCC_GetFlagStatus  stm32l1xx_rcc.o
    0x08001348   0x08001348   0x00000010   Code   RO         1885    i.RCC_HSEConfig     stm32l1xx_rcc.o
    0x08001358   0x08001358   0x0000000c   Code   RO         1886    i.RCC_HSICmd        stm32l1xx_rcc.o
    0x08001364   0x08001364   0x00000010   Code   RO         1889    i.RCC_LSEConfig     stm32l1xx_rcc.o
    0x08001374   0x08001374   0x00000014   Code   RO         1893    i.RCC_MSIRangeConfig  stm32l1xx_rcc.o
    0x08001388   0x08001388   0x0000000c   Code   RO         1898    i.RCC_RTCCLKCmd     stm32l1xx_rcc.o
    0x08001394   0x08001394   0x00000034   Code   RO         1899    i.RCC_RTCCLKConfig  stm32l1xx_rcc.o
    0x080013c8   0x080013c8   0x00000014   Code   RO         1901    i.RCC_SYSCLKConfig  stm32l1xx_rcc.o
    0x080013dc   0x080013dc   0x00000012   Code   RO          976    i.RTC_Bcd2ToByte    stm32l1xx_rtc.o
    0x080013ee   0x080013ee   0x00000018   Code   RO          978    i.RTC_ByteToBcd2    stm32l1xx_rtc.o
    0x08001406   0x08001406   0x00000002   PAD
    0x08001408   0x08001408   0x0000001c   Code   RO          981    i.RTC_ClearFlag     stm32l1xx_rtc.o
    0x08001424   0x08001424   0x00000050   Code   RO          803    i.RTC_ClkConfig     rtc.o
    0x08001474   0x08001474   0x0000003c   Code   RO          988    i.RTC_EnterInitMode  stm32l1xx_rtc.o
    0x080014b0   0x080014b0   0x00000010   Code   RO          989    i.RTC_ExitInitMode  stm32l1xx_rtc.o
    0x080014c0   0x080014c0   0x00000048   Code   RO          992    i.RTC_GetDate       stm32l1xx_rtc.o
    0x08001508   0x08001508   0x00000040   Code   RO          994    i.RTC_GetITStatus   stm32l1xx_rtc.o
    0x08001548   0x08001548   0x0000004c   Code   RO          997    i.RTC_GetTime       stm32l1xx_rtc.o
    0x08001594   0x08001594   0x00000016   Code   RO          804    i.RTC_GetTimeDate   rtc.o
    0x080015aa   0x080015aa   0x00000002   PAD
    0x080015ac   0x080015ac   0x00000040   Code   RO         1001    i.RTC_ITConfig      stm32l1xx_rtc.o
    0x080015ec   0x080015ec   0x0000009c   Code   RO         1008    i.RTC_SetDate       stm32l1xx_rtc.o
    0x08001688   0x08001688   0x000000a0   Code   RO         1009    i.RTC_SetTime       stm32l1xx_rtc.o
    0x08001728   0x08001728   0x00000040   Code   RO          805    i.RTC_SetTimeDate   rtc.o
    0x08001768   0x08001768   0x0000001c   Code   RO         1010    i.RTC_SetWakeUpCounter  stm32l1xx_rtc.o
    0x08001784   0x08001784   0x0000002c   Code   RO          806    i.RTC_WKUP_IRQHandler  rtc.o
    0x080017b0   0x080017b0   0x00000048   Code   RO         1023    i.RTC_WaitForSynchro  stm32l1xx_rtc.o
    0x080017f8   0x080017f8   0x00000028   Code   RO         1024    i.RTC_WakeUpClockConfig  stm32l1xx_rtc.o
    0x08001820   0x08001820   0x00000078   Code   RO          807    i.RTC_WakeUp_IRQInit  rtc.o
    0x08001898   0x08001898   0x00000028   Code   RO          808    i.RTC_WakeUp_init   rtc.o
    0x080018c0   0x080018c0   0x00000010   Code   RO          861    i.Read_AddressWrite  sst25vf016b_operation.o
    0x080018d0   0x080018d0   0x00000034   Code   RO          862    i.SPISend           sst25vf016b_operation.o
    0x08001904   0x08001904   0x00000014   Code   RO         1313    i.SPI_Cmd           stm32l1xx_spi.o
    0x08001918   0x08001918   0x000000f0   Code   RO          726    i.SPI_Configuration  spi.o
    0x08001a08   0x08001a08   0x00000070   Code   RO          863    i.SPI_FLASH_Write   sst25vf016b_operation.o
    0x08001a78   0x08001a78   0x0000000e   Code   RO         1321    i.SPI_I2S_GetFlagStatus  stm32l1xx_spi.o
    0x08001a86   0x08001a86   0x00000004   Code   RO         1324    i.SPI_I2S_ReceiveData  stm32l1xx_spi.o
    0x08001a8a   0x08001a8a   0x00000004   Code   RO         1325    i.SPI_I2S_SendData  stm32l1xx_spi.o
    0x08001a8e   0x08001a8e   0x00000030   Code   RO         1326    i.SPI_Init          stm32l1xx_spi.o
    0x08001abe   0x08001abe   0x00000002   PAD
    0x08001ac0   0x08001ac0   0x0000004c   Code   RO          865    i.SST25VF016B_4KBErase  sst25vf016b_operation.o
    0x08001b0c   0x08001b0c   0x0000000c   Code   RO          868    i.SST25VF016B_IsBusy  sst25vf016b_operation.o
    0x08001b18   0x08001b18   0x00000068   Code   RO          869    i.SST25VF016B_Read  sst25vf016b_operation.o
    0x08001b80   0x08001b80   0x00000030   Code   RO          870    i.SST25VF016B_ReadReg  sst25vf016b_operation.o
    0x08001bb0   0x08001bb0   0x00000098   Code   RO          871    i.SST25VF016B_Write  sst25vf016b_operation.o
    0x08001c48   0x08001c48   0x00000038   Code   RO          872    i.SST25VF016B_WriteEnable  sst25vf016b_operation.o
    0x08001c80   0x08001c80   0x0000003e   Code   RO          873    i.SST25VF016B_Write_NoCheck  sst25vf016b_operation.o
    0x08001cbe   0x08001cbe   0x00000002   PAD
    0x08001cc0   0x08001cc0   0x00000064   Code   RO          874    i.SST25VF016B_Write_Page  sst25vf016b_operation.o
    0x08001d24   0x08001d24   0x00000002   Code   RO          318    i.SVC_Handler       stm32l1xx_it.o
    0x08001d26   0x08001d26   0x00000002   PAD
    0x08001d28   0x08001d28   0x00000028   Code   RO         3209    i.SYSCFG_EXTILineConfig  stm32l1xx_syscfg.o
    0x08001d50   0x08001d50   0x00000024   Code   RO          809    i.SYS_RTCInit       rtc.o
    0x08001d74   0x08001d74   0x00000058   Code   RO           11    i.SendMsg_Int       main.o
    0x08001dcc   0x08001dcc   0x000000a0   Code   RO          497    i.SetSysClock       system_stm32l1xx.o
    0x08001e6c   0x08001e6c   0x00000018   Code   RO         1445    i.SysTick_CLKSourceConfig  misc.o
    0x08001e84   0x08001e84   0x00000002   Code   RO          319    i.SysTick_Handler   stm32l1xx_it.o
    0x08001e86   0x08001e86   0x00000002   PAD
    0x08001e88   0x08001e88   0x00000054   Code   RO          499    i.SystemInit        system_stm32l1xx.o
    0x08001edc   0x08001edc   0x0000002e   Code   RO         2459    i.TI1_Config        stm32l1xx_tim.o
    0x08001f0a   0x08001f0a   0x00000036   Code   RO         2460    i.TI2_Config        stm32l1xx_tim.o
    0x08001f40   0x08001f40   0x00000058   Code   RO          320    i.TIM2_IRQHandler   stm32l1xx_it.o
    0x08001f98   0x08001f98   0x000000bc   Code   RO          321    i.TIM4_IRQHandler   stm32l1xx_it.o
    0x08002054   0x08002054   0x00000006   Code   RO         2464    i.TIM_ClearITPendingBit  stm32l1xx_tim.o
    0x0800205a   0x0800205a   0x00000014   Code   RO         2469    i.TIM_Cmd           stm32l1xx_tim.o
    0x0800206e   0x0800206e   0x00000004   Code   RO         2487    i.TIM_GetCounter    stm32l1xx_tim.o
    0x08002072   0x08002072   0x00000018   Code   RO         2489    i.TIM_GetITStatus   stm32l1xx_tim.o
    0x0800208a   0x0800208a   0x000000ac   Code   RO         2491    i.TIM_ICInit        stm32l1xx_tim.o
    0x08002136   0x08002136   0x00000010   Code   RO         2493    i.TIM_ITConfig      stm32l1xx_tim.o
    0x08002146   0x08002146   0x00000004   Code   RO         2531    i.TIM_SetCounter    stm32l1xx_tim.o
    0x0800214a   0x0800214a   0x00000010   Code   RO         2532    i.TIM_SetIC1Prescaler  stm32l1xx_tim.o
    0x0800215a   0x0800215a   0x00000018   Code   RO         2533    i.TIM_SetIC2Prescaler  stm32l1xx_tim.o
    0x08002172   0x08002172   0x00000010   Code   RO         2534    i.TIM_SetIC3Prescaler  stm32l1xx_tim.o
    0x08002182   0x08002182   0x00000018   Code   RO         2535    i.TIM_SetIC4Prescaler  stm32l1xx_tim.o
    0x0800219a   0x0800219a   0x00000002   PAD
    0x0800219c   0x0800219c   0x0000005c   Code   RO         2537    i.TIM_TimeBaseInit  stm32l1xx_tim.o
    0x080021f8   0x080021f8   0x00000050   Code   RO          642    i.Timer_Config      other.o
    0x08002248   0x08002248   0x0000005c   Code   RO          560    i.USART3_IRQHandler  cc1110.o
    0x080022a4   0x080022a4   0x00000014   Code   RO         2279    i.USART_Cmd         stm32l1xx_usart.o
    0x080022b8   0x080022b8   0x0000003e   Code   RO         2283    i.USART_GetITStatus  stm32l1xx_usart.o
    0x080022f6   0x080022f6   0x00000030   Code   RO         2285    i.USART_ITConfig    stm32l1xx_usart.o
    0x08002326   0x08002326   0x00000002   PAD
    0x08002328   0x08002328   0x000000a4   Code   RO         2286    i.USART_Init        stm32l1xx_usart.o
    0x080023cc   0x080023cc   0x00000008   Code   RO         2293    i.USART_ReceiveData  stm32l1xx_usart.o
    0x080023d4   0x080023d4   0x00000078   Code   RO          875    i.Uart_TxHistoryData  sst25vf016b_operation.o
    0x0800244c   0x0800244c   0x00000002   Code   RO          322    i.UsageFault_Handler  stm32l1xx_it.o
    0x0800244e   0x0800244e   0x00000002   PAD
    0x08002450   0x08002450   0x0000005c   Code   RO          233    i.Wake_Config       user.o
    0x080024ac   0x080024ac   0x0000000e   Code   RO         3358    i.__scatterload_copy  mc_w.l(handlers.o)
    0x080024ba   0x080024ba   0x00000002   Code   RO         3359    i.__scatterload_null  mc_w.l(handlers.o)
    0x080024bc   0x080024bc   0x0000000e   Code   RO         3360    i.__scatterload_zeroinit  mc_w.l(handlers.o)
    0x080024ca   0x080024ca   0x00000002   PAD
    0x080024cc   0x080024cc   0x0000003c   Code   RO          234    i.delay_init        user.o
    0x08002508   0x08002508   0x00000034   Code   RO          235    i.delay_ms          user.o
    0x0800253c   0x0800253c   0x00000034   Code   RO          236    i.delay_us          user.o
    0x08002570   0x08002570   0x0000005e   Code   RO           12    i.itoa              main.o
    0x080025ce   0x080025ce   0x00000002   PAD
    0x080025d0   0x080025d0   0x000003f4   Code   RO           13    i.main              main.o
    0x080029c4   0x080029c4   0x00000040   Data   RO          417    .constdata          oled.o
    0x08002a04   0x08002a04   0x00000100   Data   RO          418    .constdata          oled.o
    0x08002b04   0x08002b04   0x00000818   Data   RO          423    .constdata          oled.o
    0x0800331c   0x0800331c   0x00000020   Data   RO         3356    Region$$Table       anon$$obj.o


    Execution Region ER_RW (Exec base: 0x20000000, Load base: 0x0800333c, Size: 0x000000ec, Max: 0xffffffff, ABSOLUTE)

    Exec Addr    Load Addr    Size         Type   Attr      Idx    E Section Name        Object

    0x20000000   0x0800333c   0x00000044   Data   RW           15    .data               main.o
    0x20000044   0x08003380   0x00000004   Data   RW          238    .data               user.o
    0x20000048   0x08003384   0x00000008   Data   RW          324    .data               stm32l1xx_it.o
    0x20000050   0x0800338c   0x0000001d   Data   RW          500    .data               system_stm32l1xx.o
    0x2000006d   0x080033a9   0x00000003   PAD
    0x20000070   0x080033ac   0x00000010   Data   RW          533    .data               adc.o
    0x20000080   0x080033bc   0x00000016   Data   RW          564    .data               cc1110.o
    0x20000096   0x080033d2   0x00000002   PAD
    0x20000098   0x080033d4   0x0000000c   Data   RW          750    .data               flash.o
    0x200000a4   0x080033e0   0x00000020   Data   RW          811    .data               rtc.o
    0x200000c4   0x08003400   0x0000000c   Data   RW          877    .data               sst25vf016b_operation.o
    0x200000d0   0x0800340c   0x00000019   Data   RW         1903    .data               stm32l1xx_rcc.o


    Execution Region ER_ZI (Exec base: 0x200000ec, Load base: 0x08003428, Size: 0x000014e4, Max: 0xffffffff, ABSOLUTE)

    Exec Addr    Load Addr    Size         Type   Attr      Idx    E Section Name        Object

    0x200000ec        -       0x00000040   Zero   RW           14    .bss                main.o
    0x2000012c        -       0x00000010   Zero   RW          237    .bss                user.o
    0x2000013c        -       0x00000084   Zero   RW          323    .bss                stm32l1xx_it.o
    0x200001c0        -       0x0000000c   Zero   RW          810    .bss                rtc.o
    0x200001cc        -       0x00001000   Zero   RW          876    .bss                sst25vf016b_operation.o
    0x200011cc   0x08003428   0x00000004   PAD
    0x200011d0        -       0x00000400   Zero   RW          489    STACK               startup_stm32l1xx_md.o


==============================================================================

Image component sizes


      Code (inc. data)   RO Data    RW Data    ZI Data      Debug   Object Name

       300         20          0         16          0       1932   adc.o
       284         26          0         22          0       3737   cc1110.o
       116          4          0         12          0       2124   flash.o
       176         14          0          0          0        802   infrared.o
      1584        106          0         68         64     274014   main.o
       144         14          0          0          0       2057   misc.o
       752         32       2392          0          0       7850   oled.o
       402         38          0          0          0       4194   other.o
       406         22          0         32         12       4701   rtc.o
       240         14          0          0          0        748   spi.o
      1178         70          0         12       4096      10425   sst25vf016b_operation.o
        36          8        244          0       1024        772   startup_stm32l1xx_md.o
       350         10          0          0          0       6847   stm32l1xx_adc.o
       156         14          0          0          0       2192   stm32l1xx_exti.o
       218         28          0          0          0       4847   stm32l1xx_flash.o
       198          0          0          0          0       2855   stm32l1xx_gpio.o
       374         38          0          8        132       7170   stm32l1xx_it.o
       104         32          0          0          0       2654   stm32l1xx_pwr.o
       496         94          0         25          0       9235   stm32l1xx_rcc.o
       878         76          0          0          0       9848   stm32l1xx_rtc.o
        90          0          0          0          0       3270   stm32l1xx_spi.o
        40          6          0          0          0        660   stm32l1xx_syscfg.o
       518         22          0          0          0       9944   stm32l1xx_tim.o
       302          6          0          0          0       4250   stm32l1xx_usart.o
       244         30          0         29          0       2133   system_stm32l1xx.o
       700         86          0          4         16      21258   user.o

    ----------------------------------------------------------------------
     10324        810       2668        236       5348     400519   Object Totals
         0          0         32          0          0          0   (incl. Generated)
        38          0          0          8          4          0   (incl. Padding)

    ----------------------------------------------------------------------

      Code (inc. data)   RO Data    RW Data    ZI Data      Debug   Library Member Name

         0          0          0          0          0          0   entry.o
         0          0          0          0          0          0   entry10a.o
         0          0          0          0          0          0   entry11a.o
         8          4          0          0          0          0   entry2.o
         4          0          0          0          0          0   entry5.o
         0          0          0          0          0          0   entry7b.o
         0          0          0          0          0          0   entry8b.o
         8          4          0          0          0          0   entry9a.o
        30          0          0          0          0          0   handlers.o
        36          8          0          0          0         68   init.o
        36          0          0          0          0        108   memseta.o

    ----------------------------------------------------------------------
       124         16          0          0          0        176   Library Totals
         2          0          0          0          0          0   (incl. Padding)

    ----------------------------------------------------------------------

      Code (inc. data)   RO Data    RW Data    ZI Data      Debug   Library Name

       122         16          0          0          0        176   mc_w.l

    ----------------------------------------------------------------------
       124         16          0          0          0        176   Library Totals

    ----------------------------------------------------------------------

==============================================================================


      Code (inc. data)   RO Data    RW Data    ZI Data      Debug   

     10448        826       2668        236       5348     392891   Grand Totals
     10448        826       2668        236       5348     392891   ELF Image Totals
     10448        826       2668        236          0          0   ROM Totals

==============================================================================

    Total RO  Size (Code + RO Data)                13116 (  12.81kB)
    Total RW  Size (RW Data + ZI Data)              5584 (   5.45kB)
    Total ROM Size (Code + RO Data + RW Data)      13352 (  13.04kB)

==============================================================================

